Archive member included to satisfy reference by file (symbol)

c:/progra~2/gnuarm~1/102020~1/bin/../lib/gcc/arm-none-eabi/10.2.1/thumb/v7-m/nofp\libgcc.a(_arm_mulsf3.o)
                              CMakeFiles/FOC_v1.2.elf.dir/Core/Src/main.c.obj (__aeabi_fmul)
c:/progra~2/gnuarm~1/102020~1/bin/../lib/gcc/arm-none-eabi/10.2.1/thumb/v7-m/nofp\libgcc.a(_arm_addsubdf3.o)
                              CMakeFiles/FOC_v1.2.elf.dir/Hardware/foc_ctrl.c.obj (__aeabi_dadd)
c:/progra~2/gnuarm~1/102020~1/bin/../lib/gcc/arm-none-eabi/10.2.1/thumb/v7-m/nofp\libgcc.a(_arm_truncdfsf2.o)
                              CMakeFiles/FOC_v1.2.elf.dir/Hardware/foc_ctrl.c.obj (__aeabi_d2f)
c:/progra~2/gnuarm~1/102020~1/bin/../lib/gcc/arm-none-eabi/10.2.1/thumb/v7-m/nofp\libgcc.a(_arm_addsubsf3.o)
                              CMakeFiles/FOC_v1.2.elf.dir/Core/Src/main.c.obj (__aeabi_fsub)
c:/progra~2/gnuarm~1/102020~1/bin/../lib/gcc/arm-none-eabi/10.2.1/thumb/v7-m/nofp\libgcc.a(_arm_muldivsf3.o)
                              CMakeFiles/FOC_v1.2.elf.dir/Core/Src/main.c.obj (__aeabi_fdiv)
c:/progra~2/gnuarm~1/102020~1/bin/../lib/gcc/arm-none-eabi/10.2.1/thumb/v7-m/nofp\libgcc.a(_arm_cmpsf2.o)
                              CMakeFiles/FOC_v1.2.elf.dir/Hardware/foc_ctrl.c.obj (__aeabi_fcmplt)
c:/progra~2/gnuarm~1/102020~1/bin/../lib/gcc/arm-none-eabi/10.2.1/thumb/v7-m/nofp\libgcc.a(_arm_fixunssfsi.o)
                              CMakeFiles/FOC_v1.2.elf.dir/Hardware/foc_ctrl.c.obj (__aeabi_f2uiz)
c:/progra~2/gnuarm~1/102020~1/bin/../lib/gcc/arm-none-eabi/10.2.1/../../../../arm-none-eabi/lib/thumb/v7-m/nofp\libg.a(lib_a-errno.o)
                              CMakeFiles/FOC_v1.2.elf.dir/Core/Src/syscalls.c.obj (__errno)
c:/progra~2/gnuarm~1/102020~1/bin/../lib/gcc/arm-none-eabi/10.2.1/../../../../arm-none-eabi/lib/thumb/v7-m/nofp\libg.a(lib_a-exit.o)
                              c:/progra~2/gnuarm~1/102020~1/bin/../lib/gcc/arm-none-eabi/10.2.1/../../../../arm-none-eabi/lib/thumb/v7-m/nofp/crt0.o (exit)
c:/progra~2/gnuarm~1/102020~1/bin/../lib/gcc/arm-none-eabi/10.2.1/../../../../arm-none-eabi/lib/thumb/v7-m/nofp\libg.a(lib_a-impure.o)
                              c:/progra~2/gnuarm~1/102020~1/bin/../lib/gcc/arm-none-eabi/10.2.1/../../../../arm-none-eabi/lib/thumb/v7-m/nofp\libg.a(lib_a-exit.o) (_global_impure_ptr)
c:/progra~2/gnuarm~1/102020~1/bin/../lib/gcc/arm-none-eabi/10.2.1/../../../../arm-none-eabi/lib/thumb/v7-m/nofp\libg.a(lib_a-init.o)
                              c:/progra~2/gnuarm~1/102020~1/bin/../lib/gcc/arm-none-eabi/10.2.1/../../../../arm-none-eabi/lib/thumb/v7-m/nofp/crt0.o (__libc_init_array)
c:/progra~2/gnuarm~1/102020~1/bin/../lib/gcc/arm-none-eabi/10.2.1/../../../../arm-none-eabi/lib/thumb/v7-m/nofp\libg.a(lib_a-memset.o)
                              c:/progra~2/gnuarm~1/102020~1/bin/../lib/gcc/arm-none-eabi/10.2.1/../../../../arm-none-eabi/lib/thumb/v7-m/nofp/crt0.o (memset)
c:/progra~2/gnuarm~1/102020~1/bin/../lib/gcc/arm-none-eabi/10.2.1/../../../../arm-none-eabi/lib/thumb/v7-m/nofp\libg.a(lib_a-printf.o)
                              CMakeFiles/FOC_v1.2.elf.dir/Hardware/foc_ctrl.c.obj (printf)
c:/progra~2/gnuarm~1/102020~1/bin/../lib/gcc/arm-none-eabi/10.2.1/../../../../arm-none-eabi/lib/thumb/v7-m/nofp\libg.a(lib_a-vfprintf.o)
                              c:/progra~2/gnuarm~1/102020~1/bin/../lib/gcc/arm-none-eabi/10.2.1/../../../../arm-none-eabi/lib/thumb/v7-m/nofp\libg.a(lib_a-printf.o) (_vfprintf_r)
c:/progra~2/gnuarm~1/102020~1/bin/../lib/gcc/arm-none-eabi/10.2.1/../../../../arm-none-eabi/lib/thumb/v7-m/nofp\libg.a(lib_a-wsetup.o)
                              c:/progra~2/gnuarm~1/102020~1/bin/../lib/gcc/arm-none-eabi/10.2.1/../../../../arm-none-eabi/lib/thumb/v7-m/nofp\libg.a(lib_a-vfprintf.o) (__swsetup_r)
c:/progra~2/gnuarm~1/102020~1/bin/../lib/gcc/arm-none-eabi/10.2.1/../../../../arm-none-eabi/lib/thumb/v7-m/nofp\libg.a(lib_a-__call_atexit.o)
                              c:/progra~2/gnuarm~1/102020~1/bin/../lib/gcc/arm-none-eabi/10.2.1/../../../../arm-none-eabi/lib/thumb/v7-m/nofp\libg.a(lib_a-exit.o) (__call_exitprocs)
c:/progra~2/gnuarm~1/102020~1/bin/../lib/gcc/arm-none-eabi/10.2.1/../../../../arm-none-eabi/lib/thumb/v7-m/nofp\libg.a(lib_a-atexit.o)
                              c:/progra~2/gnuarm~1/102020~1/bin/../lib/gcc/arm-none-eabi/10.2.1/../../../../arm-none-eabi/lib/thumb/v7-m/nofp\libg.a(lib_a-__call_atexit.o) (atexit)
c:/progra~2/gnuarm~1/102020~1/bin/../lib/gcc/arm-none-eabi/10.2.1/../../../../arm-none-eabi/lib/thumb/v7-m/nofp\libg.a(lib_a-dtoa.o)
                              c:/progra~2/gnuarm~1/102020~1/bin/../lib/gcc/arm-none-eabi/10.2.1/../../../../arm-none-eabi/lib/thumb/v7-m/nofp\libg.a(lib_a-vfprintf.o) (_dtoa_r)
c:/progra~2/gnuarm~1/102020~1/bin/../lib/gcc/arm-none-eabi/10.2.1/../../../../arm-none-eabi/lib/thumb/v7-m/nofp\libg.a(lib_a-fflush.o)
[...]
Memory Configuration

Name             Origin             Length             Attributes
RAM              0x20000000         0x00005000         xrw
FLASH            0x08000000         0x00010000         xr
*default*        0x00000000         0xffffffff

Linker script and memory map

LOAD c:/progra~2/gnuarm~1/102020~1/bin/../lib/gcc/arm-none-eabi/10.2.1/thumb/v7-m/nofp/crti.o
LOAD c:/progra~2/gnuarm~1/102020~1/bin/../lib/gcc/arm-none-eabi/10.2.1/thumb/v7-m/nofp/crtbegin.o
LOAD c:/progra~2/gnuarm~1/102020~1/bin/../lib/gcc/arm-none-eabi/10.2.1/../../../../arm-none-eabi/lib/thumb/v7-m/nofp/crt0.o
LOAD CMakeFiles/FOC_v1.2.elf.dir/Core/Src/adc.c.obj
LOAD CMakeFiles/FOC_v1.2.elf.dir/Core/Src/dma.c.obj
LOAD CMakeFiles/FOC_v1.2.elf.dir/Core/Src/gpio.c.obj
LOAD CMakeFiles/FOC_v1.2.elf.dir/Core/Src/i2c.c.obj
LOAD CMakeFiles/FOC_v1.2.elf.dir/Core/Src/main.c.obj
LOAD CMakeFiles/FOC_v1.2.elf.dir/Core/Src/stm32f1xx_hal_msp.c.obj
LOAD CMakeFiles/FOC_v1.2.elf.dir/Core/Src/stm32f1xx_it.c.obj
LOAD CMakeFiles/FOC_v1.2.elf.dir/Core/Src/syscalls.c.obj
LOAD CMakeFiles/FOC_v1.2.elf.dir/Core/Src/sysmem.c.obj
LOAD CMakeFiles/FOC_v1.2.elf.dir/Core/Src/system_stm32f1xx.c.obj
LOAD CMakeFiles/FOC_v1.2.elf.dir/Core/Src/tim.c.obj
LOAD CMakeFiles/FOC_v1.2.elf.dir/Core/Src/usart.c.obj
LOAD CMakeFiles/FOC_v1.2.elf.dir/Core/Startup/startup_stm32f103c8tx.s.obj
LOAD CMakeFiles/FOC_v1.2.elf.dir/Drivers/STM32F1xx_HAL_Driver/Src/stm32f1xx_hal.c.obj
LOAD CMakeFiles/FOC_v1.2.elf.dir/Drivers/STM32F1xx_HAL_Driver/Src/stm32f1xx_hal_adc.c.obj
LOAD CMakeFiles/FOC_v1.2.elf.dir/Drivers/STM32F1xx_HAL_Driver/Src/stm32f1xx_hal_adc_ex.c.obj
LOAD CMakeFiles/FOC_v1.2.elf.dir/Drivers/STM32F1xx_HAL_Driver/Src/stm32f1xx_hal_cortex.c.obj
LOAD CMakeFiles/FOC_v1.2.elf.dir/Drivers/STM32F1xx_HAL_Driver/Src/stm32f1xx_hal_dma.c.obj
LOAD CMakeFiles/FOC_v1.2.elf.dir/Drivers/STM32F1xx_HAL_Driver/Src/stm32f1xx_hal_exti.c.obj
LOAD CMakeFiles/FOC_v1.2.elf.dir/Drivers/STM32F1xx_HAL_Driver/Src/stm32f1xx_hal_flash.c.obj
LOAD CMakeFiles/FOC_v1.2.elf.dir/Drivers/STM32F1xx_HAL_Driver/Src/stm32f1xx_hal_flash_ex.c.obj
LOAD CMakeFiles/FOC_v1.2.elf.dir/Drivers/STM32F1xx_HAL_Driver/Src/stm32f1xx_hal_gpio.c.obj
LOAD CMakeFiles/FOC_v1.2.elf.dir/Drivers/STM32F1xx_HAL_Driver/Src/stm32f1xx_hal_gpio_ex.c.obj
LOAD CMakeFiles/FOC_v1.2.elf.dir/Drivers/STM32F1xx_HAL_Driver/Src/stm32f1xx_hal_i2c.c.obj
LOAD CMakeFiles/FOC_v1.2.elf.dir/Drivers/STM32F1xx_HAL_Driver/Src/stm32f1xx_hal_pwr.c.obj
LOAD CMakeFiles/FOC_v1.2.elf.dir/Drivers/STM32F1xx_HAL_Driver/Src/stm32f1xx_hal_rcc.c.obj
LOAD CMakeFiles/FOC_v1.2.elf.dir/Drivers/STM32F1xx_HAL_Driver/Src/stm32f1xx_hal_rcc_ex.c.obj
LOAD CMakeFiles/FOC_v1.2.elf.dir/Drivers/STM32F1xx_HAL_Driver/Src/stm32f1xx_hal_tim.c.obj
LOAD CMakeFiles/FOC_v1.2.elf.dir/Drivers/STM32F1xx_HAL_Driver/Src/stm32f1xx_hal_tim_ex.c.obj
LOAD CMakeFiles/FOC_v1.2.elf.dir/Drivers/STM32F1xx_HAL_Driver/Src/stm32f1xx_hal_uart.c.obj
LOAD CMakeFiles/FOC_v1.2.elf.dir/Hardware/AS5600.c.obj
LOAD CMakeFiles/FOC_v1.2.elf.dir/Hardware/foc_ctrl.c.obj
LOAD CMakeFiles/FOC_v1.2.elf.dir/Hardware/pid.c.obj
START GROUP
LOAD c:/progra~2/gnuarm~1/102020~1/bin/../lib/gcc/arm-none-eabi/10.2.1/thumb/v7-m/nofp\libgcc.a
LOAD c:/progra~2/gnuarm~1/102020~1/bin/../lib/gcc/arm-none-eabi/10.2.1/../../../../arm-none-eabi/lib/thumb/v7-m/nofp\libg.a
LOAD c:/progra~2/gnuarm~1/102020~1/bin/../lib/gcc/arm-none-eabi/10.2.1/../../../../arm-none-eabi/lib/thumb/v7-m/nofp\libc.a
END GROUP
LOAD c:/progra~2/gnuarm~1/102020~1/bin/../lib/gcc/arm-none-eabi/10.2.1/thumb/v7-m/nofp/crtend.o
LOAD c:/progra~2/gnuarm~1/102020~1/bin/../lib/gcc/arm-none-eabi/10.2.1/thumb/v7-m/nofp/crtn.o
                0x20005000                _estack = (ORIGIN (RAM) + LENGTH (RAM))
                0x00000200                _Min_Heap_Size = 0x200
                0x00000400                _Min_Stack_Size = 0x400

.isr_vector     0x08000000      0x10c
                0x08000000                . = ALIGN (0x4)
 *(.isr_vector)
 .isr_vector    0x08000000      0x10c CMakeFiles/FOC_v1.2.elf.dir/Core/Startup/startup_stm32f103c8tx.s.obj
                0x08000000                g_pfnVectors
                0x0800010c                . = ALIGN (0x4)

.text           0x08000110     0xbd84
                0x08000110                . = ALIGN (0x4)
 *(.text)
 .text          0x08000110       0x40 c:/progra~2/gnuarm~1/102020~1/bin/../lib/gcc/arm-none-eabi/10.2.1/thumb/v7-m/nofp/crtbegin.o
 .text          0x08000150      0x378 c:/progra~2/gnuarm~1/102020~1/bin/../lib/gcc/arm-none-eabi/10.2.1/thumb/v7-m/nofp\libgcc.a(_arm_addsubdf3.o)
                0x08000150                __aeabi_drsub
                0x08000158                __aeabi_dsub
                0x08000158                __subdf3
                0x0800015c                __aeabi_dadd
                0x0800015c                __adddf3
                0x080003d4                __floatunsidf
                0x080003d4                __aeabi_ui2d
                0x080003f4                __floatsidf
                0x080003f4                __aeabi_i2d
                0x08000418                __aeabi_f2d
                0x08000418                __extendsfdf2
                0x0800045c                __floatundidf
                0x0800045c                __aeabi_ul2d
                0x0800046c                __floatdidf
                0x0800046c                __aeabi_l2d
 .text          0x080004c8       0xa0 c:/progra~2/gnuarm~1/102020~1/bin/../lib/gcc/arm-none-eabi/10.2.1/thumb/v7-m/nofp\libgcc.a(_arm_truncdfsf2.o)
                0x080004c8                __truncdfsf2
                0x080004c8                __aeabi_d2f
 .text          0x08000568      0x21c c:/progra~2/gnuarm~1/102020~1/bin/../lib/gcc/arm-none-eabi/10.2.1/thumb/v7-m/nofp\libgcc.a(_arm_addsubsf3.o)
                0x08000568                __aeabi_frsub
                0x08000570                __subsf3
                0x08000570                __aeabi_fsub
                0x08000574                __aeabi_fadd
                0x08000574                __addsf3
                0x080006d4                __aeabi_ui2f
                0x080006d4                __floatunsisf
                0x080006dc                __aeabi_i2f
                0x080006dc                __floatsisf
                0x080006f8                __aeabi_ul2f
                0x080006f8                __floatundisf
                0x08000708                __aeabi_l2f
                0x08000708                __floatdisf
 .text          0x08000784      0x2a0 c:/progra~2/gnuarm~1/102020~1/bin/../lib/gcc/arm-none-eabi/10.2.1/thumb/v7-m/nofp\libgcc.a(_arm_muldivsf3.o)
                0x08000784                __mulsf3
                0x08000784                __aeabi_fmul
                0x080008ec                __aeabi_fdiv
                0x080008ec                __divsf3
 .text          0x08000a24       0xec c:/progra~2/gnuarm~1/102020~1/bin/../lib/gcc/arm-none-eabi/10.2.1/thumb/v7-m/nofp\libgcc.a(_arm_cmpsf2.o)
                0x08000a24                __gesf2
                0x08000a24                __gtsf2
                0x08000a2c                __lesf2
                0x08000a2c                __ltsf2
                0x08000a34                __nesf2
                0x08000a34                __eqsf2
                0x08000a34                __cmpsf2
                0x08000a94                __aeabi_cfrcmple
                0x08000a9c                __aeabi_cfcmpeq
                0x08000a9c                __aeabi_cfcmple
                0x08000aac                __aeabi_fcmpeq
                0x08000ac0                __aeabi_fcmplt
                0x08000ad4                __aeabi_fcmple
                0x08000ae8                __aeabi_fcmpge
                0x08000afc                __aeabi_fcmpgt
 .text          0x08000b10       0x40 c:/progra~2/gnuarm~1/102020~1/bin/../lib/gcc/arm-none-eabi/10.2.1/thumb/v7-m/nofp\libgcc.a(_arm_fixunssfsi.o)
                0x08000b10                __fixunssfsi
                0x08000b10                __aeabi_f2uiz
 .text          0x08000b50       0xec c:/progra~2/gnuarm~1/102020~1/bin/../lib/gcc/arm-none-eabi/10.2.1/../../../../arm-none-eabi/lib/thumb/v7-m/nofp\libg.a(lib_a-memcpy.o)
                0x08000b50                memcpy
 .text          0x08000c3c      0x424 c:/progra~2/gnuarm~1/102020~1/bin/../lib/gcc/arm-none-eabi/10.2.1/thumb/v7-m/nofp\libgcc.a(_arm_muldivdf3.o)
                0x08000c3c                __aeabi_dmul
                0x08000c3c                __muldf3
                0x08000e90                __divdf3
                0x08000e90                __aeabi_ddiv
 .text          0x08001060      0x110 c:/progra~2/gnuarm~1/102020~1/bin/../lib/gcc/arm-none-eabi/10.2.1/thumb/v7-m/nofp\libgcc.a(_arm_cmpdf2.o)
                0x08001060                __gtdf2
                0x08001060                __gedf2
                0x08001068                __ltdf2
                0x08001068                __ledf2
                0x08001070                __nedf2
                0x08001070                __eqdf2
                0x08001070                __cmpdf2
                0x080010ec                __aeabi_cdrcmple
                0x080010fc                __aeabi_cdcmpeq
                0x080010fc                __aeabi_cdcmple
                0x0800110c                __aeabi_dcmpeq
                0x08001120                __aeabi_dcmplt
                0x08001134                __aeabi_dcmple
                0x08001148                __aeabi_dcmpge
                0x0800115c                __aeabi_dcmpgt
 .text          0x08001170       0x2c c:/progra~2/gnuarm~1/102020~1/bin/../lib/gcc/arm-none-eabi/10.2.1/thumb/v7-m/nofp\libgcc.a(_arm_unorddf2.o)
                0x08001170                __unorddf2
                0x08001170                __aeabi_dcmpun
 .text          0x0800119c       0x50 c:/progra~2/gnuarm~1/102020~1/bin/../lib/gcc/arm-none-eabi/10.2.1/thumb/v7-m/nofp\libgcc.a(_arm_fixdfsi.o)
                0x0800119c                __aeabi_d2iz
                0x0800119c                __fixdfsi
 .text          0x080011ec       0x30 c:/progra~2/gnuarm~1/102020~1/bin/../lib/gcc/arm-none-eabi/10.2.1/thumb/v7-m/nofp\libgcc.a(_aeabi_uldivmod.o)
                0x080011ec                __aeabi_uldivmod
 .text          0x0800121c      0x2d4 c:/progra~2/gnuarm~1/102020~1/bin/../lib/gcc/arm-none-eabi/10.2.1/thumb/v7-m/nofp\libgcc.a(_udivmoddi4.o)
                0x0800121c                __udivmoddi4
 .text          0x080014f0        0x4 c:/progra~2/gnuarm~1/102020~1/bin/../lib/gcc/arm-none-eabi/10.2.1/thumb/v7-m/nofp\libgcc.a(_dvmd_tls.o)
                0x080014f0                __aeabi_idiv0
                0x080014f0                __aeabi_ldiv0
 *(.text*)
 .text.MX_ADC1_Init
                0x080014f4       0x74 CMakeFiles/FOC_v1.2.elf.dir/Core/Src/adc.c.obj
                0x080014f4                MX_ADC1_Init
 .text.HAL_ADC_MspInit
                0x08001568       0x98 CMakeFiles/FOC_v1.2.elf.dir/Core/Src/adc.c.obj
                0x08001568                HAL_ADC_MspInit
 .text.MX_DMA_Init
                0x08001600       0x34 CMakeFiles/FOC_v1.2.elf.dir/Core/Src/dma.c.obj
                0x08001600                MX_DMA_Init
 .text.MX_GPIO_Init
                0x08001634       0x74 CMakeFiles/FOC_v1.2.elf.dir/Core/Src/gpio.c.obj
                0x08001634                MX_GPIO_Init
 .text.MX_I2C1_Init
                0x080016a8       0x3c CMakeFiles/FOC_v1.2.elf.dir/Core/Src/i2c.c.obj
                0x080016a8                MX_I2C1_Init
 .text.HAL_I2C_MspInit
                0x080016e4       0x64 CMakeFiles/FOC_v1.2.elf.dir/Core/Src/i2c.c.obj
                0x080016e4                HAL_I2C_MspInit
 .text.__io_putchar
                0x08001748       0x20 CMakeFiles/FOC_v1.2.elf.dir/Core/Src/main.c.obj
                0x08001748                __io_putchar
 .text.Error_Handler
                0x08001768        0x4 CMakeFiles/FOC_v1.2.elf.dir/Core/Src/main.c.obj
                0x08001768                Error_Handler
 .text.SystemClock_Config
                0x0800176c       0x84 CMakeFiles/FOC_v1.2.elf.dir/Core/Src/main.c.obj
                0x0800176c                SystemClock_Config
 .text.main     0x080017f0      0x12c CMakeFiles/FOC_v1.2.elf.dir/Core/Src/main.c.obj
                0x080017f0                main
 .text.HAL_MspInit
                0x0800191c       0x44 CMakeFiles/FOC_v1.2.elf.dir/Core/Src/stm32f1xx_hal_msp.c.obj
                0x0800191c                HAL_MspInit
 .text.NMI_Handler
                0x08001960        0x2 CMakeFiles/FOC_v1.2.elf.dir/Core/Src/stm32f1xx_it.c.obj
                0x08001960                NMI_Handler
 .text.HardFault_Handler
                0x08001962        0x2 CMakeFiles/FOC_v1.2.elf.dir/Core/Src/stm32f1xx_it.c.obj
                0x08001962                HardFault_Handler
 .text.MemManage_Handler
                0x08001964        0x2 CMakeFiles/FOC_v1.2.elf.dir/Core/Src/stm32f1xx_it.c.obj
                0x08001964                MemManage_Handler
 .text.BusFault_Handler
                0x08001966        0x2 CMakeFiles/FOC_v1.2.elf.dir/Core/Src/stm32f1xx_it.c.obj
                0x08001966                BusFault_Handler
 .text.UsageFault_Handler
                0x08001968        0x2 CMakeFiles/FOC_v1.2.elf.dir/Core/Src/stm32f1xx_it.c.obj
                0x08001968                UsageFault_Handler
 .text.SVC_Handler
                0x0800196a        0x2 CMakeFiles/FOC_v1.2.elf.dir/Core/Src/stm32f1xx_it.c.obj
                0x0800196a                SVC_Handler
 .text.DebugMon_Handler
                0x0800196c        0x2 CMakeFiles/FOC_v1.2.elf.dir/Core/Src/stm32f1xx_it.c.obj
                0x0800196c                DebugMon_Handler
 .text.PendSV_Handler
                0x0800196e        0x2 CMakeFiles/FOC_v1.2.elf.dir/Core/Src/stm32f1xx_it.c.obj
                0x0800196e                PendSV_Handler
 .text.SysTick_Handler
                0x08001970        0x8 CMakeFiles/FOC_v1.2.elf.dir/Core/Src/stm32f1xx_it.c.obj
                0x08001970                SysTick_Handler
 .text.DMA1_Channel1_IRQHandler
                0x08001978       0x10 CMakeFiles/FOC_v1.2.elf.dir/Core/Src/stm32f1xx_it.c.obj
                0x08001978                DMA1_Channel1_IRQHandler
 .text._getpid  0x08001988        0x4 CMakeFiles/FOC_v1.2.elf.dir/Core/Src/syscalls.c.obj
                0x08001988                _getpid
 .text._kill    0x0800198c       0x10 CMakeFiles/FOC_v1.2.elf.dir/Core/Src/syscalls.c.obj
                0x0800198c                _kill
 .text._exit    0x0800199c        0xc CMakeFiles/FOC_v1.2.elf.dir/Core/Src/syscalls.c.obj
                0x0800199c                _exit
 .text._read    0x080019a8       0x20 CMakeFiles/FOC_v1.2.elf.dir/Core/Src/syscalls.c.obj
                0x080019a8                _read
 .text._write   0x080019c8       0x1c CMakeFiles/FOC_v1.2.elf.dir/Core/Src/syscalls.c.obj
                0x080019c8                _write
 .text._close   0x080019e4        0x6 CMakeFiles/FOC_v1.2.elf.dir/Core/Src/syscalls.c.obj
                0x080019e4                _close
 .text._fstat   0x080019ea        0xa CMakeFiles/FOC_v1.2.elf.dir/Core/Src/syscalls.c.obj
                0x080019ea                _fstat
 .text._isatty  0x080019f4        0x4 CMakeFiles/FOC_v1.2.elf.dir/Core/Src/syscalls.c.obj
                0x080019f4                _isatty
 .text._lseek   0x080019f8        0x4 CMakeFiles/FOC_v1.2.elf.dir/Core/Src/syscalls.c.obj
                0x080019f8                _lseek
 .text._sbrk    0x080019fc       0x48 CMakeFiles/FOC_v1.2.elf.dir/Core/Src/sysmem.c.obj
                0x080019fc                _sbrk
 .text.SystemInit
                0x08001a44        0x2 CMakeFiles/FOC_v1.2.elf.dir/Core/Src/system_stm32f1xx.c.obj
                0x08001a44                SystemInit
 .text.HAL_TIM_Base_MspInit
                0x08001a46       0x26 CMakeFiles/FOC_v1.2.elf.dir/Core/Src/tim.c.obj
                0x08001a46                HAL_TIM_Base_MspInit
 .text.HAL_TIM_MspPostInit
                0x08001a6c       0x84 CMakeFiles/FOC_v1.2.elf.dir/Core/Src/tim.c.obj
                0x08001a6c                HAL_TIM_MspPostInit
 .text.MX_TIM2_Init
                0x08001af0       0xe8 CMakeFiles/FOC_v1.2.elf.dir/Core/Src/tim.c.obj
                0x08001af0                MX_TIM2_Init
 .text.MX_USART1_UART_Init
                0x08001bd8       0x34 CMakeFiles/FOC_v1.2.elf.dir/Core/Src/usart.c.obj
                0x08001bd8                MX_USART1_UART_Init
 .text.HAL_UART_MspInit
                0x08001c0c       0x78 CMakeFiles/FOC_v1.2.elf.dir/Core/Src/usart.c.obj
                0x08001c0c                HAL_UART_MspInit
 .text.Reset_Handler
                0x08001c84       0x48 CMakeFiles/FOC_v1.2.elf.dir/Core/Startup/startup_stm32f103c8tx.s.obj
                0x08001c84                Reset_Handler
 .text.Default_Handler
                0x08001ccc        0x2 CMakeFiles/FOC_v1.2.elf.dir/Core/Startup/startup_stm32f103c8tx.s.obj
                0x08001ccc                RTC_Alarm_IRQHandler
                0x08001ccc                EXTI2_IRQHandler
                0x08001ccc                TIM1_CC_IRQHandler
                0x08001ccc                PVD_IRQHandler
                0x08001ccc                EXTI3_IRQHandler
                0x08001ccc                EXTI0_IRQHandler
                0x08001ccc                I2C2_EV_IRQHandler
                0x08001ccc                ADC1_2_IRQHandler
                0x08001ccc                SPI1_IRQHandler
                0x08001ccc                TAMPER_IRQHandler
                0x08001ccc                DMA1_Channel4_IRQHandler
                0x08001ccc                USART3_IRQHandler
                0x08001ccc                RTC_IRQHandler
                0x08001ccc                DMA1_Channel7_IRQHandler
                0x08001ccc                CAN1_RX1_IRQHandler
                0x08001ccc                TIM4_IRQHandler
                0x08001ccc                I2C1_EV_IRQHandler
                0x08001ccc                DMA1_Channel6_IRQHandler
                0x08001ccc                TIM3_IRQHandler
                0x08001ccc                RCC_IRQHandler
                0x08001ccc                TIM1_TRG_COM_IRQHandler
                0x08001ccc                Default_Handler
                0x08001ccc                EXTI15_10_IRQHandler
                0x08001ccc                EXTI9_5_IRQHandler
                0x08001ccc                SPI2_IRQHandler
                0x08001ccc                DMA1_Channel5_IRQHandler
                0x08001ccc                EXTI4_IRQHandler
                0x08001ccc                USB_LP_CAN1_RX0_IRQHandler
                0x08001ccc                USB_HP_CAN1_TX_IRQHandler
                0x08001ccc                DMA1_Channel3_IRQHandler
                0x08001ccc                TIM1_UP_IRQHandler
                0x08001ccc                WWDG_IRQHandler
                0x08001ccc                TIM2_IRQHandler
                0x08001ccc                TIM1_BRK_IRQHandler
                0x08001ccc                EXTI1_IRQHandler
                0x08001ccc                USART2_IRQHandler
                0x08001ccc                I2C2_ER_IRQHandler
                0x08001ccc                DMA1_Channel2_IRQHandler
                0x08001ccc                CAN1_SCE_IRQHandler
                0x08001ccc                FLASH_IRQHandler
                0x08001ccc                USART1_IRQHandler
                0x08001ccc                I2C1_ER_IRQHandler
                0x08001ccc                USBWakeUp_IRQHandler
 *fill*         0x08001cce        0x2 
 .text.HAL_InitTick
                0x08001cd0       0x4c CMakeFiles/FOC_v1.2.elf.dir/Drivers/STM32F1xx_HAL_Driver/Src/stm32f1xx_hal.c.obj
                0x08001cd0                HAL_InitTick
 .text.HAL_Init
                0x08001d1c       0x24 CMakeFiles/FOC_v1.2.elf.dir/Drivers/STM32F1xx_HAL_Driver/Src/stm32f1xx_hal.c.obj
                0x08001d1c                HAL_Init
 .text.HAL_IncTick
                0x08001d40       0x18 CMakeFiles/FOC_v1.2.elf.dir/Drivers/STM32F1xx_HAL_Driver/Src/stm32f1xx_hal.c.obj
                0x08001d40                HAL_IncTick
 .text.HAL_GetTick
                0x08001d58        0xc CMakeFiles/FOC_v1.2.elf.dir/Drivers/STM32F1xx_HAL_Driver/Src/stm32f1xx_hal.c.obj
                0x08001d58                HAL_GetTick
 .text.HAL_Delay
                0x08001d64       0x28 CMakeFiles/FOC_v1.2.elf.dir/Drivers/STM32F1xx_HAL_Driver/Src/stm32f1xx_hal.c.obj
                0x08001d64                HAL_Delay
 .text.HAL_ADC_ConvCpltCallback
                0x08001d8c        0x2 CMakeFiles/FOC_v1.2.elf.dir/Drivers/STM32F1xx_HAL_Driver/Src/stm32f1xx_hal_adc.c.obj
                0x08001d8c                HAL_ADC_ConvCpltCallback
 .text.ADC_DMAConvCplt
                0x08001d8e       0x52 CMakeFiles/FOC_v1.2.elf.dir/Drivers/STM32F1xx_HAL_Driver/Src/stm32f1xx_hal_adc.c.obj
                0x08001d8e                ADC_DMAConvCplt
 .text.HAL_ADC_ConvHalfCpltCallback
                0x08001de0        0x2 CMakeFiles/FOC_v1.2.elf.dir/Drivers/STM32F1xx_HAL_Driver/Src/stm32f1xx_hal_adc.c.obj
                0x08001de0                HAL_ADC_ConvHalfCpltCallback
 .text.ADC_DMAHalfConvCplt
                0x08001de2        0xa CMakeFiles/FOC_v1.2.elf.dir/Drivers/STM32F1xx_HAL_Driver/Src/stm32f1xx_hal_adc.c.obj
                0x08001de2                ADC_DMAHalfConvCplt
 .text.HAL_ADC_ErrorCallback
                0x08001dec        0x2 CMakeFiles/FOC_v1.2.elf.dir/Drivers/STM32F1xx_HAL_Driver/Src/stm32f1xx_hal_adc.c.obj
                0x08001dec                HAL_ADC_ErrorCallback
 .text.ADC_DMAError
                0x08001dee       0x1a CMakeFiles/FOC_v1.2.elf.dir/Drivers/STM32F1xx_HAL_Driver/Src/stm32f1xx_hal_adc.c.obj
                0x08001dee                ADC_DMAError
 .text.HAL_ADC_ConfigChannel
                0x08001e08      0x144 CMakeFiles/FOC_v1.2.elf.dir/Drivers/STM32F1xx_HAL_Driver/Src/stm32f1xx_hal_adc.c.obj
                0x08001e08                HAL_ADC_ConfigChannel
 .text.ADC_Enable
                0x08001f4c       0x88 CMakeFiles/FOC_v1.2.elf.dir/Drivers/STM32F1xx_HAL_Driver/Src/stm32f1xx_hal_adc.c.obj
                0x08001f4c                ADC_Enable
 .text.HAL_ADC_Start_DMA
                0x08001fd4      0x130 CMakeFiles/FOC_v1.2.elf.dir/Drivers/STM32F1xx_HAL_Driver/Src/stm32f1xx_hal_adc.c.obj
                0x08001fd4                HAL_ADC_Start_DMA
 .text.ADC_ConversionStop_Disable
                0x08002104       0x56 CMakeFiles/FOC_v1.2.elf.dir/Drivers/STM32F1xx_HAL_Driver/Src/stm32f1xx_hal_adc.c.obj
                0x08002104                ADC_ConversionStop_Disable
 *fill*         0x0800215a        0x2 
 .text.HAL_ADC_Init
                0x0800215c      0x108 CMakeFiles/FOC_v1.2.elf.dir/Drivers/STM32F1xx_HAL_Driver/Src/stm32f1xx_hal_adc.c.obj
                0x0800215c                HAL_ADC_Init
 .text.HAL_ADC_Stop_DMA
                0x08002264       0x5e CMakeFiles/FOC_v1.2.elf.dir/Drivers/STM32F1xx_HAL_Driver/Src/stm32f1xx_hal_adc.c.obj
                0x08002264                HAL_ADC_Stop_DMA
 *fill*         0x080022c2        0x2 
 .text.HAL_NVIC_SetPriorityGrouping
                0x080022c4       0x24 CMakeFiles/FOC_v1.2.elf.dir/Drivers/STM32F1xx_HAL_Driver/Src/stm32f1xx_hal_cortex.c.obj
                0x080022c4                HAL_NVIC_SetPriorityGrouping
 .text.HAL_NVIC_SetPriority
                0x080022e8       0x70 CMakeFiles/FOC_v1.2.elf.dir/Drivers/STM32F1xx_HAL_Driver/Src/stm32f1xx_hal_cortex.c.obj
                0x080022e8                HAL_NVIC_SetPriority
 .text.HAL_NVIC_EnableIRQ
                0x08002358       0x1c CMakeFiles/FOC_v1.2.elf.dir/Drivers/STM32F1xx_HAL_Driver/Src/stm32f1xx_hal_cortex.c.obj
                0x08002358                HAL_NVIC_EnableIRQ
 .text.HAL_SYSTICK_Config
                0x08002374       0x28 CMakeFiles/FOC_v1.2.elf.dir/Drivers/STM32F1xx_HAL_Driver/Src/stm32f1xx_hal_cortex.c.obj
                0x08002374                HAL_SYSTICK_Config
 .text.DMA_SetConfig
                0x0800239c       0x2c CMakeFiles/FOC_v1.2.elf.dir/Drivers/STM32F1xx_HAL_Driver/Src/stm32f1xx_hal_dma.c.obj
 .text.HAL_DMA_Init
                0x080023c8       0x6c CMakeFiles/FOC_v1.2.elf.dir/Drivers/STM32F1xx_HAL_Driver/Src/stm32f1xx_hal_dma.c.obj
                0x080023c8                HAL_DMA_Init
 .text.HAL_DMA_Start_IT
                0x08002434       0x76 CMakeFiles/FOC_v1.2.elf.dir/Drivers/STM32F1xx_HAL_Driver/Src/stm32f1xx_hal_dma.c.obj
                0x08002434                HAL_DMA_Start_IT
 .text.HAL_DMA_Abort
                0x080024aa       0x46 CMakeFiles/FOC_v1.2.elf.dir/Drivers/STM32F1xx_HAL_Driver/Src/stm32f1xx_hal_dma.c.obj
                0x080024aa                HAL_DMA_Abort
 .text.HAL_DMA_IRQHandler
                0x080024f0      0x144 CMakeFiles/FOC_v1.2.elf.dir/Drivers/STM32F1xx_HAL_Driver/Src/stm32f1xx_hal_dma.c.obj
                0x080024f0                HAL_DMA_IRQHandler
 .text.HAL_GPIO_Init
                0x08002634      0x224 CMakeFiles/FOC_v1.2.elf.dir/Drivers/STM32F1xx_HAL_Driver/Src/stm32f1xx_hal_gpio.c.obj
                0x08002634                HAL_GPIO_Init
 .text.HAL_GPIO_WritePin
                0x08002858        0xc CMakeFiles/FOC_v1.2.elf.dir/Drivers/STM32F1xx_HAL_Driver/Src/stm32f1xx_hal_gpio.c.obj
                0x08002858                HAL_GPIO_WritePin
 .text.I2C_IsAcknowledgeFailed
                0x08002864       0x32 CMakeFiles/FOC_v1.2.elf.dir/Drivers/STM32F1xx_HAL_Driver/Src/stm32f1xx_hal_i2c.c.obj
 .text.I2C_WaitOnFlagUntilTimeout
                0x08002896       0xaa CMakeFiles/FOC_v1.2.elf.dir/Drivers/STM32F1xx_HAL_Driver/Src/stm32f1xx_hal_i2c.c.obj
 .text.I2C_WaitOnMasterAddressFlagUntilTimeout
                0x08002940       0xd6 CMakeFiles/FOC_v1.2.elf.dir/Drivers/STM32F1xx_HAL_Driver/Src/stm32f1xx_hal_i2c.c.obj
 *fill*         0x08002a16        0x2 
 .text.I2C_MasterRequestWrite
                0x08002a18       0xb4 CMakeFiles/FOC_v1.2.elf.dir/Drivers/STM32F1xx_HAL_Driver/Src/stm32f1xx_hal_i2c.c.obj
 .text.I2C_MasterRequestRead
                0x08002acc      0x120 CMakeFiles/FOC_v1.2.elf.dir/Drivers/STM32F1xx_HAL_Driver/Src/stm32f1xx_hal_i2c.c.obj
 .text.I2C_WaitOnTXEFlagUntilTimeout
                0x08002bec       0x5e CMakeFiles/FOC_v1.2.elf.dir/Drivers/STM32F1xx_HAL_Driver/Src/stm32f1xx_hal_i2c.c.obj
 .text.I2C_WaitOnBTFFlagUntilTimeout
                0x08002c4a       0x5e CMakeFiles/FOC_v1.2.elf.dir/Drivers/STM32F1xx_HAL_Driver/Src/stm32f1xx_hal_i2c.c.obj
 .text.I2C_WaitOnRXNEFlagUntilTimeout
                0x08002ca8       0x78 CMakeFiles/FOC_v1.2.elf.dir/Drivers/STM32F1xx_HAL_Driver/Src/stm32f1xx_hal_i2c.c.obj
 .text.HAL_I2C_Init
                0x08002d20      0x1bc CMakeFiles/FOC_v1.2.elf.dir/Drivers/STM32F1xx_HAL_Driver/Src/stm32f1xx_hal_i2c.c.obj
                0x08002d20                HAL_I2C_Init
 .text.HAL_I2C_Master_Transmit
                0x08002edc      0x178 CMakeFiles/FOC_v1.2.elf.dir/Drivers/STM32F1xx_HAL_Driver/Src/stm32f1xx_hal_i2c.c.obj
                0x08002edc                HAL_I2C_Master_Transmit
 .text.HAL_I2C_Master_Receive
                0x08003054      0x358 CMakeFiles/FOC_v1.2.elf.dir/Drivers/STM32F1xx_HAL_Driver/Src/stm32f1xx_hal_i2c.c.obj
                0x08003054                HAL_I2C_Master_Receive
 .text.RCC_Delay
                0x080033ac       0x2c CMakeFiles/FOC_v1.2.elf.dir/Drivers/STM32F1xx_HAL_Driver/Src/stm32f1xx_hal_rcc.c.obj
 .text.HAL_RCC_OscConfig
                0x080033d8      0x410 CMakeFiles/FOC_v1.2.elf.dir/Drivers/STM32F1xx_HAL_Driver/Src/stm32f1xx_hal_rcc.c.obj
                0x080033d8                HAL_RCC_OscConfig
 .text.HAL_RCC_GetSysClockFreq
                0x080037e8       0x54 CMakeFiles/FOC_v1.2.elf.dir/Drivers/STM32F1xx_HAL_Driver/Src/stm32f1xx_hal_rcc.c.obj
                0x080037e8                HAL_RCC_GetSysClockFreq
 .text.HAL_RCC_ClockConfig
                0x0800383c      0x16c CMakeFiles/FOC_v1.2.elf.dir/Drivers/STM32F1xx_HAL_Driver/Src/stm32f1xx_hal_rcc.c.obj
                0x0800383c                HAL_RCC_ClockConfig
 .text.HAL_RCC_GetHCLKFreq
                0x080039a8        0xc CMakeFiles/FOC_v1.2.elf.dir/Drivers/STM32F1xx_HAL_Driver/Src/stm32f1xx_hal_rcc.c.obj
                0x080039a8                HAL_RCC_GetHCLKFreq
 .text.HAL_RCC_GetPCLK1Freq
                0x080039b4       0x20 CMakeFiles/FOC_v1.2.elf.dir/Drivers/STM32F1xx_HAL_Driver/Src/stm32f1xx_hal_rcc.c.obj
                0x080039b4                HAL_RCC_GetPCLK1Freq
 .text.HAL_RCC_GetPCLK2Freq
                0x080039d4       0x20 CMakeFiles/FOC_v1.2.elf.dir/Drivers/STM32F1xx_HAL_Driver/Src/stm32f1xx_hal_rcc.c.obj
                0x080039d4                HAL_RCC_GetPCLK2Freq
 .text.HAL_RCCEx_PeriphCLKConfig
                0x080039f4      0x118 CMakeFiles/FOC_v1.2.elf.dir/Drivers/STM32F1xx_HAL_Driver/Src/stm32f1xx_hal_rcc_ex.c.obj
                0x080039f4                HAL_RCCEx_PeriphCLKConfig
 .text.TIM_OC1_SetConfig
                0x08003b0c       0x5c CMakeFiles/FOC_v1.2.elf.dir/Drivers/STM32F1xx_HAL_Driver/Src/stm32f1xx_hal_tim.c.obj
 .text.TIM_OC3_SetConfig
                0x08003b68       0x64 CMakeFiles/FOC_v1.2.elf.dir/Drivers/STM32F1xx_HAL_Driver/Src/stm32f1xx_hal_tim.c.obj
 .text.TIM_OC4_SetConfig
                0x08003bcc       0x48 CMakeFiles/FOC_v1.2.elf.dir/Drivers/STM32F1xx_HAL_Driver/Src/stm32f1xx_hal_tim.c.obj
 .text.TIM_TI1_ConfigInputStage
                0x08003c14       0x24 CMakeFiles/FOC_v1.2.elf.dir/Drivers/STM32F1xx_HAL_Driver/Src/stm32f1xx_hal_tim.c.obj
 .text.TIM_TI2_ConfigInputStage
                0x08003c38       0x26 CMakeFiles/FOC_v1.2.elf.dir/Drivers/STM32F1xx_HAL_Driver/Src/stm32f1xx_hal_tim.c.obj
 .text.TIM_ITRx_SetConfig
                0x08003c5e       0x10 CMakeFiles/FOC_v1.2.elf.dir/Drivers/STM32F1xx_HAL_Driver/Src/stm32f1xx_hal_tim.c.obj
 .text.HAL_TIM_PWM_MspInit
                0x08003c6e        0x2 CMakeFiles/FOC_v1.2.elf.dir/Drivers/STM32F1xx_HAL_Driver/Src/stm32f1xx_hal_tim.c.obj
                0x08003c6e                HAL_TIM_PWM_MspInit
 .text.TIM_Base_SetConfig
                0x08003c70       0x74 CMakeFiles/FOC_v1.2.elf.dir/Drivers/STM32F1xx_HAL_Driver/Src/stm32f1xx_hal_tim.c.obj
                0x08003c70                TIM_Base_SetConfig
 .text.HAL_TIM_Base_Init
                0x08003ce4       0x58 CMakeFiles/FOC_v1.2.elf.dir/Drivers/STM32F1xx_HAL_Driver/Src/stm32f1xx_hal_tim.c.obj
                0x08003ce4                HAL_TIM_Base_Init
 .text.HAL_TIM_PWM_Init
                0x08003d3c       0x58 CMakeFiles/FOC_v1.2.elf.dir/Drivers/STM32F1xx_HAL_Driver/Src/stm32f1xx_hal_tim.c.obj
                0x08003d3c                HAL_TIM_PWM_Init
 .text.TIM_OC2_SetConfig
                0x08003d94       0x64 CMakeFiles/FOC_v1.2.elf.dir/Drivers/STM32F1xx_HAL_Driver/Src/stm32f1xx_hal_tim.c.obj
                0x08003d94                TIM_OC2_SetConfig
 .text.HAL_TIM_PWM_ConfigChannel
                0x08003df8       0xdc CMakeFiles/FOC_v1.2.elf.dir/Drivers/STM32F1xx_HAL_Driver/Src/stm32f1xx_hal_tim.c.obj
                0x08003df8                HAL_TIM_PWM_ConfigChannel
 .text.TIM_ETR_SetConfig
                0x08003ed4       0x18 CMakeFiles/FOC_v1.2.elf.dir/Drivers/STM32F1xx_HAL_Driver/Src/stm32f1xx_hal_tim.c.obj
                0x08003ed4                TIM_ETR_SetConfig
 .text.HAL_TIM_ConfigClockSource
                0x08003eec       0xfe CMakeFiles/FOC_v1.2.elf.dir/Drivers/STM32F1xx_HAL_Driver/Src/stm32f1xx_hal_tim.c.obj
                0x08003eec                HAL_TIM_ConfigClockSource
 .text.TIM_CCxChannelCmd
                0x08003fea       0x1e CMakeFiles/FOC_v1.2.elf.dir/Drivers/STM32F1xx_HAL_Driver/Src/stm32f1xx_hal_tim.c.obj
                0x08003fea                TIM_CCxChannelCmd
 .text.HAL_TIM_PWM_Start
                0x08004008       0xdc CMakeFiles/FOC_v1.2.elf.dir/Drivers/STM32F1xx_HAL_Driver/Src/stm32f1xx_hal_tim.c.obj
                0x08004008                HAL_TIM_PWM_Start
 .text.HAL_TIMEx_MasterConfigSynchronization
                0x080040e4       0x6c CMakeFiles/FOC_v1.2.elf.dir/Drivers/STM32F1xx_HAL_Driver/Src/stm32f1xx_hal_tim_ex.c.obj
                0x080040e4                HAL_TIMEx_MasterConfigSynchronization
 .text.UART_SetConfig
                0x08004150       0x94 CMakeFiles/FOC_v1.2.elf.dir/Drivers/STM32F1xx_HAL_Driver/Src/stm32f1xx_hal_uart.c.obj
 .text.UART_WaitOnFlagUntilTimeout
                0x080041e4       0x88 CMakeFiles/FOC_v1.2.elf.dir/Drivers/STM32F1xx_HAL_Driver/Src/stm32f1xx_hal_uart.c.obj
 .text.HAL_UART_Init
                0x0800426c       0x60 CMakeFiles/FOC_v1.2.elf.dir/Drivers/STM32F1xx_HAL_Driver/Src/stm32f1xx_hal_uart.c.obj
                0x0800426c                HAL_UART_Init
 .text.HAL_UART_Transmit
                0x080042cc       0xbe CMakeFiles/FOC_v1.2.elf.dir/Drivers/STM32F1xx_HAL_Driver/Src/stm32f1xx_hal_uart.c.obj
                0x080042cc                HAL_UART_Transmit
 *fill*         0x0800438a        0x2 
 .text.i2cWrite
                0x0800438c       0x20 CMakeFiles/FOC_v1.2.elf.dir/Hardware/AS5600.c.obj
 .text.i2cRead  0x080043ac       0x20 CMakeFiles/FOC_v1.2.elf.dir/Hardware/AS5600.c.obj
 .text.as5600GetRawAngle
                0x080043cc       0x34 CMakeFiles/FOC_v1.2.elf.dir/Hardware/AS5600.c.obj
                0x080043cc                as5600GetRawAngle
 .text._SIN     0x08004400       0x10 CMakeFiles/FOC_v1.2.elf.dir/Hardware/foc_ctrl.c.obj
                0x08004400                _SIN
 .text._COS     0x08004410       0x10 CMakeFiles/FOC_v1.2.elf.dir/Hardware/foc_ctrl.c.obj
                0x08004410                _COS
 .text.get_Angle
                0x08004420       0x34 CMakeFiles/FOC_v1.2.elf.dir/Hardware/foc_ctrl.c.obj
                0x08004420                get_Angle
 .text.Inv_Park_Trans
                0x08004454       0x58 CMakeFiles/FOC_v1.2.elf.dir/Hardware/foc_ctrl.c.obj
                0x08004454                Inv_Park_Trans
 .text.SVPWM_Trans
                0x080044ac      0x2f4 CMakeFiles/FOC_v1.2.elf.dir/Hardware/foc_ctrl.c.obj
                0x080044ac                SVPWM_Trans
 .text.setTorque
                0x080047a0        0x8 CMakeFiles/FOC_v1.2.elf.dir/Hardware/foc_ctrl.c.obj
                0x080047a0                setTorque
 .text.boundary_process
                0x080047a8       0x4e CMakeFiles/FOC_v1.2.elf.dir/Hardware/foc_ctrl.c.obj
                0x080047a8                boundary_process
 *fill*         0x080047f6        0x2 
 .text.FOC_Init
                0x080047f8       0x3c CMakeFiles/FOC_v1.2.elf.dir/Hardware/foc_ctrl.c.obj
                0x080047f8                FOC_Init
 *fill*         0x08004834        0x4 
 .text.FOC_Run  0x08004838       0xc8 CMakeFiles/FOC_v1.2.elf.dir/Hardware/foc_ctrl.c.obj
                0x08004838                FOC_Run
 .text.pid_init
                0x08004900       0x2c CMakeFiles/FOC_v1.2.elf.dir/Hardware/pid.c.obj
                0x08004900                pid_init
 .text.pid_calc
                0x0800492c      0x14e CMakeFiles/FOC_v1.2.elf.dir/Hardware/pid.c.obj
                0x0800492c                pid_calc
 *fill*         0x08004a7a        0x2 
 .text.__errno  0x08004a7c        0xc c:/progra~2/gnuarm~1/102020~1/bin/../lib/gcc/arm-none-eabi/10.2.1/../../../../arm-none-eabi/lib/thumb/v7-m/nofp\libg.a(lib_a-errno.o)
                0x08004a7c                __errno
 .text.__libc_init_array
                0x08004a88       0x48 c:/progra~2/gnuarm~1/102020~1/bin/../lib/gcc/arm-none-eabi/10.2.1/../../../../arm-none-eabi/lib/thumb/v7-m/nofp\libg.a(lib_a-init.o)
                0x08004a88                __libc_init_array
 .text.memset   0x08004ad0       0xa4 c:/progra~2/gnuarm~1/102020~1/bin/../lib/gcc/arm-none-eabi/10.2.1/../../../../arm-none-eabi/lib/thumb/v7-m/nofp\libg.a(lib_a-memset.o)
                0x08004ad0                memset
 .text.printf   0x08004b74       0x28 c:/progra~2/gnuarm~1/102020~1/bin/../lib/gcc/arm-none-eabi/10.2.1/../../../../arm-none-eabi/lib/thumb/v7-m/nofp\libg.a(lib_a-printf.o)
                0x08004b74                printf
 .text._vfprintf_r
                0x08004b9c     0x1b58 c:/progra~2/gnuarm~1/102020~1/bin/../lib/gcc/arm-none-eabi/10.2.1/../../../../arm-none-eabi/lib/thumb/v7-m/nofp\libg.a(lib_a-vfprintf.o)
                0x08004b9c                _vfprintf_r
 .text.__sbprintf
                0x080066f4       0x84 c:/progra~2/gnuarm~1/102020~1/bin/../lib/gcc/arm-none-eabi/10.2.1/../../../../arm-none-eabi/lib/thumb/v7-m/nofp\libg.a(lib_a-vfprintf.o)
 .text.__swsetup_r
                0x08006778       0xd4 c:/progra~2/gnuarm~1/102020~1/bin/../lib/gcc/arm-none-eabi/10.2.1/../../../../arm-none-eabi/lib/thumb/v7-m/nofp\libg.a(lib_a-wsetup.o)
                0x08006778                __swsetup_r
 .text.startup.register_fini
                0x0800684c       0x14 c:/progra~2/gnuarm~1/102020~1/bin/../lib/gcc/arm-none-eabi/10.2.1/../../../../arm-none-eabi/lib/thumb/v7-m/nofp\libg.a(lib_a-__call_atexit.o)
 .text.atexit   0x08006860        0xc c:/progra~2/gnuarm~1/102020~1/bin/../lib/gcc/arm-none-eabi/10.2.1/../../../../arm-none-eabi/lib/thumb/v7-m/nofp\libg.a(lib_a-atexit.o)
                0x08006860                atexit
 .text.quorem   0x0800686c      0x12c c:/progra~2/gnuarm~1/102020~1/bin/../lib/gcc/arm-none-eabi/10.2.1/../../../../arm-none-eabi/lib/thumb/v7-m/nofp\libg.a(lib_a-dtoa.o)
 .text._dtoa_r  0x08006998      0xecc c:/progra~2/gnuarm~1/102020~1/bin/../lib/gcc/arm-none-eabi/10.2.1/../../../../arm-none-eabi/lib/thumb/v7-m/nofp\libg.a(lib_a-dtoa.o)
                0x08006998                _dtoa_r
 .text.__sflush_r
                0x08007864      0x124 c:/progra~2/gnuarm~1/102020~1/bin/../lib/gcc/arm-none-eabi/10.2.1/../../../../arm-none-eabi/lib/thumb/v7-m/nofp\libg.a(lib_a-fflush.o)
                0x08007864                __sflush_r
 .text._fflush_r
                0x08007988       0x5c c:/progra~2/gnuarm~1/102020~1/bin/../lib/gcc/arm-none-eabi/10.2.1/../../../../arm-none-eabi/lib/thumb/v7-m/nofp\libg.a(lib_a-fflush.o)
                0x08007988                _fflush_r
 .text._cleanup_r
                0x080079e4        0xc c:/progra~2/gnuarm~1/102020~1/bin/../lib/gcc/arm-none-eabi/10.2.1/../../../../arm-none-eabi/lib/thumb/v7-m/nofp\libg.a(lib_a-findfp.o)
                0x080079e4                _cleanup_r
 .text.__sinit  0x080079f0      0x10c c:/progra~2/gnuarm~1/102020~1/bin/../lib/gcc/arm-none-eabi/10.2.1/../../../../arm-none-eabi/lib/thumb/v7-m/nofp\libg.a(lib_a-findfp.o)
                0x080079f0                __sinit
 .text.__sfp_lock_acquire
                0x08007afc        0xc c:/progra~2/gnuarm~1/102020~1/bin/../lib/gcc/arm-none-eabi/10.2.1/../../../../arm-none-eabi/lib/thumb/v7-m/nofp\libg.a(lib_a-findfp.o)
                0x08007afc                __sfp_lock_acquire
 .text.__sfp_lock_release
                0x08007b08        0xc c:/progra~2/gnuarm~1/102020~1/bin/../lib/gcc/arm-none-eabi/10.2.1/../../../../arm-none-eabi/lib/thumb/v7-m/nofp\libg.a(lib_a-findfp.o)
                0x08007b08                __sfp_lock_release
 .text.__libc_fini_array
                0x08007b14       0x2c c:/progra~2/gnuarm~1/102020~1/bin/../lib/gcc/arm-none-eabi/10.2.1/../../../../arm-none-eabi/lib/thumb/v7-m/nofp\libg.a(lib_a-fini.o)
                0x08007b14                __libc_fini_array
 .text._malloc_trim_r
                0x08007b40       0xa0 c:/progra~2/gnuarm~1/102020~1/bin/../lib/gcc/arm-none-eabi/10.2.1/../../../../arm-none-eabi/lib/thumb/v7-m/nofp\libg.a(lib_a-freer.o)
                0x08007b40                _malloc_trim_r
 .text._free_r  0x08007be0      0x200 c:/progra~2/gnuarm~1/102020~1/bin/../lib/gcc/arm-none-eabi/10.2.1/../../../../arm-none-eabi/lib/thumb/v7-m/nofp\libg.a(lib_a-freer.o)
                0x08007be0                _free_r
 .text._fwalk_reent
                0x08007de0       0x48 c:/progra~2/gnuarm~1/102020~1/bin/../lib/gcc/arm-none-eabi/10.2.1/../../../../arm-none-eabi/lib/thumb/v7-m/nofp\libg.a(lib_a-fwalk.o)
                0x08007de0                _fwalk_reent
 .text._localeconv_r
                0x08007e28        0x8 c:/progra~2/gnuarm~1/102020~1/bin/../lib/gcc/arm-none-eabi/10.2.1/../../../../arm-none-eabi/lib/thumb/v7-m/nofp\libg.a(lib_a-localeconv.o)
                0x08007e28                _localeconv_r
 .text.__retarget_lock_init_recursive
                0x08007e30        0x4 c:/progra~2/gnuarm~1/102020~1/bin/../lib/gcc/arm-none-eabi/10.2.1/../../../../arm-none-eabi/lib/thumb/v7-m/nofp\libg.a(lib_a-lock.o)
                0x08007e30                __retarget_lock_init_recursive
 .text.__retarget_lock_close_recursive
                0x08007e34        0x4 c:/progra~2/gnuarm~1/102020~1/bin/../lib/gcc/arm-none-eabi/10.2.1/../../../../arm-none-eabi/lib/thumb/v7-m/nofp\libg.a(lib_a-lock.o)
                0x08007e34                __retarget_lock_close_recursive
 .text.__retarget_lock_acquire_recursive
                0x08007e38        0x4 c:/progra~2/gnuarm~1/102020~1/bin/../lib/gcc/arm-none-eabi/10.2.1/../../../../arm-none-eabi/lib/thumb/v7-m/nofp\libg.a(lib_a-lock.o)
                0x08007e38                __retarget_lock_acquire_recursive
 .text.__retarget_lock_release_recursive
                0x08007e3c        0x4 c:/progra~2/gnuarm~1/102020~1/bin/../lib/gcc/arm-none-eabi/10.2.1/../../../../arm-none-eabi/lib/thumb/v7-m/nofp\libg.a(lib_a-lock.o)
                0x08007e3c                __retarget_lock_release_recursive
 .text.__smakebuf_r
                0x08007e40       0xe0 c:/progra~2/gnuarm~1/102020~1/bin/../lib/gcc/arm-none-eabi/10.2.1/../../../../arm-none-eabi/lib/thumb/v7-m/nofp\libg.a(lib_a-makebuf.o)
                0x08007e40                __smakebuf_r
 .text._malloc_r
                0x08007f20      0x558 c:/progra~2/gnuarm~1/102020~1/bin/../lib/gcc/arm-none-eabi/10.2.1/../../../../arm-none-eabi/lib/thumb/v7-m/nofp\libg.a(lib_a-mallocr.o)
                0x08007f20                _malloc_r
 .text.memchr   0x08008478       0x90 c:/progra~2/gnuarm~1/102020~1/bin/../lib/gcc/arm-none-eabi/10.2.1/../../../../arm-none-eabi/lib/thumb/v7-m/nofp\libg.a(lib_a-memchr-stub.o)
                0x08008478                memchr
 .text.__malloc_lock
                0x08008508        0xc c:/progra~2/gnuarm~1/102020~1/bin/../lib/gcc/arm-none-eabi/10.2.1/../../../../arm-none-eabi/lib/thumb/v7-m/nofp\libg.a(lib_a-mlock.o)
                0x08008508                __malloc_lock
 .text.__malloc_unlock
                0x08008514        0xc c:/progra~2/gnuarm~1/102020~1/bin/../lib/gcc/arm-none-eabi/10.2.1/../../../../arm-none-eabi/lib/thumb/v7-m/nofp\libg.a(lib_a-mlock.o)
                0x08008514                __malloc_unlock
 .text._Balloc  0x08008520       0x4c c:/progra~2/gnuarm~1/102020~1/bin/../lib/gcc/arm-none-eabi/10.2.1/../../../../arm-none-eabi/lib/thumb/v7-m/nofp\libg.a(lib_a-mprec.o)
                0x08008520                _Balloc
 .text._Bfree   0x0800856c       0x14 c:/progra~2/gnuarm~1/102020~1/bin/../lib/gcc/arm-none-eabi/10.2.1/../../../../arm-none-eabi/lib/thumb/v7-m/nofp\libg.a(lib_a-mprec.o)
                0x0800856c                _Bfree
 .text.__multadd
                0x08008580       0xa4 c:/progra~2/gnuarm~1/102020~1/bin/../lib/gcc/arm-none-eabi/10.2.1/../../../../arm-none-eabi/lib/thumb/v7-m/nofp\libg.a(lib_a-mprec.o)
                0x08008580                __multadd
 .text.__hi0bits
                0x08008624       0x40 c:/progra~2/gnuarm~1/102020~1/bin/../lib/gcc/arm-none-eabi/10.2.1/../../../../arm-none-eabi/lib/thumb/v7-m/nofp\libg.a(lib_a-mprec.o)
                0x08008624                __hi0bits
 .text.__lo0bits
                0x08008664       0x58 c:/progra~2/gnuarm~1/102020~1/bin/../lib/gcc/arm-none-eabi/10.2.1/../../../../arm-none-eabi/lib/thumb/v7-m/nofp\libg.a(lib_a-mprec.o)
                0x08008664                __lo0bits
 .text.__i2b    0x080086bc       0x5c c:/progra~2/gnuarm~1/102020~1/bin/../lib/gcc/arm-none-eabi/10.2.1/../../../../arm-none-eabi/lib/thumb/v7-m/nofp\libg.a(lib_a-mprec.o)
                0x080086bc                __i2b
 .text.__multiply
                0x08008718      0x15c c:/progra~2/gnuarm~1/102020~1/bin/../lib/gcc/arm-none-eabi/10.2.1/../../../../arm-none-eabi/lib/thumb/v7-m/nofp\libg.a(lib_a-mprec.o)
                0x08008718                __multiply
 .text.__pow5mult
                0x08008874       0xb8 c:/progra~2/gnuarm~1/102020~1/bin/../lib/gcc/arm-none-eabi/10.2.1/../../../../arm-none-eabi/lib/thumb/v7-m/nofp\libg.a(lib_a-mprec.o)
                0x08008874                __pow5mult
 .text.__lshift
                0x0800892c       0xec c:/progra~2/gnuarm~1/102020~1/bin/../lib/gcc/arm-none-eabi/10.2.1/../../../../arm-none-eabi/lib/thumb/v7-m/nofp\libg.a(lib_a-mprec.o)
                0x0800892c                __lshift
 .text.__mcmp   0x08008a18       0x40 c:/progra~2/gnuarm~1/102020~1/bin/../lib/gcc/arm-none-eabi/10.2.1/../../../../arm-none-eabi/lib/thumb/v7-m/nofp\libg.a(lib_a-mprec.o)
                0x08008a18                __mcmp
 .text.__mdiff  0x08008a58      0x14c c:/progra~2/gnuarm~1/102020~1/bin/../lib/gcc/arm-none-eabi/10.2.1/../../../../arm-none-eabi/lib/thumb/v7-m/nofp\libg.a(lib_a-mprec.o)
                0x08008a58                __mdiff
 .text.__d2b    0x08008ba4       0xc4 c:/progra~2/gnuarm~1/102020~1/bin/../lib/gcc/arm-none-eabi/10.2.1/../../../../arm-none-eabi/lib/thumb/v7-m/nofp\libg.a(lib_a-mprec.o)
                0x08008ba4                __d2b
 .text.frexp    0x08008c68       0x70 c:/progra~2/gnuarm~1/102020~1/bin/../lib/gcc/arm-none-eabi/10.2.1/../../../../arm-none-eabi/lib/thumb/v7-m/nofp\libg.a(lib_a-s_frexp.o)
                0x08008c68                frexp
 .text._sbrk_r  0x08008cd8       0x24 c:/progra~2/gnuarm~1/102020~1/bin/../lib/gcc/arm-none-eabi/10.2.1/../../../../arm-none-eabi/lib/thumb/v7-m/nofp\libg.a(lib_a-sbrkr.o)
                0x08008cd8                _sbrk_r
 .text.__sread  0x08008cfc       0x24 c:/progra~2/gnuarm~1/102020~1/bin/../lib/gcc/arm-none-eabi/10.2.1/../../../../arm-none-eabi/lib/thumb/v7-m/nofp\libg.a(lib_a-stdio.o)
                0x08008cfc                __sread
 .text.__swrite
                0x08008d20       0x40 c:/progra~2/gnuarm~1/102020~1/bin/../lib/gcc/arm-none-eabi/10.2.1/../../../../arm-none-eabi/lib/thumb/v7-m/nofp\libg.a(lib_a-stdio.o)
                0x08008d20                __swrite
 .text.__sseek  0x08008d60       0x20 c:/progra~2/gnuarm~1/102020~1/bin/../lib/gcc/arm-none-eabi/10.2.1/../../../../arm-none-eabi/lib/thumb/v7-m/nofp\libg.a(lib_a-stdio.o)
                0x08008d60                __sseek
 .text.__sclose
                0x08008d80        0x8 c:/progra~2/gnuarm~1/102020~1/bin/../lib/gcc/arm-none-eabi/10.2.1/../../../../arm-none-eabi/lib/thumb/v7-m/nofp\libg.a(lib_a-stdio.o)
                0x08008d80                __sclose
 .text.strlen   0x08008d88       0x5c c:/progra~2/gnuarm~1/102020~1/bin/../lib/gcc/arm-none-eabi/10.2.1/../../../../arm-none-eabi/lib/thumb/v7-m/nofp\libg.a(lib_a-strlen-stub.o)
                0x08008d88                strlen
 .text.strncpy  0x08008de4       0x68 c:/progra~2/gnuarm~1/102020~1/bin/../lib/gcc/arm-none-eabi/10.2.1/../../../../arm-none-eabi/lib/thumb/v7-m/nofp\libg.a(lib_a-strncpy.o)
                0x08008de4                strncpy
 .text.__sprint_r.part.0
                0x08008e4c       0x78 c:/progra~2/gnuarm~1/102020~1/bin/../lib/gcc/arm-none-eabi/10.2.1/../../../../arm-none-eabi/lib/thumb/v7-m/nofp\libg.a(lib_a-vfiprintf.o)
 .text.__sprint_r
                0x08008ec4       0x14 c:/progra~2/gnuarm~1/102020~1/bin/../lib/gcc/arm-none-eabi/10.2.1/../../../../arm-none-eabi/lib/thumb/v7-m/nofp\libg.a(lib_a-vfiprintf.o)
                0x08008ec4                __sprint_r
 .text._vfiprintf_r
                0x08008ed8      0xd94 c:/progra~2/gnuarm~1/102020~1/bin/../lib/gcc/arm-none-eabi/10.2.1/../../../../arm-none-eabi/lib/thumb/v7-m/nofp\libg.a(lib_a-vfiprintf.o)
                0x08008ed8                _vfiprintf_r
 .text.__sbprintf
                0x08009c6c       0x84 c:/progra~2/gnuarm~1/102020~1/bin/../lib/gcc/arm-none-eabi/10.2.1/../../../../arm-none-eabi/lib/thumb/v7-m/nofp\libg.a(lib_a-vfiprintf.o)
 .text._write_r
                0x08009cf0       0x2c c:/progra~2/gnuarm~1/102020~1/bin/../lib/gcc/arm-none-eabi/10.2.1/../../../../arm-none-eabi/lib/thumb/v7-m/nofp\libg.a(lib_a-writer.o)
                0x08009cf0                _write_r
 .text.__register_exitproc
                0x08009d1c       0x8c c:/progra~2/gnuarm~1/102020~1/bin/../lib/gcc/arm-none-eabi/10.2.1/../../../../arm-none-eabi/lib/thumb/v7-m/nofp\libg.a(lib_a-__atexit.o)
                0x08009d1c                __register_exitproc
 .text.__assert_func
                0x08009da8       0x40 c:/progra~2/gnuarm~1/102020~1/bin/../lib/gcc/arm-none-eabi/10.2.1/../../../../arm-none-eabi/lib/thumb/v7-m/nofp\libg.a(lib_a-assert.o)
                0x08009da8                __assert_func
 .text._calloc_r
                0x08009de8       0x60 c:/progra~2/gnuarm~1/102020~1/bin/../lib/gcc/arm-none-eabi/10.2.1/../../../../arm-none-eabi/lib/thumb/v7-m/nofp\libg.a(lib_a-callocr.o)
                0x08009de8                _calloc_r
 .text._close_r
                0x08009e48       0x24 c:/progra~2/gnuarm~1/102020~1/bin/../lib/gcc/arm-none-eabi/10.2.1/../../../../arm-none-eabi/lib/thumb/v7-m/nofp\libg.a(lib_a-closer.o)
                0x08009e48                _close_r
 .text._fclose_r
                0x08009e6c       0xcc c:/progra~2/gnuarm~1/102020~1/bin/../lib/gcc/arm-none-eabi/10.2.1/../../../../arm-none-eabi/lib/thumb/v7-m/nofp\libg.a(lib_a-fclose.o)
                0x08009e6c                _fclose_r
 .text.fiprintf
                0x08009f38       0x28 c:/progra~2/gnuarm~1/102020~1/bin/../lib/gcc/arm-none-eabi/10.2.1/../../../../arm-none-eabi/lib/thumb/v7-m/nofp\libg.a(lib_a-fiprintf.o)
                0x08009f38                fiprintf
 .text.__fputwc
                0x08009f60       0xa0 c:/progra~2/gnuarm~1/102020~1/bin/../lib/gcc/arm-none-eabi/10.2.1/../../../../arm-none-eabi/lib/thumb/v7-m/nofp\libg.a(lib_a-fputwc.o)
                0x08009f60                __fputwc
 .text._fputwc_r
                0x0800a000       0x68 c:/progra~2/gnuarm~1/102020~1/bin/../lib/gcc/arm-none-eabi/10.2.1/../../../../arm-none-eabi/lib/thumb/v7-m/nofp\libg.a(lib_a-fputwc.o)
                0x0800a000                _fputwc_r
 .text._fstat_r
                0x0800a068       0x28 c:/progra~2/gnuarm~1/102020~1/bin/../lib/gcc/arm-none-eabi/10.2.1/../../../../arm-none-eabi/lib/thumb/v7-m/nofp\libg.a(lib_a-fstatr.o)
                0x0800a068                _fstat_r
 .text.__sfvwrite_r
                0x0800a090      0x2f0 c:/progra~2/gnuarm~1/102020~1/bin/../lib/gcc/arm-none-eabi/10.2.1/../../../../arm-none-eabi/lib/thumb/v7-m/nofp\libg.a(lib_a-fvwrite.o)
                0x0800a090                __sfvwrite_r
 .text._isatty_r
                0x0800a380       0x24 c:/progra~2/gnuarm~1/102020~1/bin/../lib/gcc/arm-none-eabi/10.2.1/../../../../arm-none-eabi/lib/thumb/v7-m/nofp\libg.a(lib_a-isattyr.o)
                0x0800a380                _isatty_r
 .text.__locale_mb_cur_max
                0x0800a3a4        0xc c:/progra~2/gnuarm~1/102020~1/bin/../lib/gcc/arm-none-eabi/10.2.1/../../../../arm-none-eabi/lib/thumb/v7-m/nofp\libg.a(lib_a-locale.o)
                0x0800a3a4                __locale_mb_cur_max
 .text._lseek_r
                0x0800a3b0       0x2c c:/progra~2/gnuarm~1/102020~1/bin/../lib/gcc/arm-none-eabi/10.2.1/../../../../arm-none-eabi/lib/thumb/v7-m/nofp\libg.a(lib_a-lseekr.o)
                0x0800a3b0                _lseek_r
 .text.__ascii_mbtowc
                0x0800a3dc       0x2c c:/progra~2/gnuarm~1/102020~1/bin/../lib/gcc/arm-none-eabi/10.2.1/../../../../arm-none-eabi/lib/thumb/v7-m/nofp\libg.a(lib_a-mbtowc_r.o)
                0x0800a3dc                __ascii_mbtowc
 .text.memmove  0x0800a408       0xf8 c:/progra~2/gnuarm~1/102020~1/bin/../lib/gcc/arm-none-eabi/10.2.1/../../../../arm-none-eabi/lib/thumb/v7-m/nofp\libg.a(lib_a-memmove.o)
                0x0800a408                memmove
 .text._read_r  0x0800a500       0x2c c:/progra~2/gnuarm~1/102020~1/bin/../lib/gcc/arm-none-eabi/10.2.1/../../../../arm-none-eabi/lib/thumb/v7-m/nofp\libg.a(lib_a-readr.o)
                0x0800a500                _read_r
 .text._realloc_r
                0x0800a52c      0x3dc c:/progra~2/gnuarm~1/102020~1/bin/../lib/gcc/arm-none-eabi/10.2.1/../../../../arm-none-eabi/lib/thumb/v7-m/nofp\libg.a(lib_a-reallocr.o)
                0x0800a52c                _realloc_r
 .text.__swbuf_r
                0x0800a908       0xb0 c:/progra~2/gnuarm~1/102020~1/bin/../lib/gcc/arm-none-eabi/10.2.1/../../../../arm-none-eabi/lib/thumb/v7-m/nofp\libg.a(lib_a-wbuf.o)
                0x0800a908                __swbuf_r
 .text._wcrtomb_r
                0x0800a9b8       0x3c c:/progra~2/gnuarm~1/102020~1/bin/../lib/gcc/arm-none-eabi/10.2.1/../../../../arm-none-eabi/lib/thumb/v7-m/nofp\libg.a(lib_a-wcrtomb.o)
                0x0800a9b8                _wcrtomb_r
 .text.__ascii_wctomb
                0x0800a9f4       0x1c c:/progra~2/gnuarm~1/102020~1/bin/../lib/gcc/arm-none-eabi/10.2.1/../../../../arm-none-eabi/lib/thumb/v7-m/nofp\libg.a(lib_a-wctomb_r.o)
                0x0800a9f4                __ascii_wctomb
 .text.abort    0x0800aa10       0x10 c:/progra~2/gnuarm~1/102020~1/bin/../lib/gcc/arm-none-eabi/10.2.1/../../../../arm-none-eabi/lib/thumb/v7-m/nofp\libg.a(lib_a-abort.o)
                0x0800aa10                abort
 .text.raise    0x0800aa20       0x5c c:/progra~2/gnuarm~1/102020~1/bin/../lib/gcc/arm-none-eabi/10.2.1/../../../../arm-none-eabi/lib/thumb/v7-m/nofp\libg.a(lib_a-signal.o)
                0x0800aa20                raise
 .text._kill_r  0x0800aa7c       0x28 c:/progra~2/gnuarm~1/102020~1/bin/../lib/gcc/arm-none-eabi/10.2.1/../../../../arm-none-eabi/lib/thumb/v7-m/nofp\libg.a(lib_a-signalr.o)
                0x0800aa7c                _kill_r
 .text._getpid_r
                0x0800aaa4        0x4 c:/progra~2/gnuarm~1/102020~1/bin/../lib/gcc/arm-none-eabi/10.2.1/../../../../arm-none-eabi/lib/thumb/v7-m/nofp\libg.a(lib_a-signalr.o)
                0x0800aaa4                _getpid_r
 .text.cos      0x0800aaa8       0xa4 c:/progra~2/gnuarm~1/102020~1/bin/../lib/gcc/arm-none-eabi/10.2.1/../../../../arm-none-eabi/lib/thumb/v7-m/nofp\libm.a(lib_a-s_cos.o)
                0x0800aaa8                cos
 .text.sin      0x0800ab4c       0xb0 c:/progra~2/gnuarm~1/102020~1/bin/../lib/gcc/arm-none-eabi/10.2.1/../../../../arm-none-eabi/lib/thumb/v7-m/nofp\libm.a(lib_a-s_sin.o)
                0x0800ab4c                sin
 *fill*         0x0800abfc        0x4 
 .text.__ieee754_rem_pio2
                0x0800ac00      0x454 c:/progra~2/gnuarm~1/102020~1/bin/../lib/gcc/arm-none-eabi/10.2.1/../../../../arm-none-eabi/lib/thumb/v7-m/nofp\libm.a(lib_a-e_rem_pio2.o)
                0x0800ac00                __ieee754_rem_pio2
 *fill*         0x0800b054        0x4 
 .text.__kernel_cos
                0x0800b058      0x250 c:/progra~2/gnuarm~1/102020~1/bin/../lib/gcc/arm-none-eabi/10.2.1/../../../../arm-none-eabi/lib/thumb/v7-m/nofp\libm.a(lib_a-k_cos.o)
                0x0800b058                __kernel_cos
 .text.__kernel_rem_pio2
                0x0800b2a8      0x850 c:/progra~2/gnuarm~1/102020~1/bin/../lib/gcc/arm-none-eabi/10.2.1/../../../../arm-none-eabi/lib/thumb/v7-m/nofp\libm.a(lib_a-k_rem_pio2.o)
                0x0800b2a8                __kernel_rem_pio2
 .text.__kernel_sin
                0x0800baf8      0x184 c:/progra~2/gnuarm~1/102020~1/bin/../lib/gcc/arm-none-eabi/10.2.1/../../../../arm-none-eabi/lib/thumb/v7-m/nofp\libm.a(lib_a-k_sin.o)
                0x0800baf8                __kernel_sin
 .text.fabs     0x0800bc7c        0x8 c:/progra~2/gnuarm~1/102020~1/bin/../lib/gcc/arm-none-eabi/10.2.1/../../../../arm-none-eabi/lib/thumb/v7-m/nofp\libm.a(lib_a-s_fabs.o)
                0x0800bc7c                fabs
 *fill*         0x0800bc84        0x4 
 .text.floor    0x0800bc88       0xf8 c:/progra~2/gnuarm~1/102020~1/bin/../lib/gcc/arm-none-eabi/10.2.1/../../../../arm-none-eabi/lib/thumb/v7-m/nofp\libm.a(lib_a-s_floor.o)
                0x0800bc88                floor
 .text.scalbn   0x0800bd80       0xfc c:/progra~2/gnuarm~1/102020~1/bin/../lib/gcc/arm-none-eabi/10.2.1/../../../../arm-none-eabi/lib/thumb/v7-m/nofp\libm.a(lib_a-s_scalbn.o)
                0x0800bd80                scalbn
 *(.glue_7)
 .glue_7        0x0800be7c        0x0 linker stubs
 *(.glue_7t)
 .glue_7t       0x0800be7c        0x0 linker stubs
 *(.eh_frame)
 .eh_frame      0x0800be7c        0x0 c:/progra~2/gnuarm~1/102020~1/bin/../lib/gcc/arm-none-eabi/10.2.1/thumb/v7-m/nofp/crtbegin.o
 *(.init)
 .init          0x0800be7c        0x4 c:/progra~2/gnuarm~1/102020~1/bin/../lib/gcc/arm-none-eabi/10.2.1/thumb/v7-m/nofp/crti.o
                0x0800be7c                _init
 .init          0x0800be80        0x8 c:/progra~2/gnuarm~1/102020~1/bin/../lib/gcc/arm-none-eabi/10.2.1/thumb/v7-m/nofp/crtn.o
 *(.fini)
 .fini          0x0800be88        0x4 c:/progra~2/gnuarm~1/102020~1/bin/../lib/gcc/arm-none-eabi/10.2.1/thumb/v7-m/nofp/crti.o
                0x0800be88                _fini
 .fini          0x0800be8c        0x8 c:/progra~2/gnuarm~1/102020~1/bin/../lib/gcc/arm-none-eabi/10.2.1/thumb/v7-m/nofp/crtn.o
                0x0800be94                . = ALIGN (0x4)
                0x0800be94                _etext = .

.vfp11_veneer   0x0800be94        0x0
 .vfp11_veneer  0x0800be94        0x0 linker stubs

.v4_bx          0x0800be94        0x0
 .v4_bx         0x0800be94        0x0 linker stubs

.iplt           0x0800be94        0x0
 .iplt          0x0800be94        0x0 c:/progra~2/gnuarm~1/102020~1/bin/../lib/gcc/arm-none-eabi/10.2.1/thumb/v7-m/nofp/crtbegin.o

.rodata         0x0800be98      0x620
                0x0800be98                . = ALIGN (0x4)
 *(.rodata)
 .rodata        0x0800be98        0x8 CMakeFiles/FOC_v1.2.elf.dir/Core/Src/main.c.obj
 *(.rodata*)
 .rodata.AHBPrescTable
                0x0800bea0       0x10 CMakeFiles/FOC_v1.2.elf.dir/Core/Src/system_stm32f1xx.c.obj
                0x0800bea0                AHBPrescTable
 .rodata.APBPrescTable
                0x0800beb0        0x8 CMakeFiles/FOC_v1.2.elf.dir/Core/Src/system_stm32f1xx.c.obj
                0x0800beb0                APBPrescTable
 .rodata.aPLLMULFactorTable.1
                0x0800beb8       0x10 CMakeFiles/FOC_v1.2.elf.dir/Drivers/STM32F1xx_HAL_Driver/Src/stm32f1xx_hal_rcc.c.obj
 .rodata.aPredivFactorTable.0
                0x0800bec8        0x2 CMakeFiles/FOC_v1.2.elf.dir/Drivers/STM32F1xx_HAL_Driver/Src/stm32f1xx_hal_rcc.c.obj
 *fill*         0x0800beca        0x2 
 .rodata.FOC_Run.str1.4
                0x0800becc       0x12 CMakeFiles/FOC_v1.2.elf.dir/Hardware/foc_ctrl.c.obj
 *fill*         0x0800bede        0x2 
 .rodata._global_impure_ptr
                0x0800bee0        0x4 c:/progra~2/gnuarm~1/102020~1/bin/../lib/gcc/arm-none-eabi/10.2.1/../../../../arm-none-eabi/lib/thumb/v7-m/nofp\libg.a(lib_a-impure.o)
                0x0800bee0                _global_impure_ptr
 .rodata._vfprintf_r.str1.4
                0x0800bee4       0x42 c:/progra~2/gnuarm~1/102020~1/bin/../lib/gcc/arm-none-eabi/10.2.1/../../../../arm-none-eabi/lib/thumb/v7-m/nofp\libg.a(lib_a-vfprintf.o)
 *fill*         0x0800bf26        0x2 
 .rodata.blanks.1
                0x0800bf28       0x10 c:/progra~2/gnuarm~1/102020~1/bin/../lib/gcc/arm-none-eabi/10.2.1/../../../../arm-none-eabi/lib/thumb/v7-m/nofp\libg.a(lib_a-vfprintf.o)
 .rodata.zeroes.0
                0x0800bf38       0x10 c:/progra~2/gnuarm~1/102020~1/bin/../lib/gcc/arm-none-eabi/10.2.1/../../../../arm-none-eabi/lib/thumb/v7-m/nofp\libg.a(lib_a-vfprintf.o)
 .rodata._dtoa_r.str1.4
                0x0800bf48       0xa1 c:/progra~2/gnuarm~1/102020~1/bin/../lib/gcc/arm-none-eabi/10.2.1/../../../../arm-none-eabi/lib/thumb/v7-m/nofp\libg.a(lib_a-dtoa.o)
                                 0xa5 (size before relaxing)
 *fill*         0x0800bfe9        0x3 
 .rodata.__multadd.str1.4
                0x0800bfec       0x7e c:/progra~2/gnuarm~1/102020~1/bin/../lib/gcc/arm-none-eabi/10.2.1/../../../../arm-none-eabi/lib/thumb/v7-m/nofp\libg.a(lib_a-mprec.o)
                                 0x92 (size before relaxing)
 *fill*         0x0800c06a        0x6 
 .rodata.__mprec_bigtens
                0x0800c070       0x28 c:/progra~2/gnuarm~1/102020~1/bin/../lib/gcc/arm-none-eabi/10.2.1/../../../../arm-none-eabi/lib/thumb/v7-m/nofp\libg.a(lib_a-mprec.o)
                0x0800c070                __mprec_bigtens
 .rodata.__mprec_tens
                0x0800c098       0xc8 c:/progra~2/gnuarm~1/102020~1/bin/../lib/gcc/arm-none-eabi/10.2.1/../../../../arm-none-eabi/lib/thumb/v7-m/nofp\libg.a(lib_a-mprec.o)
                0x0800c098                __mprec_tens
 .rodata.p05.0  0x0800c160        0xc c:/progra~2/gnuarm~1/102020~1/bin/../lib/gcc/arm-none-eabi/10.2.1/../../../../arm-none-eabi/lib/thumb/v7-m/nofp\libg.a(lib_a-mprec.o)
 .rodata._vfiprintf_r.str1.4
                0x0800c16c       0x2f c:/progra~2/gnuarm~1/102020~1/bin/../lib/gcc/arm-none-eabi/10.2.1/../../../../arm-none-eabi/lib/thumb/v7-m/nofp\libg.a(lib_a-vfiprintf.o)
 .rodata.blanks.1
                0x0800c16c       0x10 c:/progra~2/gnuarm~1/102020~1/bin/../lib/gcc/arm-none-eabi/10.2.1/../../../../arm-none-eabi/lib/thumb/v7-m/nofp\libg.a(lib_a-vfiprintf.o)
 .rodata.zeroes.0
                0x0800c17c       0x10 c:/progra~2/gnuarm~1/102020~1/bin/../lib/gcc/arm-none-eabi/10.2.1/../../../../arm-none-eabi/lib/thumb/v7-m/nofp\libg.a(lib_a-vfiprintf.o)
 .rodata.__assert_func.str1.4
                0x0800c18c       0x3f c:/progra~2/gnuarm~1/102020~1/bin/../lib/gcc/arm-none-eabi/10.2.1/../../../../arm-none-eabi/lib/thumb/v7-m/nofp\libg.a(lib_a-assert.o)
                                 0x43 (size before relaxing)
 *fill*         0x0800c1cb        0x1 
 .rodata._setlocale_r.str1.4
                0x0800c1cc        0xa c:/progra~2/gnuarm~1/102020~1/bin/../lib/gcc/arm-none-eabi/10.2.1/../../../../arm-none-eabi/lib/thumb/v7-m/nofp\libg.a(lib_a-locale.o)
                                  0xd (size before relaxing)
 *fill*         0x0800c1d6        0x2 
 .rodata.str1.4
                0x0800c1d8        0x2 c:/progra~2/gnuarm~1/102020~1/bin/../lib/gcc/arm-none-eabi/10.2.1/../../../../arm-none-eabi/lib/thumb/v7-m/nofp\libg.a(lib_a-locale.o)
 *fill*         0x0800c1da        0x2 
 .rodata._ctype_
                0x0800c1dc      0x101 c:/progra~2/gnuarm~1/102020~1/bin/../lib/gcc/arm-none-eabi/10.2.1/../../../../arm-none-eabi/lib/thumb/v7-m/nofp\libg.a(lib_a-ctype_.o)
                0x0800c1dc                _ctype_
 *fill*         0x0800c2dd        0x3 
 .rodata.npio2_hw
                0x0800c2e0       0x80 c:/progra~2/gnuarm~1/102020~1/bin/../lib/gcc/arm-none-eabi/10.2.1/../../../../arm-none-eabi/lib/thumb/v7-m/nofp\libm.a(lib_a-e_rem_pio2.o)
 .rodata.two_over_pi
                0x0800c360      0x108 c:/progra~2/gnuarm~1/102020~1/bin/../lib/gcc/arm-none-eabi/10.2.1/../../../../arm-none-eabi/lib/thumb/v7-m/nofp\libm.a(lib_a-e_rem_pio2.o)
 .rodata.PIo2   0x0800c468       0x40 c:/progra~2/gnuarm~1/102020~1/bin/../lib/gcc/arm-none-eabi/10.2.1/../../../../arm-none-eabi/lib/thumb/v7-m/nofp\libm.a(lib_a-k_rem_pio2.o)
 .rodata.init_jk
                0x0800c4a8       0x10 c:/progra~2/gnuarm~1/102020~1/bin/../lib/gcc/arm-none-eabi/10.2.1/../../../../arm-none-eabi/lib/thumb/v7-m/nofp\libm.a(lib_a-k_rem_pio2.o)
                0x0800c4b8                . = ALIGN (0x4)

.ARM.extab      0x0800c4b8        0x0
                0x0800c4b8                . = ALIGN (0x4)
 *(.ARM.extab* .gnu.linkonce.armextab.*)
                0x0800c4b8                . = ALIGN (0x4)

.ARM            0x0800c4b8        0x8
                0x0800c4b8                . = ALIGN (0x4)
                0x0800c4b8                __exidx_start = .
 *(.ARM.exidx*)
 .ARM.exidx     0x0800c4b8        0x8 c:/progra~2/gnuarm~1/102020~1/bin/../lib/gcc/arm-none-eabi/10.2.1/thumb/v7-m/nofp\libgcc.a(_udivmoddi4.o)
                0x0800c4c0                __exidx_end = .
                0x0800c4c0                . = ALIGN (0x4)

.rel.dyn        0x0800c4c0        0x0
 .rel.iplt      0x0800c4c0        0x0 c:/progra~2/gnuarm~1/102020~1/bin/../lib/gcc/arm-none-eabi/10.2.1/thumb/v7-m/nofp/crtbegin.o

.preinit_array  0x0800c4c0        0x0
                0x0800c4c0                . = ALIGN (0x4)
                0x0800c4c0                PROVIDE (__preinit_array_start = .)
 *(.preinit_array*)
                0x0800c4c0                PROVIDE (__preinit_array_end = .)
                0x0800c4c0                . = ALIGN (0x4)

.init_array     0x0800c4c0        0x8
                0x0800c4c0                . = ALIGN (0x4)
                0x0800c4c0                PROVIDE (__init_array_start = .)
 *(SORT_BY_NAME(.init_array.*))
 .init_array.00000
                0x0800c4c0        0x4 c:/progra~2/gnuarm~1/102020~1/bin/../lib/gcc/arm-none-eabi/10.2.1/../../../../arm-none-eabi/lib/thumb/v7-m/nofp\libg.a(lib_a-__call_atexit.o)
 *(.init_array*)
 .init_array    0x0800c4c4        0x4 c:/progra~2/gnuarm~1/102020~1/bin/../lib/gcc/arm-none-eabi/10.2.1/thumb/v7-m/nofp/crtbegin.o
                0x0800c4c8                PROVIDE (__init_array_end = .)
                0x0800c4c8                . = ALIGN (0x4)

.fini_array     0x0800c4c8        0x4
                0x0800c4c8                . = ALIGN (0x4)
                0x0800c4c8                PROVIDE (__fini_array_start = .)
 *(SORT_BY_NAME(.fini_array.*))
 *(.fini_array*)
 .fini_array    0x0800c4c8        0x4 c:/progra~2/gnuarm~1/102020~1/bin/../lib/gcc/arm-none-eabi/10.2.1/thumb/v7-m/nofp/crtbegin.o
                0x0800c4cc                PROVIDE (__fini_array_end = .)
                0x0800c4cc                . = ALIGN (0x4)
                0x0800c4cc                _sidata = LOADADDR (.data)

.data           0x20000000      0x9b8 load address 0x0800c4cc
                0x20000000                . = ALIGN (0x4)
                0x20000000                _sdata = .
 *(.data)
 *(.data*)
 .data.SystemCoreClock
                0x20000000        0x4 CMakeFiles/FOC_v1.2.elf.dir/Core/Src/system_stm32f1xx.c.obj
                0x20000000                SystemCoreClock
 .data.uwTickFreq
                0x20000004        0x1 CMakeFiles/FOC_v1.2.elf.dir/Drivers/STM32F1xx_HAL_Driver/Src/stm32f1xx_hal.c.obj
                0x20000004                uwTickFreq
 *fill*         0x20000005        0x3 
 .data.uwTickPrio
                0x20000008        0x4 CMakeFiles/FOC_v1.2.elf.dir/Drivers/STM32F1xx_HAL_Driver/Src/stm32f1xx_hal.c.obj
                0x20000008                uwTickPrio
 .data._impure_ptr
                0x2000000c        0x4 c:/progra~2/gnuarm~1/102020~1/bin/../lib/gcc/arm-none-eabi/10.2.1/../../../../arm-none-eabi/lib/thumb/v7-m/nofp\libg.a(lib_a-impure.o)
                0x2000000c                _impure_ptr
 .data.impure_data
                0x20000010      0x428 c:/progra~2/gnuarm~1/102020~1/bin/../lib/gcc/arm-none-eabi/10.2.1/../../../../arm-none-eabi/lib/thumb/v7-m/nofp\libg.a(lib_a-impure.o)
 .data.__atexit_recursive_mutex
                0x20000438        0x4 c:/progra~2/gnuarm~1/102020~1/bin/../lib/gcc/arm-none-eabi/10.2.1/../../../../arm-none-eabi/lib/thumb/v7-m/nofp\libg.a(lib_a-__call_atexit.o)
                0x20000438                __atexit_recursive_mutex
 .data.__malloc_av_
                0x2000043c      0x408 c:/progra~2/gnuarm~1/102020~1/bin/../lib/gcc/arm-none-eabi/10.2.1/../../../../arm-none-eabi/lib/thumb/v7-m/nofp\libg.a(lib_a-mallocr.o)
                0x2000043c                __malloc_av_
 .data.__malloc_sbrk_base
                0x20000844        0x4 c:/progra~2/gnuarm~1/102020~1/bin/../lib/gcc/arm-none-eabi/10.2.1/../../../../arm-none-eabi/lib/thumb/v7-m/nofp\libg.a(lib_a-mallocr.o)
                0x20000844                __malloc_sbrk_base
 .data.__malloc_trim_threshold
                0x20000848        0x4 c:/progra~2/gnuarm~1/102020~1/bin/../lib/gcc/arm-none-eabi/10.2.1/../../../../arm-none-eabi/lib/thumb/v7-m/nofp\libg.a(lib_a-mallocr.o)
                0x20000848                __malloc_trim_threshold
 .data.__global_locale
                0x2000084c      0x16c c:/progra~2/gnuarm~1/102020~1/bin/../lib/gcc/arm-none-eabi/10.2.1/../../../../arm-none-eabi/lib/thumb/v7-m/nofp\libg.a(lib_a-locale.o)
                0x2000084c                __global_locale
 *(.RamFunc)
 *(.RamFunc*)
                0x200009b8                . = ALIGN (0x4)
                0x200009b8                _edata = .

.igot.plt       0x200009b8        0x0 load address 0x0800ce84
 .igot.plt      0x200009b8        0x0 c:/progra~2/gnuarm~1/102020~1/bin/../lib/gcc/arm-none-eabi/10.2.1/thumb/v7-m/nofp/crtbegin.o
                0x200009b8                . = ALIGN (0x4)

.bss            0x200009b8      0x244 load address 0x0800ce84
                0x200009b8                _sbss = .
                0x200009b8                __bss_start__ = _sbss
 *(.bss)
 .bss           0x200009b8       0x1c c:/progra~2/gnuarm~1/102020~1/bin/../lib/gcc/arm-none-eabi/10.2.1/thumb/v7-m/nofp/crtbegin.o
 *(.bss*)
 .bss.hadc1     0x200009d4       0x30 CMakeFiles/FOC_v1.2.elf.dir/Core/Src/adc.c.obj
                0x200009d4                hadc1
 .bss.hdma_adc1
                0x20000a04       0x44 CMakeFiles/FOC_v1.2.elf.dir/Core/Src/adc.c.obj
                0x20000a04                hdma_adc1
 .bss.hi2c1     0x20000a48       0x54 CMakeFiles/FOC_v1.2.elf.dir/Core/Src/i2c.c.obj
                0x20000a48                hi2c1
 .bss.__sbrk_heap_end
                0x20000a9c        0x4 CMakeFiles/FOC_v1.2.elf.dir/Core/Src/sysmem.c.obj
 .bss.htim2     0x20000aa0       0x48 CMakeFiles/FOC_v1.2.elf.dir/Core/Src/tim.c.obj
                0x20000aa0                htim2
 .bss.huart1    0x20000ae8       0x48 CMakeFiles/FOC_v1.2.elf.dir/Core/Src/usart.c.obj
                0x20000ae8                huart1
 .bss.uwTick    0x20000b30        0x4 CMakeFiles/FOC_v1.2.elf.dir/Drivers/STM32F1xx_HAL_Driver/Src/stm32f1xx_hal.c.obj
                0x20000b30                uwTick
 .bss.AS5600_buffer
                0x20000b34        0x2 CMakeFiles/FOC_v1.2.elf.dir/Hardware/AS5600.c.obj
                0x20000b34                AS5600_buffer
 *fill*         0x20000b36        0x2 
 .bss.Motor_2208
                0x20000b38       0x2c CMakeFiles/FOC_v1.2.elf.dir/Hardware/foc_ctrl.c.obj
                0x20000b38                Motor_2208
 .bss.T_count.1
                0x20000b64        0x4 CMakeFiles/FOC_v1.2.elf.dir/Hardware/foc_ctrl.c.obj
 .bss.position_loop
                0x20000b68       0x48 CMakeFiles/FOC_v1.2.elf.dir/Hardware/foc_ctrl.c.obj
                0x20000b68                position_loop
 .bss.target_angle.0
                0x20000bb0        0x4 CMakeFiles/FOC_v1.2.elf.dir/Hardware/foc_ctrl.c.obj
 .bss.__lock___atexit_recursive_mutex
                0x20000bb4        0x1 c:/progra~2/gnuarm~1/102020~1/bin/../lib/gcc/arm-none-eabi/10.2.1/../../../../arm-none-eabi/lib/thumb/v7-m/nofp\libg.a(lib_a-lock.o)
                0x20000bb4                __lock___atexit_recursive_mutex
 *fill*         0x20000bb5        0x3 
 .bss.__lock___malloc_recursive_mutex
                0x20000bb8        0x1 c:/progra~2/gnuarm~1/102020~1/bin/../lib/gcc/arm-none-eabi/10.2.1/../../../../arm-none-eabi/lib/thumb/v7-m/nofp\libg.a(lib_a-lock.o)
                0x20000bb8                __lock___malloc_recursive_mutex
 *fill*         0x20000bb9        0x3 
 .bss.__lock___sfp_recursive_mutex
                0x20000bbc        0x1 c:/progra~2/gnuarm~1/102020~1/bin/../lib/gcc/arm-none-eabi/10.2.1/../../../../arm-none-eabi/lib/thumb/v7-m/nofp\libg.a(lib_a-lock.o)
                0x20000bbc                __lock___sfp_recursive_mutex
 *fill*         0x20000bbd        0x3 
 .bss.__lock___sinit_recursive_mutex
                0x20000bc0        0x1 c:/progra~2/gnuarm~1/102020~1/bin/../lib/gcc/arm-none-eabi/10.2.1/../../../../arm-none-eabi/lib/thumb/v7-m/nofp\libg.a(lib_a-lock.o)
                0x20000bc0                __lock___sinit_recursive_mutex
 *fill*         0x20000bc1        0x3 
 .bss.__malloc_current_mallinfo
                0x20000bc4       0x28 c:/progra~2/gnuarm~1/102020~1/bin/../lib/gcc/arm-none-eabi/10.2.1/../../../../arm-none-eabi/lib/thumb/v7-m/nofp\libg.a(lib_a-mallocr.o)
                0x20000bc4                __malloc_current_mallinfo
 .bss.__malloc_max_sbrked_mem
                0x20000bec        0x4 c:/progra~2/gnuarm~1/102020~1/bin/../lib/gcc/arm-none-eabi/10.2.1/../../../../arm-none-eabi/lib/thumb/v7-m/nofp\libg.a(lib_a-mallocr.o)
                0x20000bec                __malloc_max_sbrked_mem
 .bss.__malloc_max_total_mem
                0x20000bf0        0x4 c:/progra~2/gnuarm~1/102020~1/bin/../lib/gcc/arm-none-eabi/10.2.1/../../../../arm-none-eabi/lib/thumb/v7-m/nofp\libg.a(lib_a-mallocr.o)
                0x20000bf0                __malloc_max_total_mem
 .bss.__malloc_top_pad
                0x20000bf4        0x4 c:/progra~2/gnuarm~1/102020~1/bin/../lib/gcc/arm-none-eabi/10.2.1/../../../../arm-none-eabi/lib/thumb/v7-m/nofp\libg.a(lib_a-mallocr.o)
                0x20000bf4                __malloc_top_pad
 .bss.errno     0x20000bf8        0x4 c:/progra~2/gnuarm~1/102020~1/bin/../lib/gcc/arm-none-eabi/10.2.1/../../../../arm-none-eabi/lib/thumb/v7-m/nofp\libg.a(lib_a-reent.o)
                0x20000bf8                errno
 *(COMMON)
                0x20000bfc                . = ALIGN (0x4)
                0x20000bfc                _ebss = .
                0x20000bfc                __bss_end__ = _ebss

._user_heap_stack
                0x20000bfc      0x604 load address 0x0800ce84
                0x20000c00                . = ALIGN (0x8)
 *fill*         0x20000bfc        0x4 
                [!provide]                PROVIDE (end = .)
                0x20000c00                PROVIDE (_end = .)
                0x20000e00                . = (. + _Min_Heap_Size)
 *fill*         0x20000c00      0x200 
                0x20001200                . = (. + _Min_Stack_Size)
 *fill*         0x20000e00      0x400 
                0x20001200                . = ALIGN (0x8)

/DISCARD/
 libc.a(*)
 libm.a(*)
 libgcc.a(*)

.ARM.attributes
                0x00000000       0x29
 *(.ARM.attributes)
 .ARM.attributes
                0x00000000       0x1d c:/progra~2/gnuarm~1/102020~1/bin/../lib/gcc/arm-none-eabi/10.2.1/thumb/v7-m/nofp/crti.o
 .ARM.attributes
                0x0000001d       0x2d c:/progra~2/gnuarm~1/102020~1/bin/../lib/gcc/arm-none-eabi/10.2.1/thumb/v7-m/nofp/crtbegin.o
 .ARM.attributes
                0x0000004a       0x2d CMakeFiles/FOC_v1.2.elf.dir/Core/Src/adc.c.obj
 .ARM.attributes
                0x00000077       0x2d CMakeFiles/FOC_v1.2.elf.dir/Core/Src/dma.c.obj
 .ARM.attributes
                0x000000a4       0x2d CMakeFiles/FOC_v1.2.elf.dir/Core/Src/gpio.c.obj
 .ARM.attributes
                0x000000d1       0x2d CMakeFiles/FOC_v1.2.elf.dir/Core/Src/i2c.c.obj
 .ARM.attributes
                0x000000fe       0x2d CMakeFiles/FOC_v1.2.elf.dir/Core/Src/main.c.obj
 .ARM.attributes
                0x0000012b       0x2d CMakeFiles/FOC_v1.2.elf.dir/Core/Src/stm32f1xx_hal_msp.c.obj
 .ARM.attributes
                0x00000158       0x2d CMakeFiles/FOC_v1.2.elf.dir/Core/Src/stm32f1xx_it.c.obj
 .ARM.attributes
                0x00000185       0x2d CMakeFiles/FOC_v1.2.elf.dir/Core/Src/syscalls.c.obj
 .ARM.attributes
                0x000001b2       0x2d CMakeFiles/FOC_v1.2.elf.dir/Core/Src/sysmem.c.obj
 .ARM.attributes
                0x000001df       0x2d CMakeFiles/FOC_v1.2.elf.dir/Core/Src/system_stm32f1xx.c.obj
 .ARM.attributes
                0x0000020c       0x2d CMakeFiles/FOC_v1.2.elf.dir/Core/Src/tim.c.obj
 .ARM.attributes
                0x00000239       0x2d CMakeFiles/FOC_v1.2.elf.dir/Core/Src/usart.c.obj
 .ARM.attributes
                0x00000266       0x21 CMakeFiles/FOC_v1.2.elf.dir/Core/Startup/startup_stm32f103c8tx.s.obj
 .ARM.attributes
                0x00000287       0x2d CMakeFiles/FOC_v1.2.elf.dir/Drivers/STM32F1xx_HAL_Driver/Src/stm32f1xx_hal.c.obj
 .ARM.attributes
                0x000002b4       0x2d CMakeFiles/FOC_v1.2.elf.dir/Drivers/STM32F1xx_HAL_Driver/Src/stm32f1xx_hal_adc.c.obj
 .ARM.attributes
                0x000002e1       0x2d CMakeFiles/FOC_v1.2.elf.dir/Drivers/STM32F1xx_HAL_Driver/Src/stm32f1xx_hal_cortex.c.obj
 .ARM.attributes
                0x0000030e       0x2d CMakeFiles/FOC_v1.2.elf.dir/Drivers/STM32F1xx_HAL_Driver/Src/stm32f1xx_hal_dma.c.obj
 .ARM.attributes
                0x0000033b       0x2d CMakeFiles/FOC_v1.2.elf.dir/Drivers/STM32F1xx_HAL_Driver/Src/stm32f1xx_hal_gpio.c.obj
 .ARM.attributes
                0x00000368       0x2d CMakeFiles/FOC_v1.2.elf.dir/Drivers/STM32F1xx_HAL_Driver/Src/stm32f1xx_hal_i2c.c.obj
 .ARM.attributes
                0x00000395       0x2d CMakeFiles/FOC_v1.2.elf.dir/Drivers/STM32F1xx_HAL_Driver/Src/stm32f1xx_hal_rcc.c.obj
 .ARM.attributes
                0x000003c2       0x2d CMakeFiles/FOC_v1.2.elf.dir/Drivers/STM32F1xx_HAL_Driver/Src/stm32f1xx_hal_rcc_ex.c.obj
 .ARM.attributes
                0x000003ef       0x2d CMakeFiles/FOC_v1.2.elf.dir/Drivers/STM32F1xx_HAL_Driver/Src/stm32f1xx_hal_tim.c.obj
 .ARM.attributes
                0x0000041c       0x2d CMakeFiles/FOC_v1.2.elf.dir/Drivers/STM32F1xx_HAL_Driver/Src/stm32f1xx_hal_tim_ex.c.obj
 .ARM.attributes
                0x00000449       0x2d CMakeFiles/FOC_v1.2.elf.dir/Drivers/STM32F1xx_HAL_Driver/Src/stm32f1xx_hal_uart.c.obj
 .ARM.attributes
                0x00000476       0x2d CMakeFiles/FOC_v1.2.elf.dir/Hardware/AS5600.c.obj
 .ARM.attributes
                0x000004a3       0x2d CMakeFiles/FOC_v1.2.elf.dir/Hardware/foc_ctrl.c.obj
 .ARM.attributes
                0x000004d0       0x2d CMakeFiles/FOC_v1.2.elf.dir/Hardware/pid.c.obj
 .ARM.attributes
                0x000004fd       0x1d c:/progra~2/gnuarm~1/102020~1/bin/../lib/gcc/arm-none-eabi/10.2.1/thumb/v7-m/nofp\libgcc.a(_arm_addsubdf3.o)
 .ARM.attributes
                0x0000051a       0x1d c:/progra~2/gnuarm~1/102020~1/bin/../lib/gcc/arm-none-eabi/10.2.1/thumb/v7-m/nofp\libgcc.a(_arm_truncdfsf2.o)
 .ARM.attributes
                0x00000537       0x1d c:/progra~2/gnuarm~1/102020~1/bin/../lib/gcc/arm-none-eabi/10.2.1/thumb/v7-m/nofp\libgcc.a(_arm_addsubsf3.o)
 .ARM.attributes
                0x00000554       0x1d c:/progra~2/gnuarm~1/102020~1/bin/../lib/gcc/arm-none-eabi/10.2.1/thumb/v7-m/nofp\libgcc.a(_arm_muldivsf3.o)
 .ARM.attributes
                0x00000571       0x1d c:/progra~2/gnuarm~1/102020~1/bin/../lib/gcc/arm-none-eabi/10.2.1/thumb/v7-m/nofp\libgcc.a(_arm_cmpsf2.o)
 .ARM.attributes
                0x0000058e       0x1d c:/progra~2/gnuarm~1/102020~1/bin/../lib/gcc/arm-none-eabi/10.2.1/thumb/v7-m/nofp\libgcc.a(_arm_fixunssfsi.o)
 .ARM.attributes
                0x000005ab       0x2d c:/progra~2/gnuarm~1/102020~1/bin/../lib/gcc/arm-none-eabi/10.2.1/../../../../arm-none-eabi/lib/thumb/v7-m/nofp\libg.a(lib_a-errno.o)
 .ARM.attributes
                0x000005d8       0x2d c:/progra~2/gnuarm~1/102020~1/bin/../lib/gcc/arm-none-eabi/10.2.1/../../../../arm-none-eabi/lib/thumb/v7-m/nofp\libg.a(lib_a-impure.o)
 .ARM.attributes
                0x00000605       0x2d c:/progra~2/gnuarm~1/102020~1/bin/../lib/gcc/arm-none-eabi/10.2.1/../../../../arm-none-eabi/lib/thumb/v7-m/nofp\libg.a(lib_a-init.o)
 .ARM.attributes
                0x00000632       0x2d c:/progra~2/gnuarm~1/102020~1/bin/../lib/gcc/arm-none-eabi/10.2.1/../../../../arm-none-eabi/lib/thumb/v7-m/nofp\libg.a(lib_a-memset.o)
 .ARM.attributes
                0x0000065f       0x2d c:/progra~2/gnuarm~1/102020~1/bin/../lib/gcc/arm-none-eabi/10.2.1/../../../../arm-none-eabi/lib/thumb/v7-m/nofp\libg.a(lib_a-printf.o)
 .ARM.attributes
                0x0000068c       0x2d c:/progra~2/gnuarm~1/102020~1/bin/../lib/gcc/arm-none-eabi/10.2.1/../../../../arm-none-eabi/lib/thumb/v7-m/nofp\libg.a(lib_a-vfprintf.o)
 .ARM.attributes
                0x000006b9       0x2d c:/progra~2/gnuarm~1/102020~1/bin/../lib/gcc/arm-none-eabi/10.2.1/../../../../arm-none-eabi/lib/thumb/v7-m/nofp\libg.a(lib_a-wsetup.o)
 .ARM.attributes
                0x000006e6       0x2d c:/progra~2/gnuarm~1/102020~1/bin/../lib/gcc/arm-none-eabi/10.2.1/../../../../arm-none-eabi/lib/thumb/v7-m/nofp\libg.a(lib_a-__call_atexit.o)
 .ARM.attributes
                0x00000713       0x2d c:/progra~2/gnuarm~1/102020~1/bin/../lib/gcc/arm-none-eabi/10.2.1/../../../../arm-none-eabi/lib/thumb/v7-m/nofp\libg.a(lib_a-atexit.o)
 .ARM.attributes
                0x00000740       0x2d c:/progra~2/gnuarm~1/102020~1/bin/../lib/gcc/arm-none-eabi/10.2.1/../../../../arm-none-eabi/lib/thumb/v7-m/nofp\libg.a(lib_a-dtoa.o)
 .ARM.attributes
                0x0000076d       0x2d c:/progra~2/gnuarm~1/102020~1/bin/../lib/gcc/arm-none-eabi/10.2.1/../../../../arm-none-eabi/lib/thumb/v7-m/nofp\libg.a(lib_a-fflush.o)
 .ARM.attributes
                0x0000079a       0x2d c:/progra~2/gnuarm~1/102020~1/bin/../lib/gcc/arm-none-eabi/10.2.1/../../../../arm-none-eabi/lib/thumb/v7-m/nofp\libg.a(lib_a-findfp.o)
 .ARM.attributes
                0x000007c7       0x2d c:/progra~2/gnuarm~1/102020~1/bin/../lib/gcc/arm-none-eabi/10.2.1/../../../../arm-none-eabi/lib/thumb/v7-m/nofp\libg.a(lib_a-fini.o)
 .ARM.attributes
                0x000007f4       0x2d c:/progra~2/gnuarm~1/102020~1/bin/../lib/gcc/arm-none-eabi/10.2.1/../../../../arm-none-eabi/lib/thumb/v7-m/nofp\libg.a(lib_a-freer.o)
 .ARM.attributes
                0x00000821       0x2d c:/progra~2/gnuarm~1/102020~1/bin/../lib/gcc/arm-none-eabi/10.2.1/../../../../arm-none-eabi/lib/thumb/v7-m/nofp\libg.a(lib_a-fwalk.o)
 .ARM.attributes
                0x0000084e       0x2d c:/progra~2/gnuarm~1/102020~1/bin/../lib/gcc/arm-none-eabi/10.2.1/../../../../arm-none-eabi/lib/thumb/v7-m/nofp\libg.a(lib_a-localeconv.o)
 .ARM.attributes
                0x0000087b       0x2d c:/progra~2/gnuarm~1/102020~1/bin/../lib/gcc/arm-none-eabi/10.2.1/../../../../arm-none-eabi/lib/thumb/v7-m/nofp\libg.a(lib_a-lock.o)
 .ARM.attributes
                0x000008a8       0x2d c:/progra~2/gnuarm~1/102020~1/bin/../lib/gcc/arm-none-eabi/10.2.1/../../../../arm-none-eabi/lib/thumb/v7-m/nofp\libg.a(lib_a-makebuf.o)
 .ARM.attributes
                0x000008d5       0x2d c:/progra~2/gnuarm~1/102020~1/bin/../lib/gcc/arm-none-eabi/10.2.1/../../../../arm-none-eabi/lib/thumb/v7-m/nofp\libg.a(lib_a-mallocr.o)
 .ARM.attributes
                0x00000902       0x2d c:/progra~2/gnuarm~1/102020~1/bin/../lib/gcc/arm-none-eabi/10.2.1/../../../../arm-none-eabi/lib/thumb/v7-m/nofp\libg.a(lib_a-memchr-stub.o)
 .ARM.attributes
                0x0000092f       0x1b c:/progra~2/gnuarm~1/102020~1/bin/../lib/gcc/arm-none-eabi/10.2.1/../../../../arm-none-eabi/lib/thumb/v7-m/nofp\libg.a(lib_a-memcpy.o)
 .ARM.attributes
                0x0000094a       0x2d c:/progra~2/gnuarm~1/102020~1/bin/../lib/gcc/arm-none-eabi/10.2.1/../../../../arm-none-eabi/lib/thumb/v7-m/nofp\libg.a(lib_a-mlock.o)
 .ARM.attributes
                0x00000977       0x2d c:/progra~2/gnuarm~1/102020~1/bin/../lib/gcc/arm-none-eabi/10.2.1/../../../../arm-none-eabi/lib/thumb/v7-m/nofp\libg.a(lib_a-mprec.o)
 .ARM.attributes
                0x000009a4       0x2d c:/progra~2/gnuarm~1/102020~1/bin/../lib/gcc/arm-none-eabi/10.2.1/../../../../arm-none-eabi/lib/thumb/v7-m/nofp\libg.a(lib_a-s_frexp.o)
 .ARM.attributes
                0x000009d1       0x2d c:/progra~2/gnuarm~1/102020~1/bin/../lib/gcc/arm-none-eabi/10.2.1/../../../../arm-none-eabi/lib/thumb/v7-m/nofp\libg.a(lib_a-sbrkr.o)
 .ARM.attributes
                0x000009fe       0x2d c:/progra~2/gnuarm~1/102020~1/bin/../lib/gcc/arm-none-eabi/10.2.1/../../../../arm-none-eabi/lib/thumb/v7-m/nofp\libg.a(lib_a-stdio.o)
 .ARM.attributes
                0x00000a2b       0x2d c:/progra~2/gnuarm~1/102020~1/bin/../lib/gcc/arm-none-eabi/10.2.1/../../../../arm-none-eabi/lib/thumb/v7-m/nofp\libg.a(lib_a-strlen-stub.o)
 .ARM.attributes
                0x00000a58       0x2d c:/progra~2/gnuarm~1/102020~1/bin/../lib/gcc/arm-none-eabi/10.2.1/../../../../arm-none-eabi/lib/thumb/v7-m/nofp\libg.a(lib_a-strncpy.o)
 .ARM.attributes
                0x00000a85       0x2d c:/progra~2/gnuarm~1/102020~1/bin/../lib/gcc/arm-none-eabi/10.2.1/../../../../arm-none-eabi/lib/thumb/v7-m/nofp\libg.a(lib_a-vfiprintf.o)
 .ARM.attributes
                0x00000ab2       0x2d c:/progra~2/gnuarm~1/102020~1/bin/../lib/gcc/arm-none-eabi/10.2.1/../../../../arm-none-eabi/lib/thumb/v7-m/nofp\libg.a(lib_a-writer.o)
 .ARM.attributes
                0x00000adf       0x2d c:/progra~2/gnuarm~1/102020~1/bin/../lib/gcc/arm-none-eabi/10.2.1/../../../../arm-none-eabi/lib/thumb/v7-m/nofp\libg.a(lib_a-__atexit.o)
 .ARM.attributes
                0x00000b0c       0x2d c:/progra~2/gnuarm~1/102020~1/bin/../lib/gcc/arm-none-eabi/10.2.1/../../../../arm-none-eabi/lib/thumb/v7-m/nofp\libg.a(lib_a-assert.o)
 .ARM.attributes
                0x00000b39       0x2d c:/progra~2/gnuarm~1/102020~1/bin/../lib/gcc/arm-none-eabi/10.2.1/../../../../arm-none-eabi/lib/thumb/v7-m/nofp\libg.a(lib_a-callocr.o)
 .ARM.attributes
                0x00000b66       0x2d c:/progra~2/gnuarm~1/102020~1/bin/../lib/gcc/arm-none-eabi/10.2.1/../../../../arm-none-eabi/lib/thumb/v7-m/nofp\libg.a(lib_a-closer.o)
 .ARM.attributes
                0x00000b93       0x2d c:/progra~2/gnuarm~1/102020~1/bin/../lib/gcc/arm-none-eabi/10.2.1/../../../../arm-none-eabi/lib/thumb/v7-m/nofp\libg.a(lib_a-fclose.o)
 .ARM.attributes
                0x00000bc0       0x2d c:/progra~2/gnuarm~1/102020~1/bin/../lib/gcc/arm-none-eabi/10.2.1/../../../../arm-none-eabi/lib/thumb/v7-m/nofp\libg.a(lib_a-fiprintf.o)
 .ARM.attributes
                0x00000bed       0x2d c:/progra~2/gnuarm~1/102020~1/bin/../lib/gcc/arm-none-eabi/10.2.1/../../../../arm-none-eabi/lib/thumb/v7-m/nofp\libg.a(lib_a-fputwc.o)
 .ARM.attributes
                0x00000c1a       0x2d c:/progra~2/gnuarm~1/102020~1/bin/../lib/gcc/arm-none-eabi/10.2.1/../../../../arm-none-eabi/lib/thumb/v7-m/nofp\libg.a(lib_a-fstatr.o)
 .ARM.attributes
                0x00000c47       0x2d c:/progra~2/gnuarm~1/102020~1/bin/../lib/gcc/arm-none-eabi/10.2.1/../../../../arm-none-eabi/lib/thumb/v7-m/nofp\libg.a(lib_a-fvwrite.o)
 .ARM.attributes
                0x00000c74       0x2d c:/progra~2/gnuarm~1/102020~1/bin/../lib/gcc/arm-none-eabi/10.2.1/../../../../arm-none-eabi/lib/thumb/v7-m/nofp\libg.a(lib_a-isattyr.o)
 .ARM.attributes
                0x00000ca1       0x2d c:/progra~2/gnuarm~1/102020~1/bin/../lib/gcc/arm-none-eabi/10.2.1/../../../../arm-none-eabi/lib/thumb/v7-m/nofp\libg.a(lib_a-locale.o)
 .ARM.attributes
                0x00000cce       0x2d c:/progra~2/gnuarm~1/102020~1/bin/../lib/gcc/arm-none-eabi/10.2.1/../../../../arm-none-eabi/lib/thumb/v7-m/nofp\libg.a(lib_a-lseekr.o)
 .ARM.attributes
                0x00000cfb       0x2d c:/progra~2/gnuarm~1/102020~1/bin/../lib/gcc/arm-none-eabi/10.2.1/../../../../arm-none-eabi/lib/thumb/v7-m/nofp\libg.a(lib_a-mbtowc_r.o)
 .ARM.attributes
                0x00000d28       0x2d c:/progra~2/gnuarm~1/102020~1/bin/../lib/gcc/arm-none-eabi/10.2.1/../../../../arm-none-eabi/lib/thumb/v7-m/nofp\libg.a(lib_a-memmove.o)
 .ARM.attributes
                0x00000d55       0x2d c:/progra~2/gnuarm~1/102020~1/bin/../lib/gcc/arm-none-eabi/10.2.1/../../../../arm-none-eabi/lib/thumb/v7-m/nofp\libg.a(lib_a-readr.o)
 .ARM.attributes
                0x00000d82       0x2d c:/progra~2/gnuarm~1/102020~1/bin/../lib/gcc/arm-none-eabi/10.2.1/../../../../arm-none-eabi/lib/thumb/v7-m/nofp\libg.a(lib_a-reallocr.o)
 .ARM.attributes
                0x00000daf       0x2d c:/progra~2/gnuarm~1/102020~1/bin/../lib/gcc/arm-none-eabi/10.2.1/../../../../arm-none-eabi/lib/thumb/v7-m/nofp\libg.a(lib_a-reent.o)
 .ARM.attributes
                0x00000ddc       0x2d c:/progra~2/gnuarm~1/102020~1/bin/../lib/gcc/arm-none-eabi/10.2.1/../../../../arm-none-eabi/lib/thumb/v7-m/nofp\libg.a(lib_a-wbuf.o)
 .ARM.attributes
                0x00000e09       0x2d c:/progra~2/gnuarm~1/102020~1/bin/../lib/gcc/arm-none-eabi/10.2.1/../../../../arm-none-eabi/lib/thumb/v7-m/nofp\libg.a(lib_a-wcrtomb.o)
 .ARM.attributes
                0x00000e36       0x2d c:/progra~2/gnuarm~1/102020~1/bin/../lib/gcc/arm-none-eabi/10.2.1/../../../../arm-none-eabi/lib/thumb/v7-m/nofp\libg.a(lib_a-wctomb_r.o)
 .ARM.attributes
                0x00000e63       0x2d c:/progra~2/gnuarm~1/102020~1/bin/../lib/gcc/arm-none-eabi/10.2.1/../../../../arm-none-eabi/lib/thumb/v7-m/nofp\libg.a(lib_a-abort.o)
 .ARM.attributes
                0x00000e90       0x2d c:/progra~2/gnuarm~1/102020~1/bin/../lib/gcc/arm-none-eabi/10.2.1/../../../../arm-none-eabi/lib/thumb/v7-m/nofp\libg.a(lib_a-ctype_.o)
 .ARM.attributes
                0x00000ebd       0x2d c:/progra~2/gnuarm~1/102020~1/bin/../lib/gcc/arm-none-eabi/10.2.1/../../../../arm-none-eabi/lib/thumb/v7-m/nofp\libg.a(lib_a-signal.o)
 .ARM.attributes
                0x00000eea       0x2d c:/progra~2/gnuarm~1/102020~1/bin/../lib/gcc/arm-none-eabi/10.2.1/../../../../arm-none-eabi/lib/thumb/v7-m/nofp\libg.a(lib_a-signalr.o)
 .ARM.attributes
                0x00000f17       0x1d c:/progra~2/gnuarm~1/102020~1/bin/../lib/gcc/arm-none-eabi/10.2.1/thumb/v7-m/nofp\libgcc.a(_arm_muldivdf3.o)
 .ARM.attributes
                0x00000f34       0x1d c:/progra~2/gnuarm~1/102020~1/bin/../lib/gcc/arm-none-eabi/10.2.1/thumb/v7-m/nofp\libgcc.a(_arm_cmpdf2.o)
 .ARM.attributes
                0x00000f51       0x1d c:/progra~2/gnuarm~1/102020~1/bin/../lib/gcc/arm-none-eabi/10.2.1/thumb/v7-m/nofp\libgcc.a(_arm_unorddf2.o)
 .ARM.attributes
                0x00000f6e       0x1d c:/progra~2/gnuarm~1/102020~1/bin/../lib/gcc/arm-none-eabi/10.2.1/thumb/v7-m/nofp\libgcc.a(_arm_fixdfsi.o)
 .ARM.attributes
                0x00000f8b       0x1d c:/progra~2/gnuarm~1/102020~1/bin/../lib/gcc/arm-none-eabi/10.2.1/thumb/v7-m/nofp\libgcc.a(_aeabi_uldivmod.o)
 .ARM.attributes
                0x00000fa8       0x2d c:/progra~2/gnuarm~1/102020~1/bin/../lib/gcc/arm-none-eabi/10.2.1/thumb/v7-m/nofp\libgcc.a(_udivmoddi4.o)
 .ARM.attributes
                0x00000fd5       0x1d c:/progra~2/gnuarm~1/102020~1/bin/../lib/gcc/arm-none-eabi/10.2.1/thumb/v7-m/nofp\libgcc.a(_dvmd_tls.o)
 .ARM.attributes
                0x00000ff2       0x1d c:/progra~2/gnuarm~1/102020~1/bin/../lib/gcc/arm-none-eabi/10.2.1/thumb/v7-m/nofp/crtn.o
OUTPUT(FOC_v1.2.elf elf32-littlearm)
LOAD linker stubs
LOAD c:/progra~2/gnuarm~1/102020~1/bin/../lib/gcc/arm-none-eabi/10.2.1/../../../../arm-none-eabi/lib/thumb/v7-m/nofp\libc.a
LOAD c:/progra~2/gnuarm~1/102020~1/bin/../lib/gcc/arm-none-eabi/10.2.1/../../../../arm-none-eabi/lib/thumb/v7-m/nofp\libm.a
LOAD c:/progra~2/gnuarm~1/102020~1/bin/../lib/gcc/arm-none-eabi/10.2.1/thumb/v7-m/nofp\libgcc.a

.debug_info     0x00000000    0x183c8
 .debug_info    0x00000000      0x8e3 CMakeFiles/FOC_v1.2.elf.dir/Core/Src/adc.c.obj
 .debug_info    0x000008e3      0x2f4 CMakeFiles/FOC_v1.2.elf.dir/Core/Src/dma.c.obj
 .debug_info    0x00000bd7      0x2f3 CMakeFiles/FOC_v1.2.elf.dir/Core/Src/gpio.c.obj
 .debug_info    0x00000eca      0x8a4 CMakeFiles/FOC_v1.2.elf.dir/Core/Src/i2c.c.obj
 .debug_info    0x0000176e     0x126e CMakeFiles/FOC_v1.2.elf.dir/Core/Src/main.c.obj
 .debug_info    0x000029dc      0x211 CMakeFiles/FOC_v1.2.elf.dir/Core/Src/stm32f1xx_hal_msp.c.obj
 .debug_info    0x00002bed      0x3b5 CMakeFiles/FOC_v1.2.elf.dir/Core/Src/stm32f1xx_it.c.obj
 .debug_info    0x00002fa2      0x7af CMakeFiles/FOC_v1.2.elf.dir/Core/Src/syscalls.c.obj
 .debug_info    0x00003751      0x174 CMakeFiles/FOC_v1.2.elf.dir/Core/Src/sysmem.c.obj
 .debug_info    0x000038c5      0x248 CMakeFiles/FOC_v1.2.elf.dir/Core/Src/system_stm32f1xx.c.obj
 .debug_info    0x00003b0d      0xc47 CMakeFiles/FOC_v1.2.elf.dir/Core/Src/tim.c.obj
 .debug_info    0x00004754      0x855 CMakeFiles/FOC_v1.2.elf.dir/Core/Src/usart.c.obj
 .debug_info    0x00004fa9       0x22 CMakeFiles/FOC_v1.2.elf.dir/Core/Startup/startup_stm32f103c8tx.s.obj
 .debug_info    0x00004fcb      0x7a8 CMakeFiles/FOC_v1.2.elf.dir/Drivers/STM32F1xx_HAL_Driver/Src/stm32f1xx_hal.c.obj
 .debug_info    0x00005773      0xf3f CMakeFiles/FOC_v1.2.elf.dir/Drivers/STM32F1xx_HAL_Driver/Src/stm32f1xx_hal_adc.c.obj
 .debug_info    0x000066b2      0xd8a CMakeFiles/FOC_v1.2.elf.dir/Drivers/STM32F1xx_HAL_Driver/Src/stm32f1xx_hal_cortex.c.obj
 .debug_info    0x0000743c      0x84b CMakeFiles/FOC_v1.2.elf.dir/Drivers/STM32F1xx_HAL_Driver/Src/stm32f1xx_hal_dma.c.obj
 .debug_info    0x00007c87      0x66f CMakeFiles/FOC_v1.2.elf.dir/Drivers/STM32F1xx_HAL_Driver/Src/stm32f1xx_hal_gpio.c.obj
 .debug_info    0x000082f6     0x3ab6 CMakeFiles/FOC_v1.2.elf.dir/Drivers/STM32F1xx_HAL_Driver/Src/stm32f1xx_hal_i2c.c.obj
 .debug_info    0x0000bdac      0xa3b CMakeFiles/FOC_v1.2.elf.dir/Drivers/STM32F1xx_HAL_Driver/Src/stm32f1xx_hal_rcc.c.obj
 .debug_info    0x0000c7e7      0x449 CMakeFiles/FOC_v1.2.elf.dir/Drivers/STM32F1xx_HAL_Driver/Src/stm32f1xx_hal_rcc_ex.c.obj
 .debug_info    0x0000cc30     0x3d52 CMakeFiles/FOC_v1.2.elf.dir/Drivers/STM32F1xx_HAL_Driver/Src/stm32f1xx_hal_tim.c.obj
 .debug_info    0x00010982     0x1abb CMakeFiles/FOC_v1.2.elf.dir/Drivers/STM32F1xx_HAL_Driver/Src/stm32f1xx_hal_tim_ex.c.obj
 .debug_info    0x0001243d     0x4212 CMakeFiles/FOC_v1.2.elf.dir/Drivers/STM32F1xx_HAL_Driver/Src/stm32f1xx_hal_uart.c.obj
 .debug_info    0x0001664f      0x7db CMakeFiles/FOC_v1.2.elf.dir/Hardware/AS5600.c.obj
 .debug_info    0x00016e2a     0x120a CMakeFiles/FOC_v1.2.elf.dir/Hardware/foc_ctrl.c.obj
 .debug_info    0x00018034      0x394 CMakeFiles/FOC_v1.2.elf.dir/Hardware/pid.c.obj

.debug_abbrev   0x00000000     0x315d
 .debug_abbrev  0x00000000      0x1c9 CMakeFiles/FOC_v1.2.elf.dir/Core/Src/adc.c.obj
 .debug_abbrev  0x000001c9      0x114 CMakeFiles/FOC_v1.2.elf.dir/Core/Src/dma.c.obj
 .debug_abbrev  0x000002dd      0x13c CMakeFiles/FOC_v1.2.elf.dir/Core/Src/gpio.c.obj
 .debug_abbrev  0x00000419      0x1c1 CMakeFiles/FOC_v1.2.elf.dir/Core/Src/i2c.c.obj
 .debug_abbrev  0x000005da      0x278 CMakeFiles/FOC_v1.2.elf.dir/Core/Src/main.c.obj
 .debug_abbrev  0x00000852       0xe5 CMakeFiles/FOC_v1.2.elf.dir/Core/Src/stm32f1xx_hal_msp.c.obj
 .debug_abbrev  0x00000937      0x154 CMakeFiles/FOC_v1.2.elf.dir/Core/Src/stm32f1xx_it.c.obj
 .debug_abbrev  0x00000a8b      0x1a3 CMakeFiles/FOC_v1.2.elf.dir/Core/Src/syscalls.c.obj
 .debug_abbrev  0x00000c2e       0xe7 CMakeFiles/FOC_v1.2.elf.dir/Core/Src/sysmem.c.obj
 .debug_abbrev  0x00000d15      0x13e CMakeFiles/FOC_v1.2.elf.dir/Core/Src/system_stm32f1xx.c.obj
 .debug_abbrev  0x00000e53      0x214 CMakeFiles/FOC_v1.2.elf.dir/Core/Src/tim.c.obj
 .debug_abbrev  0x00001067      0x1c8 CMakeFiles/FOC_v1.2.elf.dir/Core/Src/usart.c.obj
 .debug_abbrev  0x0000122f       0x12 CMakeFiles/FOC_v1.2.elf.dir/Core/Startup/startup_stm32f103c8tx.s.obj