Archive member included to satisfy reference by file (symbol)

c:/progra~2/gnuarm~1/102020~1/bin/../lib/gcc/arm-none-eabi/10.2.1/thumb/v7-m/nofp\libgcc.a(_arm_mulsf3.o)
                              CMakeFiles/FOC_v1.2.elf.dir/Core/Src/main.c.obj (__aeabi_fmul)
c:/progra~2/gnuarm~1/102020~1/bin/../lib/gcc/arm-none-eabi/10.2.1/thumb/v7-m/nofp\libgcc.a(_arm_addsubdf3.o)
                              CMakeFiles/FOC_v1.2.elf.dir/Hardware/foc_ctrl.c.obj (__aeabi_dadd)
c:/progra~2/gnuarm~1/102020~1/bin/../lib/gcc/arm-none-eabi/10.2.1/thumb/v7-m/nofp\libgcc.a(_arm_truncdfsf2.o)
                              CMakeFiles/FOC_v1.2.elf.dir/Hardware/foc_ctrl.c.obj (__aeabi_d2f)
c:/progra~2/gnuarm~1/102020~1/bin/../lib/gcc/arm-none-eabi/10.2.1/thumb/v7-m/nofp\libgcc.a(_arm_addsubsf3.o)
                              CMakeFiles/FOC_v1.2.elf.dir/Hardware/foc_ctrl.c.obj (__aeabi_fsub)
c:/progra~2/gnuarm~1/102020~1/bin/../lib/gcc/arm-none-eabi/10.2.1/thumb/v7-m/nofp\libgcc.a(_arm_muldivsf3.o)
                              CMakeFiles/FOC_v1.2.elf.dir/Core/Src/main.c.obj (__aeabi_fdiv)
c:/progra~2/gnuarm~1/102020~1/bin/../lib/gcc/arm-none-eabi/10.2.1/thumb/v7-m/nofp\libgcc.a(_arm_cmpsf2.o)
                              CMakeFiles/FOC_v1.2.elf.dir/Hardware/foc_ctrl.c.obj (__aeabi_fcmplt)
c:/progra~2/gnuarm~1/102020~1/bin/../lib/gcc/arm-none-eabi/10.2.1/thumb/v7-m/nofp\libgcc.a(_arm_fixunssfsi.o)
                              CMakeFiles/FOC_v1.2.elf.dir/Hardware/foc_ctrl.c.obj (__aeabi_f2uiz)
c:/progra~2/gnuarm~1/102020~1/bin/../lib/gcc/arm-none-eabi/10.2.1/../../../../arm-none-eabi/lib/thumb/v7-m/nofp\libg.a(lib_a-errno.o)
                              CMakeFiles/FOC_v1.2.elf.dir/Core/Src/syscalls.c.obj (__errno)
c:/progra~2/gnuarm~1/102020~1/bin/../lib/gcc/arm-none-eabi/10.2.1/../../../../arm-none-eabi/lib/thumb/v7-m/nofp\libg.a(lib_a-exit.o)
                              c:/progra~2/gnuarm~1/102020~1/bin/../lib/gcc/arm-none-eabi/10.2.1/../../../../arm-none-eabi/lib/thumb/v7-m/nofp/crt0.o (exit)
c:/progra~2/gnuarm~1/102020~1/bin/../lib/gcc/arm-none-eabi/10.2.1/../../../../arm-none-eabi/lib/thumb/v7-m/nofp\libg.a(lib_a-impure.o)
                              c:/progra~2/gnuarm~1/102020~1/bin/../lib/gcc/arm-none-eabi/10.2.1/../../../../arm-none-eabi/lib/thumb/v7-m/nofp\libg.a(lib_a-exit.o) (_global_impure_ptr)
c:/progra~2/gnuarm~1/102020~1/bin/../lib/gcc/arm-none-eabi/10.2.1/../../../../arm-none-eabi/lib/thumb/v7-m/nofp\libg.a(lib_a-init.o)
                              c:/progra~2/gnuarm~1/102020~1/bin/../lib/gcc/arm-none-eabi/10.2.1/../../../../arm-none-eabi/lib/thumb/v7-m/nofp/crt0.o (__libc_init_array)
c:/progra~2/gnuarm~1/102020~1/bin/../lib/gcc/arm-none-eabi/10.2.1/../../../../arm-none-eabi/lib/thumb/v7-m/nofp\libg.a(lib_a-memset.o)
                              c:/progra~2/gnuarm~1/102020~1/bin/../lib/gcc/arm-none-eabi/10.2.1/../../../../arm-none-eabi/lib/thumb/v7-m/nofp/crt0.o (memset)
c:/progra~2/gnuarm~1/102020~1/bin/../lib/gcc/arm-none-eabi/10.2.1/../../../../arm-none-eabi/lib/thumb/v7-m/nofp\libg.a(lib_a-__call_atexit.o)
                              c:/progra~2/gnuarm~1/102020~1/bin/../lib/gcc/arm-none-eabi/10.2.1/../../../../arm-none-eabi/lib/thumb/v7-m/nofp\libg.a(lib_a-exit.o) (__call_exitprocs)
c:/progra~2/gnuarm~1/102020~1/bin/../lib/gcc/arm-none-eabi/10.2.1/../../../../arm-none-eabi/lib/thumb/v7-m/nofp\libg.a(lib_a-atexit.o)
                              c:/progra~2/gnuarm~1/102020~1/bin/../lib/gcc/arm-none-eabi/10.2.1/../../../../arm-none-eabi/lib/thumb/v7-m/nofp\libg.a(lib_a-__call_atexit.o) (atexit)
c:/progra~2/gnuarm~1/102020~1/bin/../lib/gcc/arm-none-eabi/10.2.1/../../../../arm-none-eabi/lib/thumb/v7-m/nofp\libg.a(lib_a-fini.o)
                              c:/progra~2/gnuarm~1/102020~1/bin/../lib/gcc/arm-none-eabi/10.2.1/../../../../arm-none-eabi/lib/thumb/v7-m/nofp\libg.a(lib_a-__call_atexit.o) (__libc_fini_array)
c:/progra~2/gnuarm~1/102020~1/bin/../lib/gcc/arm-none-eabi/10.2.1/../../../../arm-none-eabi/lib/thumb/v7-m/nofp\libg.a(lib_a-lock.o)
                              c:/progra~2/gnuarm~1/102020~1/bin/../lib/gcc/arm-none-eabi/10.2.1/../../../../arm-none-eabi/lib/thumb/v7-m/nofp\libg.a(lib_a-__call_atexit.o) (__retarget_lock_acquire_recursive)
c:/progra~2/gnuarm~1/102020~1/bin/../lib/gcc/arm-none-eabi/10.2.1/../../../../arm-none-eabi/lib/thumb/v7-m/nofp\libg.a(lib_a-__atexit.o)
                              c:/progra~2/gnuarm~1/102020~1/bin/../lib/gcc/arm-none-eabi/10.2.1/../../../../arm-none-eabi/lib/thumb/v7-m/nofp\libg.a(lib_a-atexit.o) (__register_exitproc)
c:/progra~2/gnuarm~1/102020~1/bin/../lib/gcc/arm-none-eabi/10.2.1/../../../../arm-none-eabi/lib/thumb/v7-m/nofp\libm.a(lib_a-s_cos.o)
                              CMakeFiles/FOC_v1.2.elf.dir/Hardware/foc_ctrl.c.obj (cos)
c:/progra~2/gnuarm~1/102020~1/bin/../lib/gcc/arm-none-eabi/10.2.1/../../../../arm-none-eabi/lib/thumb/v7-m/nofp\libm.a(lib_a-s_sin.o)
                              CMakeFiles/FOC_v1.2.elf.dir/Hardware/foc_ctrl.c.obj (sin)
[...]
Memory Configuration

Name             Origin             Length             Attributes
RAM              0x20000000         0x00005000         xrw
FLASH            0x08000000         0x00010000         xr
*default*        0x00000000         0xffffffff

Linker script and memory map

LOAD c:/progra~2/gnuarm~1/102020~1/bin/../lib/gcc/arm-none-eabi/10.2.1/thumb/v7-m/nofp/crti.o
LOAD c:/progra~2/gnuarm~1/102020~1/bin/../lib/gcc/arm-none-eabi/10.2.1/thumb/v7-m/nofp/crtbegin.o
LOAD c:/progra~2/gnuarm~1/102020~1/bin/../lib/gcc/arm-none-eabi/10.2.1/../../../../arm-none-eabi/lib/thumb/v7-m/nofp/crt0.o
LOAD CMakeFiles/FOC_v1.2.elf.dir/Core/Src/adc.c.obj
LOAD CMakeFiles/FOC_v1.2.elf.dir/Core/Src/dma.c.obj
LOAD CMakeFiles/FOC_v1.2.elf.dir/Core/Src/gpio.c.obj
LOAD CMakeFiles/FOC_v1.2.elf.dir/Core/Src/i2c.c.obj
LOAD CMakeFiles/FOC_v1.2.elf.dir/Core/Src/main.c.obj
LOAD CMakeFiles/FOC_v1.2.elf.dir/Core/Src/spi.c.obj
LOAD CMakeFiles/FOC_v1.2.elf.dir/Core/Src/stm32f1xx_hal_msp.c.obj
LOAD CMakeFiles/FOC_v1.2.elf.dir/Core/Src/stm32f1xx_it.c.obj
LOAD CMakeFiles/FOC_v1.2.elf.dir/Core/Src/syscalls.c.obj
LOAD CMakeFiles/FOC_v1.2.elf.dir/Core/Src/sysmem.c.obj
LOAD CMakeFiles/FOC_v1.2.elf.dir/Core/Src/system_stm32f1xx.c.obj
LOAD CMakeFiles/FOC_v1.2.elf.dir/Core/Src/tim.c.obj
LOAD CMakeFiles/FOC_v1.2.elf.dir/Core/Src/usart.c.obj
LOAD CMakeFiles/FOC_v1.2.elf.dir/Core/Startup/startup_stm32f103c8tx.s.obj
LOAD CMakeFiles/FOC_v1.2.elf.dir/Drivers/STM32F1xx_HAL_Driver/Src/stm32f1xx_hal.c.obj
LOAD CMakeFiles/FOC_v1.2.elf.dir/Drivers/STM32F1xx_HAL_Driver/Src/stm32f1xx_hal_adc.c.obj
LOAD CMakeFiles/FOC_v1.2.elf.dir/Drivers/STM32F1xx_HAL_Driver/Src/stm32f1xx_hal_adc_ex.c.obj
LOAD CMakeFiles/FOC_v1.2.elf.dir/Drivers/STM32F1xx_HAL_Driver/Src/stm32f1xx_hal_cortex.c.obj
LOAD CMakeFiles/FOC_v1.2.elf.dir/Drivers/STM32F1xx_HAL_Driver/Src/stm32f1xx_hal_dma.c.obj
LOAD CMakeFiles/FOC_v1.2.elf.dir/Drivers/STM32F1xx_HAL_Driver/Src/stm32f1xx_hal_exti.c.obj
LOAD CMakeFiles/FOC_v1.2.elf.dir/Drivers/STM32F1xx_HAL_Driver/Src/stm32f1xx_hal_flash.c.obj
LOAD CMakeFiles/FOC_v1.2.elf.dir/Drivers/STM32F1xx_HAL_Driver/Src/stm32f1xx_hal_flash_ex.c.obj
LOAD CMakeFiles/FOC_v1.2.elf.dir/Drivers/STM32F1xx_HAL_Driver/Src/stm32f1xx_hal_gpio.c.obj
LOAD CMakeFiles/FOC_v1.2.elf.dir/Drivers/STM32F1xx_HAL_Driver/Src/stm32f1xx_hal_gpio_ex.c.obj
LOAD CMakeFiles/FOC_v1.2.elf.dir/Drivers/STM32F1xx_HAL_Driver/Src/stm32f1xx_hal_i2c.c.obj
LOAD CMakeFiles/FOC_v1.2.elf.dir/Drivers/STM32F1xx_HAL_Driver/Src/stm32f1xx_hal_pwr.c.obj
LOAD CMakeFiles/FOC_v1.2.elf.dir/Drivers/STM32F1xx_HAL_Driver/Src/stm32f1xx_hal_rcc.c.obj
LOAD CMakeFiles/FOC_v1.2.elf.dir/Drivers/STM32F1xx_HAL_Driver/Src/stm32f1xx_hal_rcc_ex.c.obj
LOAD CMakeFiles/FOC_v1.2.elf.dir/Drivers/STM32F1xx_HAL_Driver/Src/stm32f1xx_hal_spi.c.obj
LOAD CMakeFiles/FOC_v1.2.elf.dir/Drivers/STM32F1xx_HAL_Driver/Src/stm32f1xx_hal_tim.c.obj
LOAD CMakeFiles/FOC_v1.2.elf.dir/Drivers/STM32F1xx_HAL_Driver/Src/stm32f1xx_hal_tim_ex.c.obj
LOAD CMakeFiles/FOC_v1.2.elf.dir/Drivers/STM32F1xx_HAL_Driver/Src/stm32f1xx_hal_uart.c.obj
LOAD CMakeFiles/FOC_v1.2.elf.dir/Hardware/AS5600.c.obj
LOAD CMakeFiles/FOC_v1.2.elf.dir/Hardware/drv8301.c.obj
LOAD CMakeFiles/FOC_v1.2.elf.dir/Hardware/foc_ctrl.c.obj
LOAD CMakeFiles/FOC_v1.2.elf.dir/Hardware/pid.c.obj
START GROUP
LOAD c:/progra~2/gnuarm~1/102020~1/bin/../lib/gcc/arm-none-eabi/10.2.1/thumb/v7-m/nofp\libgcc.a
LOAD c:/progra~2/gnuarm~1/102020~1/bin/../lib/gcc/arm-none-eabi/10.2.1/../../../../arm-none-eabi/lib/thumb/v7-m/nofp\libg.a
LOAD c:/progra~2/gnuarm~1/102020~1/bin/../lib/gcc/arm-none-eabi/10.2.1/../../../../arm-none-eabi/lib/thumb/v7-m/nofp\libc.a
END GROUP
LOAD c:/progra~2/gnuarm~1/102020~1/bin/../lib/gcc/arm-none-eabi/10.2.1/thumb/v7-m/nofp/crtend.o
LOAD c:/progra~2/gnuarm~1/102020~1/bin/../lib/gcc/arm-none-eabi/10.2.1/thumb/v7-m/nofp/crtn.o
                0x20005000                _estack = (ORIGIN (RAM) + LENGTH (RAM))
                0x00000200                _Min_Heap_Size = 0x200
                0x00000400                _Min_Stack_Size = 0x400

.isr_vector     0x08000000      0x10c
                0x08000000                . = ALIGN (0x4)
 *(.isr_vector)
 .isr_vector    0x08000000      0x10c CMakeFiles/FOC_v1.2.elf.dir/Core/Startup/startup_stm32f103c8tx.s.obj
                0x08000000                g_pfnVectors
                0x0800010c                . = ALIGN (0x4)

.text           0x08000110     0x58a4
                0x08000110                . = ALIGN (0x4)
 *(.text)
 .text          0x08000110       0x40 c:/progra~2/gnuarm~1/102020~1/bin/../lib/gcc/arm-none-eabi/10.2.1/thumb/v7-m/nofp/crtbegin.o
 .text          0x08000150      0x378 c:/progra~2/gnuarm~1/102020~1/bin/../lib/gcc/arm-none-eabi/10.2.1/thumb/v7-m/nofp\libgcc.a(_arm_addsubdf3.o)
                0x08000150                __aeabi_drsub
                0x08000158                __aeabi_dsub
                0x08000158                __subdf3
                0x0800015c                __aeabi_dadd
                0x0800015c                __adddf3
                0x080003d4                __floatunsidf
                0x080003d4                __aeabi_ui2d
                0x080003f4                __floatsidf
                0x080003f4                __aeabi_i2d
                0x08000418                __aeabi_f2d
                0x08000418                __extendsfdf2
                0x0800045c                __floatundidf
                0x0800045c                __aeabi_ul2d
                0x0800046c                __floatdidf
                0x0800046c                __aeabi_l2d
 .text          0x080004c8       0xa0 c:/progra~2/gnuarm~1/102020~1/bin/../lib/gcc/arm-none-eabi/10.2.1/thumb/v7-m/nofp\libgcc.a(_arm_truncdfsf2.o)
                0x080004c8                __truncdfsf2
                0x080004c8                __aeabi_d2f
 .text          0x08000568      0x21c c:/progra~2/gnuarm~1/102020~1/bin/../lib/gcc/arm-none-eabi/10.2.1/thumb/v7-m/nofp\libgcc.a(_arm_addsubsf3.o)
                0x08000568                __aeabi_frsub
                0x08000570                __subsf3
                0x08000570                __aeabi_fsub
                0x08000574                __aeabi_fadd
                0x08000574                __addsf3
                0x080006d4                __aeabi_ui2f
                0x080006d4                __floatunsisf
                0x080006dc                __aeabi_i2f
                0x080006dc                __floatsisf
                0x080006f8                __aeabi_ul2f
                0x080006f8                __floatundisf
                0x08000708                __aeabi_l2f
                0x08000708                __floatdisf
 .text          0x08000784      0x2a0 c:/progra~2/gnuarm~1/102020~1/bin/../lib/gcc/arm-none-eabi/10.2.1/thumb/v7-m/nofp\libgcc.a(_arm_muldivsf3.o)
                0x08000784                __mulsf3
                0x08000784                __aeabi_fmul
                0x080008ec                __aeabi_fdiv
                0x080008ec                __divsf3
 .text          0x08000a24       0xec c:/progra~2/gnuarm~1/102020~1/bin/../lib/gcc/arm-none-eabi/10.2.1/thumb/v7-m/nofp\libgcc.a(_arm_cmpsf2.o)
                0x08000a24                __gesf2
                0x08000a24                __gtsf2
                0x08000a2c                __lesf2
                0x08000a2c                __ltsf2
                0x08000a34                __nesf2
                0x08000a34                __eqsf2
                0x08000a34                __cmpsf2
                0x08000a94                __aeabi_cfrcmple
                0x08000a9c                __aeabi_cfcmpeq
                0x08000a9c                __aeabi_cfcmple
                0x08000aac                __aeabi_fcmpeq
                0x08000ac0                __aeabi_fcmplt
                0x08000ad4                __aeabi_fcmple
                0x08000ae8                __aeabi_fcmpge
                0x08000afc                __aeabi_fcmpgt
 .text          0x08000b10       0x40 c:/progra~2/gnuarm~1/102020~1/bin/../lib/gcc/arm-none-eabi/10.2.1/thumb/v7-m/nofp\libgcc.a(_arm_fixunssfsi.o)
                0x08000b10                __fixunssfsi
                0x08000b10                __aeabi_f2uiz
 .text          0x08000b50      0x254 c:/progra~2/gnuarm~1/102020~1/bin/../lib/gcc/arm-none-eabi/10.2.1/thumb/v7-m/nofp\libgcc.a(_arm_muldf3.o)
                0x08000b50                __muldf3
                0x08000b50                __aeabi_dmul
 .text          0x08000da4      0x110 c:/progra~2/gnuarm~1/102020~1/bin/../lib/gcc/arm-none-eabi/10.2.1/thumb/v7-m/nofp\libgcc.a(_arm_cmpdf2.o)
                0x08000da4                __gtdf2
                0x08000da4                __gedf2
                0x08000dac                __ltdf2
                0x08000dac                __ledf2
                0x08000db4                __nedf2
                0x08000db4                __eqdf2
                0x08000db4                __cmpdf2
                0x08000e30                __aeabi_cdrcmple
                0x08000e40                __aeabi_cdcmpeq
                0x08000e40                __aeabi_cdcmple
                0x08000e50                __aeabi_dcmpeq
                0x08000e64                __aeabi_dcmplt
                0x08000e78                __aeabi_dcmple
                0x08000e8c                __aeabi_dcmpge
                0x08000ea0                __aeabi_dcmpgt
 .text          0x08000eb4       0x50 c:/progra~2/gnuarm~1/102020~1/bin/../lib/gcc/arm-none-eabi/10.2.1/thumb/v7-m/nofp\libgcc.a(_arm_fixdfsi.o)
                0x08000eb4                __aeabi_d2iz
                0x08000eb4                __fixdfsi
 *(.text*)
 .text.MX_ADC1_Init
                0x08000f04       0x74 CMakeFiles/FOC_v1.2.elf.dir/Core/Src/adc.c.obj
                0x08000f04                MX_ADC1_Init
 .text.HAL_ADC_MspInit
                0x08000f78       0x98 CMakeFiles/FOC_v1.2.elf.dir/Core/Src/adc.c.obj
                0x08000f78                HAL_ADC_MspInit
 .text.MX_DMA_Init
                0x08001010       0x34 CMakeFiles/FOC_v1.2.elf.dir/Core/Src/dma.c.obj
                0x08001010                MX_DMA_Init
 .text.MX_GPIO_Init
                0x08001044       0x88 CMakeFiles/FOC_v1.2.elf.dir/Core/Src/gpio.c.obj
                0x08001044                MX_GPIO_Init
 .text.MX_I2C1_Init
                0x080010cc       0x3c CMakeFiles/FOC_v1.2.elf.dir/Core/Src/i2c.c.obj
                0x080010cc                MX_I2C1_Init
 .text.HAL_I2C_MspInit
                0x08001108       0x64 CMakeFiles/FOC_v1.2.elf.dir/Core/Src/i2c.c.obj
                0x08001108                HAL_I2C_MspInit
 .text.Error_Handler
                0x0800116c        0x4 CMakeFiles/FOC_v1.2.elf.dir/Core/Src/main.c.obj
                0x0800116c                Error_Handler
 .text.SystemClock_Config
                0x08001170       0x84 CMakeFiles/FOC_v1.2.elf.dir/Core/Src/main.c.obj
                0x08001170                SystemClock_Config
 .text.main     0x080011f4       0xd8 CMakeFiles/FOC_v1.2.elf.dir/Core/Src/main.c.obj
                0x080011f4                main
 .text.MX_SPI1_Init
                0x080012cc       0x44 CMakeFiles/FOC_v1.2.elf.dir/Core/Src/spi.c.obj
                0x080012cc                MX_SPI1_Init
 .text.HAL_SPI_MspInit
                0x08001310       0x74 CMakeFiles/FOC_v1.2.elf.dir/Core/Src/spi.c.obj
                0x08001310                HAL_SPI_MspInit
 .text.HAL_MspInit
                0x08001384       0x44 CMakeFiles/FOC_v1.2.elf.dir/Core/Src/stm32f1xx_hal_msp.c.obj
                0x08001384                HAL_MspInit
 .text.NMI_Handler
                0x080013c8        0x2 CMakeFiles/FOC_v1.2.elf.dir/Core/Src/stm32f1xx_it.c.obj
                0x080013c8                NMI_Handler
 .text.HardFault_Handler
                0x080013ca        0x2 CMakeFiles/FOC_v1.2.elf.dir/Core/Src/stm32f1xx_it.c.obj
                0x080013ca                HardFault_Handler
 .text.MemManage_Handler
                0x080013cc        0x2 CMakeFiles/FOC_v1.2.elf.dir/Core/Src/stm32f1xx_it.c.obj
                0x080013cc                MemManage_Handler
 .text.BusFault_Handler
                0x080013ce        0x2 CMakeFiles/FOC_v1.2.elf.dir/Core/Src/stm32f1xx_it.c.obj
                0x080013ce                BusFault_Handler
 .text.UsageFault_Handler
                0x080013d0        0x2 CMakeFiles/FOC_v1.2.elf.dir/Core/Src/stm32f1xx_it.c.obj
                0x080013d0                UsageFault_Handler
 .text.SVC_Handler
                0x080013d2        0x2 CMakeFiles/FOC_v1.2.elf.dir/Core/Src/stm32f1xx_it.c.obj
                0x080013d2                SVC_Handler
 .text.DebugMon_Handler
                0x080013d4        0x2 CMakeFiles/FOC_v1.2.elf.dir/Core/Src/stm32f1xx_it.c.obj
                0x080013d4                DebugMon_Handler
 .text.PendSV_Handler
                0x080013d6        0x2 CMakeFiles/FOC_v1.2.elf.dir/Core/Src/stm32f1xx_it.c.obj
                0x080013d6                PendSV_Handler
 .text.SysTick_Handler
                0x080013d8        0x8 CMakeFiles/FOC_v1.2.elf.dir/Core/Src/stm32f1xx_it.c.obj
                0x080013d8                SysTick_Handler
 .text.DMA1_Channel1_IRQHandler
                0x080013e0       0x10 CMakeFiles/FOC_v1.2.elf.dir/Core/Src/stm32f1xx_it.c.obj
                0x080013e0                DMA1_Channel1_IRQHandler
 .text.TIM3_IRQHandler
                0x080013f0       0x10 CMakeFiles/FOC_v1.2.elf.dir/Core/Src/stm32f1xx_it.c.obj
                0x080013f0                TIM3_IRQHandler
 .text.SystemInit
                0x08001400        0x2 CMakeFiles/FOC_v1.2.elf.dir/Core/Src/system_stm32f1xx.c.obj
                0x08001400                SystemInit
 *fill*         0x08001402        0x2 
 .text.MX_TIM3_Init
                0x08001404       0x70 CMakeFiles/FOC_v1.2.elf.dir/Core/Src/tim.c.obj
                0x08001404                MX_TIM3_Init
 .text.HAL_TIM_Base_MspInit
                0x08001474       0x60 CMakeFiles/FOC_v1.2.elf.dir/Core/Src/tim.c.obj
                0x08001474                HAL_TIM_Base_MspInit
 .text.HAL_TIM_MspPostInit
                0x080014d4       0x84 CMakeFiles/FOC_v1.2.elf.dir/Core/Src/tim.c.obj
                0x080014d4                HAL_TIM_MspPostInit
 .text.MX_TIM2_Init
                0x08001558       0xe8 CMakeFiles/FOC_v1.2.elf.dir/Core/Src/tim.c.obj
                0x08001558                MX_TIM2_Init
 .text.MX_USART1_UART_Init
                0x08001640       0x34 CMakeFiles/FOC_v1.2.elf.dir/Core/Src/usart.c.obj
                0x08001640                MX_USART1_UART_Init
 .text.HAL_UART_MspInit
                0x08001674       0x78 CMakeFiles/FOC_v1.2.elf.dir/Core/Src/usart.c.obj
                0x08001674                HAL_UART_MspInit
 .text.Reset_Handler
                0x080016ec       0x48 CMakeFiles/FOC_v1.2.elf.dir/Core/Startup/startup_stm32f103c8tx.s.obj
                0x080016ec                Reset_Handler
 .text.Default_Handler
                0x08001734        0x2 CMakeFiles/FOC_v1.2.elf.dir/Core/Startup/startup_stm32f103c8tx.s.obj
                0x08001734                RTC_Alarm_IRQHandler
                0x08001734                EXTI2_IRQHandler
                0x08001734                TIM1_CC_IRQHandler
                0x08001734                PVD_IRQHandler
                0x08001734                EXTI3_IRQHandler
                0x08001734                EXTI0_IRQHandler
                0x08001734                I2C2_EV_IRQHandler
                0x08001734                ADC1_2_IRQHandler
                0x08001734                SPI1_IRQHandler
                0x08001734                TAMPER_IRQHandler
                0x08001734                DMA1_Channel4_IRQHandler
                0x08001734                USART3_IRQHandler
                0x08001734                RTC_IRQHandler
                0x08001734                DMA1_Channel7_IRQHandler
                0x08001734                CAN1_RX1_IRQHandler
                0x08001734                TIM4_IRQHandler
                0x08001734                I2C1_EV_IRQHandler
                0x08001734                DMA1_Channel6_IRQHandler
                0x08001734                RCC_IRQHandler
                0x08001734                TIM1_TRG_COM_IRQHandler
                0x08001734                Default_Handler
                0x08001734                EXTI15_10_IRQHandler
                0x08001734                EXTI9_5_IRQHandler
                0x08001734                SPI2_IRQHandler
                0x08001734                DMA1_Channel5_IRQHandler
                0x08001734                EXTI4_IRQHandler
                0x08001734                USB_LP_CAN1_RX0_IRQHandler
                0x08001734                USB_HP_CAN1_TX_IRQHandler
                0x08001734                DMA1_Channel3_IRQHandler
                0x08001734                TIM1_UP_IRQHandler
                0x08001734                WWDG_IRQHandler
                0x08001734                TIM2_IRQHandler
                0x08001734                TIM1_BRK_IRQHandler
                0x08001734                EXTI1_IRQHandler
                0x08001734                USART2_IRQHandler
                0x08001734                I2C2_ER_IRQHandler
                0x08001734                DMA1_Channel2_IRQHandler
                0x08001734                CAN1_SCE_IRQHandler
                0x08001734                FLASH_IRQHandler
                0x08001734                USART1_IRQHandler
                0x08001734                I2C1_ER_IRQHandler
                0x08001734                USBWakeUp_IRQHandler
 *fill*         0x08001736        0x2 
 .text.HAL_InitTick
                0x08001738       0x4c CMakeFiles/FOC_v1.2.elf.dir/Drivers/STM32F1xx_HAL_Driver/Src/stm32f1xx_hal.c.obj
                0x08001738                HAL_InitTick
 .text.HAL_Init
                0x08001784       0x24 CMakeFiles/FOC_v1.2.elf.dir/Drivers/STM32F1xx_HAL_Driver/Src/stm32f1xx_hal.c.obj
                0x08001784                HAL_Init
 .text.HAL_IncTick
                0x080017a8       0x18 CMakeFiles/FOC_v1.2.elf.dir/Drivers/STM32F1xx_HAL_Driver/Src/stm32f1xx_hal.c.obj
                0x080017a8                HAL_IncTick
 .text.HAL_GetTick
                0x080017c0        0xc CMakeFiles/FOC_v1.2.elf.dir/Drivers/STM32F1xx_HAL_Driver/Src/stm32f1xx_hal.c.obj
                0x080017c0                HAL_GetTick
 .text.HAL_Delay
                0x080017cc       0x28 CMakeFiles/FOC_v1.2.elf.dir/Drivers/STM32F1xx_HAL_Driver/Src/stm32f1xx_hal.c.obj
                0x080017cc                HAL_Delay
 .text.HAL_ADC_ConfigChannel
                0x080017f4      0x144 CMakeFiles/FOC_v1.2.elf.dir/Drivers/STM32F1xx_HAL_Driver/Src/stm32f1xx_hal_adc.c.obj
                0x080017f4                HAL_ADC_ConfigChannel
 .text.ADC_ConversionStop_Disable
                0x08001938       0x56 CMakeFiles/FOC_v1.2.elf.dir/Drivers/STM32F1xx_HAL_Driver/Src/stm32f1xx_hal_adc.c.obj
                0x08001938                ADC_ConversionStop_Disable
 *fill*         0x0800198e        0x2 
 .text.HAL_ADC_Init
                0x08001990      0x108 CMakeFiles/FOC_v1.2.elf.dir/Drivers/STM32F1xx_HAL_Driver/Src/stm32f1xx_hal_adc.c.obj
                0x08001990                HAL_ADC_Init
 .text.HAL_NVIC_SetPriorityGrouping
                0x08001a98       0x24 CMakeFiles/FOC_v1.2.elf.dir/Drivers/STM32F1xx_HAL_Driver/Src/stm32f1xx_hal_cortex.c.obj
                0x08001a98                HAL_NVIC_SetPriorityGrouping
 .text.HAL_NVIC_SetPriority
                0x08001abc       0x70 CMakeFiles/FOC_v1.2.elf.dir/Drivers/STM32F1xx_HAL_Driver/Src/stm32f1xx_hal_cortex.c.obj
                0x08001abc                HAL_NVIC_SetPriority
 .text.HAL_NVIC_EnableIRQ
                0x08001b2c       0x1c CMakeFiles/FOC_v1.2.elf.dir/Drivers/STM32F1xx_HAL_Driver/Src/stm32f1xx_hal_cortex.c.obj
                0x08001b2c                HAL_NVIC_EnableIRQ
 .text.HAL_SYSTICK_Config
                0x08001b48       0x28 CMakeFiles/FOC_v1.2.elf.dir/Drivers/STM32F1xx_HAL_Driver/Src/stm32f1xx_hal_cortex.c.obj
                0x08001b48                HAL_SYSTICK_Config
 .text.HAL_DMA_Init
                0x08001b70       0x6c CMakeFiles/FOC_v1.2.elf.dir/Drivers/STM32F1xx_HAL_Driver/Src/stm32f1xx_hal_dma.c.obj
                0x08001b70                HAL_DMA_Init
 .text.HAL_DMA_IRQHandler
                0x08001bdc      0x144 CMakeFiles/FOC_v1.2.elf.dir/Drivers/STM32F1xx_HAL_Driver/Src/stm32f1xx_hal_dma.c.obj
                0x08001bdc                HAL_DMA_IRQHandler
 .text.HAL_GPIO_Init
                0x08001d20      0x224 CMakeFiles/FOC_v1.2.elf.dir/Drivers/STM32F1xx_HAL_Driver/Src/stm32f1xx_hal_gpio.c.obj
                0x08001d20                HAL_GPIO_Init
 .text.HAL_GPIO_WritePin
                0x08001f44        0xc CMakeFiles/FOC_v1.2.elf.dir/Drivers/STM32F1xx_HAL_Driver/Src/stm32f1xx_hal_gpio.c.obj
                0x08001f44                HAL_GPIO_WritePin
 .text.I2C_IsAcknowledgeFailed
                0x08001f50       0x32 CMakeFiles/FOC_v1.2.elf.dir/Drivers/STM32F1xx_HAL_Driver/Src/stm32f1xx_hal_i2c.c.obj
 .text.I2C_WaitOnFlagUntilTimeout
                0x08001f82       0xaa CMakeFiles/FOC_v1.2.elf.dir/Drivers/STM32F1xx_HAL_Driver/Src/stm32f1xx_hal_i2c.c.obj
 .text.I2C_WaitOnMasterAddressFlagUntilTimeout
                0x0800202c       0xd6 CMakeFiles/FOC_v1.2.elf.dir/Drivers/STM32F1xx_HAL_Driver/Src/stm32f1xx_hal_i2c.c.obj
 *fill*         0x08002102        0x2 
 .text.I2C_MasterRequestWrite
                0x08002104       0xb4 CMakeFiles/FOC_v1.2.elf.dir/Drivers/STM32F1xx_HAL_Driver/Src/stm32f1xx_hal_i2c.c.obj
 .text.I2C_MasterRequestRead
                0x080021b8      0x120 CMakeFiles/FOC_v1.2.elf.dir/Drivers/STM32F1xx_HAL_Driver/Src/stm32f1xx_hal_i2c.c.obj
 .text.I2C_WaitOnTXEFlagUntilTimeout
                0x080022d8       0x5e CMakeFiles/FOC_v1.2.elf.dir/Drivers/STM32F1xx_HAL_Driver/Src/stm32f1xx_hal_i2c.c.obj
 .text.I2C_WaitOnBTFFlagUntilTimeout
                0x08002336       0x5e CMakeFiles/FOC_v1.2.elf.dir/Drivers/STM32F1xx_HAL_Driver/Src/stm32f1xx_hal_i2c.c.obj
 .text.I2C_WaitOnRXNEFlagUntilTimeout
                0x08002394       0x78 CMakeFiles/FOC_v1.2.elf.dir/Drivers/STM32F1xx_HAL_Driver/Src/stm32f1xx_hal_i2c.c.obj
 .text.HAL_I2C_Init
                0x0800240c      0x1bc CMakeFiles/FOC_v1.2.elf.dir/Drivers/STM32F1xx_HAL_Driver/Src/stm32f1xx_hal_i2c.c.obj
                0x0800240c                HAL_I2C_Init
 .text.HAL_I2C_Master_Transmit
                0x080025c8      0x178 CMakeFiles/FOC_v1.2.elf.dir/Drivers/STM32F1xx_HAL_Driver/Src/stm32f1xx_hal_i2c.c.obj
                0x080025c8                HAL_I2C_Master_Transmit
 .text.HAL_I2C_Master_Receive
                0x08002740      0x358 CMakeFiles/FOC_v1.2.elf.dir/Drivers/STM32F1xx_HAL_Driver/Src/stm32f1xx_hal_i2c.c.obj
                0x08002740                HAL_I2C_Master_Receive
 .text.RCC_Delay
                0x08002a98       0x2c CMakeFiles/FOC_v1.2.elf.dir/Drivers/STM32F1xx_HAL_Driver/Src/stm32f1xx_hal_rcc.c.obj
 .text.HAL_RCC_OscConfig
                0x08002ac4      0x410 CMakeFiles/FOC_v1.2.elf.dir/Drivers/STM32F1xx_HAL_Driver/Src/stm32f1xx_hal_rcc.c.obj
                0x08002ac4                HAL_RCC_OscConfig
 .text.HAL_RCC_GetSysClockFreq
                0x08002ed4       0x54 CMakeFiles/FOC_v1.2.elf.dir/Drivers/STM32F1xx_HAL_Driver/Src/stm32f1xx_hal_rcc.c.obj
                0x08002ed4                HAL_RCC_GetSysClockFreq
 .text.HAL_RCC_ClockConfig
                0x08002f28      0x16c CMakeFiles/FOC_v1.2.elf.dir/Drivers/STM32F1xx_HAL_Driver/Src/stm32f1xx_hal_rcc.c.obj
                0x08002f28                HAL_RCC_ClockConfig
 .text.HAL_RCC_GetHCLKFreq
                0x08003094        0xc CMakeFiles/FOC_v1.2.elf.dir/Drivers/STM32F1xx_HAL_Driver/Src/stm32f1xx_hal_rcc.c.obj
                0x08003094                HAL_RCC_GetHCLKFreq
 .text.HAL_RCC_GetPCLK1Freq
                0x080030a0       0x20 CMakeFiles/FOC_v1.2.elf.dir/Drivers/STM32F1xx_HAL_Driver/Src/stm32f1xx_hal_rcc.c.obj
                0x080030a0                HAL_RCC_GetPCLK1Freq
 .text.HAL_RCC_GetPCLK2Freq
                0x080030c0       0x20 CMakeFiles/FOC_v1.2.elf.dir/Drivers/STM32F1xx_HAL_Driver/Src/stm32f1xx_hal_rcc.c.obj
                0x080030c0                HAL_RCC_GetPCLK2Freq
 .text.HAL_RCCEx_PeriphCLKConfig
                0x080030e0      0x118 CMakeFiles/FOC_v1.2.elf.dir/Drivers/STM32F1xx_HAL_Driver/Src/stm32f1xx_hal_rcc_ex.c.obj
                0x080030e0                HAL_RCCEx_PeriphCLKConfig
 .text.SPI_WaitFlagStateUntilTimeout
                0x080031f8       0xd4 CMakeFiles/FOC_v1.2.elf.dir/Drivers/STM32F1xx_HAL_Driver/Src/stm32f1xx_hal_spi.c.obj
 .text.SPI_EndRxTxTransaction
                0x080032cc       0x24 CMakeFiles/FOC_v1.2.elf.dir/Drivers/STM32F1xx_HAL_Driver/Src/stm32f1xx_hal_spi.c.obj
 .text.HAL_SPI_Init
                0x080032f0       0xb6 CMakeFiles/FOC_v1.2.elf.dir/Drivers/STM32F1xx_HAL_Driver/Src/stm32f1xx_hal_spi.c.obj
                0x080032f0                HAL_SPI_Init
 .text.HAL_SPI_Transmit
                0x080033a6      0x1b8 CMakeFiles/FOC_v1.2.elf.dir/Drivers/STM32F1xx_HAL_Driver/Src/stm32f1xx_hal_spi.c.obj
                0x080033a6                HAL_SPI_Transmit
 *fill*         0x0800355e        0x2 
 .text.TIM_OC1_SetConfig
                0x08003560       0x5c CMakeFiles/FOC_v1.2.elf.dir/Drivers/STM32F1xx_HAL_Driver/Src/stm32f1xx_hal_tim.c.obj
 .text.TIM_OC3_SetConfig
                0x080035bc       0x64 CMakeFiles/FOC_v1.2.elf.dir/Drivers/STM32F1xx_HAL_Driver/Src/stm32f1xx_hal_tim.c.obj
 .text.TIM_OC4_SetConfig
                0x08003620       0x48 CMakeFiles/FOC_v1.2.elf.dir/Drivers/STM32F1xx_HAL_Driver/Src/stm32f1xx_hal_tim.c.obj
 .text.TIM_TI1_ConfigInputStage
                0x08003668       0x24 CMakeFiles/FOC_v1.2.elf.dir/Drivers/STM32F1xx_HAL_Driver/Src/stm32f1xx_hal_tim.c.obj
 .text.TIM_TI2_ConfigInputStage
                0x0800368c       0x26 CMakeFiles/FOC_v1.2.elf.dir/Drivers/STM32F1xx_HAL_Driver/Src/stm32f1xx_hal_tim.c.obj
 .text.TIM_ITRx_SetConfig
                0x080036b2       0x10 CMakeFiles/FOC_v1.2.elf.dir/Drivers/STM32F1xx_HAL_Driver/Src/stm32f1xx_hal_tim.c.obj
 *fill*         0x080036c2        0x2 
 .text.HAL_TIM_Base_Start_IT
                0x080036c4       0x68 CMakeFiles/FOC_v1.2.elf.dir/Drivers/STM32F1xx_HAL_Driver/Src/stm32f1xx_hal_tim.c.obj
                0x080036c4                HAL_TIM_Base_Start_IT
 .text.HAL_TIM_PWM_MspInit
                0x0800372c        0x2 CMakeFiles/FOC_v1.2.elf.dir/Drivers/STM32F1xx_HAL_Driver/Src/stm32f1xx_hal_tim.c.obj
                0x0800372c                HAL_TIM_PWM_MspInit
 .text.HAL_TIM_OC_DelayElapsedCallback
                0x0800372e        0x2 CMakeFiles/FOC_v1.2.elf.dir/Drivers/STM32F1xx_HAL_Driver/Src/stm32f1xx_hal_tim.c.obj
                0x0800372e                HAL_TIM_OC_DelayElapsedCallback
 .text.HAL_TIM_IC_CaptureCallback
                0x08003730        0x2 CMakeFiles/FOC_v1.2.elf.dir/Drivers/STM32F1xx_HAL_Driver/Src/stm32f1xx_hal_tim.c.obj
                0x08003730                HAL_TIM_IC_CaptureCallback
 .text.HAL_TIM_PWM_PulseFinishedCallback
                0x08003732        0x2 CMakeFiles/FOC_v1.2.elf.dir/Drivers/STM32F1xx_HAL_Driver/Src/stm32f1xx_hal_tim.c.obj
                0x08003732                HAL_TIM_PWM_PulseFinishedCallback
 .text.HAL_TIM_TriggerCallback
                0x08003734        0x2 CMakeFiles/FOC_v1.2.elf.dir/Drivers/STM32F1xx_HAL_Driver/Src/stm32f1xx_hal_tim.c.obj
                0x08003734                HAL_TIM_TriggerCallback
 .text.HAL_TIM_IRQHandler
                0x08003736      0x17a CMakeFiles/FOC_v1.2.elf.dir/Drivers/STM32F1xx_HAL_Driver/Src/stm32f1xx_hal_tim.c.obj
                0x08003736                HAL_TIM_IRQHandler
 .text.TIM_Base_SetConfig
                0x080038b0       0x74 CMakeFiles/FOC_v1.2.elf.dir/Drivers/STM32F1xx_HAL_Driver/Src/stm32f1xx_hal_tim.c.obj
                0x080038b0                TIM_Base_SetConfig
 .text.HAL_TIM_Base_Init
                0x08003924       0x58 CMakeFiles/FOC_v1.2.elf.dir/Drivers/STM32F1xx_HAL_Driver/Src/stm32f1xx_hal_tim.c.obj
                0x08003924                HAL_TIM_Base_Init
 .text.HAL_TIM_PWM_Init
                0x0800397c       0x58 CMakeFiles/FOC_v1.2.elf.dir/Drivers/STM32F1xx_HAL_Driver/Src/stm32f1xx_hal_tim.c.obj
                0x0800397c                HAL_TIM_PWM_Init
 .text.TIM_OC2_SetConfig
                0x080039d4       0x64 CMakeFiles/FOC_v1.2.elf.dir/Drivers/STM32F1xx_HAL_Driver/Src/stm32f1xx_hal_tim.c.obj
                0x080039d4                TIM_OC2_SetConfig
 .text.HAL_TIM_PWM_ConfigChannel
                0x08003a38       0xdc CMakeFiles/FOC_v1.2.elf.dir/Drivers/STM32F1xx_HAL_Driver/Src/stm32f1xx_hal_tim.c.obj
                0x08003a38                HAL_TIM_PWM_ConfigChannel
 .text.TIM_ETR_SetConfig
                0x08003b14       0x18 CMakeFiles/FOC_v1.2.elf.dir/Drivers/STM32F1xx_HAL_Driver/Src/stm32f1xx_hal_tim.c.obj
                0x08003b14                TIM_ETR_SetConfig
 .text.HAL_TIM_ConfigClockSource
                0x08003b2c       0xfe CMakeFiles/FOC_v1.2.elf.dir/Drivers/STM32F1xx_HAL_Driver/Src/stm32f1xx_hal_tim.c.obj
                0x08003b2c                HAL_TIM_ConfigClockSource
 .text.TIM_CCxChannelCmd
                0x08003c2a       0x1e CMakeFiles/FOC_v1.2.elf.dir/Drivers/STM32F1xx_HAL_Driver/Src/stm32f1xx_hal_tim.c.obj
                0x08003c2a                TIM_CCxChannelCmd
 .text.HAL_TIM_PWM_Start
                0x08003c48       0xdc CMakeFiles/FOC_v1.2.elf.dir/Drivers/STM32F1xx_HAL_Driver/Src/stm32f1xx_hal_tim.c.obj
                0x08003c48                HAL_TIM_PWM_Start
 .text.HAL_TIMEx_MasterConfigSynchronization
                0x08003d24       0x6c CMakeFiles/FOC_v1.2.elf.dir/Drivers/STM32F1xx_HAL_Driver/Src/stm32f1xx_hal_tim_ex.c.obj
                0x08003d24                HAL_TIMEx_MasterConfigSynchronization
 .text.HAL_TIMEx_CommutCallback
                0x08003d90        0x2 CMakeFiles/FOC_v1.2.elf.dir/Drivers/STM32F1xx_HAL_Driver/Src/stm32f1xx_hal_tim_ex.c.obj
                0x08003d90                HAL_TIMEx_CommutCallback
 .text.HAL_TIMEx_BreakCallback
                0x08003d92        0x2 CMakeFiles/FOC_v1.2.elf.dir/Drivers/STM32F1xx_HAL_Driver/Src/stm32f1xx_hal_tim_ex.c.obj
                0x08003d92                HAL_TIMEx_BreakCallback
 .text.UART_SetConfig
                0x08003d94       0x94 CMakeFiles/FOC_v1.2.elf.dir/Drivers/STM32F1xx_HAL_Driver/Src/stm32f1xx_hal_uart.c.obj
 .text.HAL_UART_Init
                0x08003e28       0x60 CMakeFiles/FOC_v1.2.elf.dir/Drivers/STM32F1xx_HAL_Driver/Src/stm32f1xx_hal_uart.c.obj
                0x08003e28                HAL_UART_Init
 .text.i2cWrite
                0x08003e88       0x20 CMakeFiles/FOC_v1.2.elf.dir/Hardware/AS5600.c.obj
 .text.i2cRead  0x08003ea8       0x20 CMakeFiles/FOC_v1.2.elf.dir/Hardware/AS5600.c.obj
 .text.as5600GetRawAngle
                0x08003ec8       0x34 CMakeFiles/FOC_v1.2.elf.dir/Hardware/AS5600.c.obj
                0x08003ec8                as5600GetRawAngle
 .text.DRV8301_Init
                0x08003efc       0x70 CMakeFiles/FOC_v1.2.elf.dir/Hardware/drv8301.c.obj
                0x08003efc                DRV8301_Init
 .text._SIN     0x08003f6c       0x10 CMakeFiles/FOC_v1.2.elf.dir/Hardware/foc_ctrl.c.obj
                0x08003f6c                _SIN
 .text._COS     0x08003f7c       0x10 CMakeFiles/FOC_v1.2.elf.dir/Hardware/foc_ctrl.c.obj
                0x08003f7c                _COS
 .text.get_Angle
                0x08003f8c       0x34 CMakeFiles/FOC_v1.2.elf.dir/Hardware/foc_ctrl.c.obj
                0x08003f8c                get_Angle
 .text.Inv_Park_Trans
                0x08003fc0       0x58 CMakeFiles/FOC_v1.2.elf.dir/Hardware/foc_ctrl.c.obj
                0x08003fc0                Inv_Park_Trans
 .text.SVPWM_Trans
                0x08004018      0x2f4 CMakeFiles/FOC_v1.2.elf.dir/Hardware/foc_ctrl.c.obj
                0x08004018                SVPWM_Trans
 .text.setTorque
                0x0800430c        0x8 CMakeFiles/FOC_v1.2.elf.dir/Hardware/foc_ctrl.c.obj
                0x0800430c                setTorque
 .text.FOC_Init
                0x08004314       0x3c CMakeFiles/FOC_v1.2.elf.dir/Hardware/foc_ctrl.c.obj
                0x08004314                FOC_Init
 .text.FOC_Run  0x08004350       0x70 CMakeFiles/FOC_v1.2.elf.dir/Hardware/foc_ctrl.c.obj
                0x08004350                FOC_Run
 .text.HAL_TIM_PeriodElapsedCallback
                0x080043c0       0x10 CMakeFiles/FOC_v1.2.elf.dir/Hardware/foc_ctrl.c.obj
                0x080043c0                HAL_TIM_PeriodElapsedCallback
 .text.pid_init
                0x080043d0       0x2c CMakeFiles/FOC_v1.2.elf.dir/Hardware/pid.c.obj
                0x080043d0                pid_init
 .text.__libc_init_array
                0x080043fc       0x48 c:/progra~2/gnuarm~1/102020~1/bin/../lib/gcc/arm-none-eabi/10.2.1/../../../../arm-none-eabi/lib/thumb/v7-m/nofp\libg.a(lib_a-init.o)
                0x080043fc                __libc_init_array
 .text.memset   0x08004444       0xa4 c:/progra~2/gnuarm~1/102020~1/bin/../lib/gcc/arm-none-eabi/10.2.1/../../../../arm-none-eabi/lib/thumb/v7-m/nofp\libg.a(lib_a-memset.o)
                0x08004444                memset
 .text.startup.register_fini
                0x080044e8       0x14 c:/progra~2/gnuarm~1/102020~1/bin/../lib/gcc/arm-none-eabi/10.2.1/../../../../arm-none-eabi/lib/thumb/v7-m/nofp\libg.a(lib_a-__call_atexit.o)
 .text.atexit   0x080044fc        0xc c:/progra~2/gnuarm~1/102020~1/bin/../lib/gcc/arm-none-eabi/10.2.1/../../../../arm-none-eabi/lib/thumb/v7-m/nofp\libg.a(lib_a-atexit.o)
                0x080044fc                atexit
 .text.__libc_fini_array
                0x08004508       0x2c c:/progra~2/gnuarm~1/102020~1/bin/../lib/gcc/arm-none-eabi/10.2.1/../../../../arm-none-eabi/lib/thumb/v7-m/nofp\libg.a(lib_a-fini.o)
                0x08004508                __libc_fini_array
 .text.__retarget_lock_acquire_recursive
                0x08004534        0x4 c:/progra~2/gnuarm~1/102020~1/bin/../lib/gcc/arm-none-eabi/10.2.1/../../../../arm-none-eabi/lib/thumb/v7-m/nofp\libg.a(lib_a-lock.o)
                0x08004534                __retarget_lock_acquire_recursive
 .text.__retarget_lock_release_recursive
                0x08004538        0x4 c:/progra~2/gnuarm~1/102020~1/bin/../lib/gcc/arm-none-eabi/10.2.1/../../../../arm-none-eabi/lib/thumb/v7-m/nofp\libg.a(lib_a-lock.o)
                0x08004538                __retarget_lock_release_recursive
 .text.__register_exitproc
                0x0800453c       0x8c c:/progra~2/gnuarm~1/102020~1/bin/../lib/gcc/arm-none-eabi/10.2.1/../../../../arm-none-eabi/lib/thumb/v7-m/nofp\libg.a(lib_a-__atexit.o)
                0x0800453c                __register_exitproc
 .text.cos      0x080045c8       0xa4 c:/progra~2/gnuarm~1/102020~1/bin/../lib/gcc/arm-none-eabi/10.2.1/../../../../arm-none-eabi/lib/thumb/v7-m/nofp\libm.a(lib_a-s_cos.o)
                0x080045c8                cos
 .text.sin      0x0800466c       0xb0 c:/progra~2/gnuarm~1/102020~1/bin/../lib/gcc/arm-none-eabi/10.2.1/../../../../arm-none-eabi/lib/thumb/v7-m/nofp\libm.a(lib_a-s_sin.o)
                0x0800466c                sin
 *fill*         0x0800471c        0x4 
 .text.__ieee754_rem_pio2
                0x08004720      0x454 c:/progra~2/gnuarm~1/102020~1/bin/../lib/gcc/arm-none-eabi/10.2.1/../../../../arm-none-eabi/lib/thumb/v7-m/nofp\libm.a(lib_a-e_rem_pio2.o)
                0x08004720                __ieee754_rem_pio2
 *fill*         0x08004b74        0x4 
 .text.__kernel_cos
                0x08004b78      0x250 c:/progra~2/gnuarm~1/102020~1/bin/../lib/gcc/arm-none-eabi/10.2.1/../../../../arm-none-eabi/lib/thumb/v7-m/nofp\libm.a(lib_a-k_cos.o)
                0x08004b78                __kernel_cos
 .text.__kernel_rem_pio2
                0x08004dc8      0x850 c:/progra~2/gnuarm~1/102020~1/bin/../lib/gcc/arm-none-eabi/10.2.1/../../../../arm-none-eabi/lib/thumb/v7-m/nofp\libm.a(lib_a-k_rem_pio2.o)
                0x08004dc8                __kernel_rem_pio2
 .text.__kernel_sin
                0x08005618      0x184 c:/progra~2/gnuarm~1/102020~1/bin/../lib/gcc/arm-none-eabi/10.2.1/../../../../arm-none-eabi/lib/thumb/v7-m/nofp\libm.a(lib_a-k_sin.o)
                0x08005618                __kernel_sin
 .text.fabs     0x0800579c        0x8 c:/progra~2/gnuarm~1/102020~1/bin/../lib/gcc/arm-none-eabi/10.2.1/../../../../arm-none-eabi/lib/thumb/v7-m/nofp\libm.a(lib_a-s_fabs.o)
                0x0800579c                fabs
 *fill*         0x080057a4        0x4 
 .text.floor    0x080057a8       0xf8 c:/progra~2/gnuarm~1/102020~1/bin/../lib/gcc/arm-none-eabi/10.2.1/../../../../arm-none-eabi/lib/thumb/v7-m/nofp\libm.a(lib_a-s_floor.o)
                0x080057a8                floor
 .text.scalbn   0x080058a0       0xfc c:/progra~2/gnuarm~1/102020~1/bin/../lib/gcc/arm-none-eabi/10.2.1/../../../../arm-none-eabi/lib/thumb/v7-m/nofp\libm.a(lib_a-s_scalbn.o)
                0x080058a0                scalbn
 *(.glue_7)
 .glue_7        0x0800599c        0x0 linker stubs
 *(.glue_7t)
 .glue_7t       0x0800599c        0x0 linker stubs
 *(.eh_frame)
 .eh_frame      0x0800599c        0x0 c:/progra~2/gnuarm~1/102020~1/bin/../lib/gcc/arm-none-eabi/10.2.1/thumb/v7-m/nofp/crtbegin.o
 *(.init)
 .init          0x0800599c        0x4 c:/progra~2/gnuarm~1/102020~1/bin/../lib/gcc/arm-none-eabi/10.2.1/thumb/v7-m/nofp/crti.o
                0x0800599c                _init
 .init          0x080059a0        0x8 c:/progra~2/gnuarm~1/102020~1/bin/../lib/gcc/arm-none-eabi/10.2.1/thumb/v7-m/nofp/crtn.o
 *(.fini)
 .fini          0x080059a8        0x4 c:/progra~2/gnuarm~1/102020~1/bin/../lib/gcc/arm-none-eabi/10.2.1/thumb/v7-m/nofp/crti.o
                0x080059a8                _fini
 .fini          0x080059ac        0x8 c:/progra~2/gnuarm~1/102020~1/bin/../lib/gcc/arm-none-eabi/10.2.1/thumb/v7-m/nofp/crtn.o
                0x080059b4                . = ALIGN (0x4)
                0x080059b4                _etext = .

.vfp11_veneer   0x080059b4        0x0
 .vfp11_veneer  0x080059b4        0x0 linker stubs

.v4_bx          0x080059b4        0x0
 .v4_bx         0x080059b4        0x0 linker stubs

.iplt           0x080059b4        0x0
 .iplt          0x080059b4        0x0 c:/progra~2/gnuarm~1/102020~1/bin/../lib/gcc/arm-none-eabi/10.2.1/thumb/v7-m/nofp/crtbegin.o

.rodata         0x080059b8      0x210
                0x080059b8                . = ALIGN (0x4)
 *(.rodata)
 .rodata        0x080059b8        0x8 CMakeFiles/FOC_v1.2.elf.dir/Core/Src/main.c.obj
 *(.rodata*)
 .rodata.AHBPrescTable
                0x080059c0       0x10 CMakeFiles/FOC_v1.2.elf.dir/Core/Src/system_stm32f1xx.c.obj
                0x080059c0                AHBPrescTable
 .rodata.APBPrescTable
                0x080059d0        0x8 CMakeFiles/FOC_v1.2.elf.dir/Core/Src/system_stm32f1xx.c.obj
                0x080059d0                APBPrescTable
 .rodata.aPLLMULFactorTable.1
                0x080059d8       0x10 CMakeFiles/FOC_v1.2.elf.dir/Drivers/STM32F1xx_HAL_Driver/Src/stm32f1xx_hal_rcc.c.obj
 .rodata.aPredivFactorTable.0
                0x080059e8        0x2 CMakeFiles/FOC_v1.2.elf.dir/Drivers/STM32F1xx_HAL_Driver/Src/stm32f1xx_hal_rcc.c.obj
 *fill*         0x080059ea        0x2 
 .rodata._global_impure_ptr
                0x080059ec        0x4 c:/progra~2/gnuarm~1/102020~1/bin/../lib/gcc/arm-none-eabi/10.2.1/../../../../arm-none-eabi/lib/thumb/v7-m/nofp\libg.a(lib_a-impure.o)
                0x080059ec                _global_impure_ptr
 .rodata.npio2_hw
                0x080059f0       0x80 c:/progra~2/gnuarm~1/102020~1/bin/../lib/gcc/arm-none-eabi/10.2.1/../../../../arm-none-eabi/lib/thumb/v7-m/nofp\libm.a(lib_a-e_rem_pio2.o)
 .rodata.two_over_pi
                0x08005a70      0x108 c:/progra~2/gnuarm~1/102020~1/bin/../lib/gcc/arm-none-eabi/10.2.1/../../../../arm-none-eabi/lib/thumb/v7-m/nofp\libm.a(lib_a-e_rem_pio2.o)
 .rodata.PIo2   0x08005b78       0x40 c:/progra~2/gnuarm~1/102020~1/bin/../lib/gcc/arm-none-eabi/10.2.1/../../../../arm-none-eabi/lib/thumb/v7-m/nofp\libm.a(lib_a-k_rem_pio2.o)
 .rodata.init_jk
                0x08005bb8       0x10 c:/progra~2/gnuarm~1/102020~1/bin/../lib/gcc/arm-none-eabi/10.2.1/../../../../arm-none-eabi/lib/thumb/v7-m/nofp\libm.a(lib_a-k_rem_pio2.o)
                0x08005bc8                . = ALIGN (0x4)

.rel.dyn        0x08005bc8        0x0
 .rel.iplt      0x08005bc8        0x0 c:/progra~2/gnuarm~1/102020~1/bin/../lib/gcc/arm-none-eabi/10.2.1/thumb/v7-m/nofp/crtbegin.o

.ARM.extab      0x08005bc8        0x0
                0x08005bc8                . = ALIGN (0x4)
 *(.ARM.extab* .gnu.linkonce.armextab.*)
                0x08005bc8                . = ALIGN (0x4)

.ARM            0x08005bc8        0x0
                0x08005bc8                . = ALIGN (0x4)
                0x08005bc8                __exidx_start = .
 *(.ARM.exidx*)
                0x08005bc8                __exidx_end = .
                0x08005bc8                . = ALIGN (0x4)

.preinit_array  0x08005bc8        0x0
                0x08005bc8                . = ALIGN (0x4)
                0x08005bc8                PROVIDE (__preinit_array_start = .)
 *(.preinit_array*)
                0x08005bc8                PROVIDE (__preinit_array_end = .)
                0x08005bc8                . = ALIGN (0x4)

.init_array     0x08005bc8        0x8
                0x08005bc8                . = ALIGN (0x4)
                0x08005bc8                PROVIDE (__init_array_start = .)
 *(SORT_BY_NAME(.init_array.*))
 .init_array.00000
                0x08005bc8        0x4 c:/progra~2/gnuarm~1/102020~1/bin/../lib/gcc/arm-none-eabi/10.2.1/../../../../arm-none-eabi/lib/thumb/v7-m/nofp\libg.a(lib_a-__call_atexit.o)
 *(.init_array*)
 .init_array    0x08005bcc        0x4 c:/progra~2/gnuarm~1/102020~1/bin/../lib/gcc/arm-none-eabi/10.2.1/thumb/v7-m/nofp/crtbegin.o
                0x08005bd0                PROVIDE (__init_array_end = .)
                0x08005bd0                . = ALIGN (0x4)

.fini_array     0x08005bd0        0x4
                0x08005bd0                . = ALIGN (0x4)
                0x08005bd0                PROVIDE (__fini_array_start = .)
 *(SORT_BY_NAME(.fini_array.*))
 *(.fini_array*)
 .fini_array    0x08005bd0        0x4 c:/progra~2/gnuarm~1/102020~1/bin/../lib/gcc/arm-none-eabi/10.2.1/thumb/v7-m/nofp/crtbegin.o
                0x08005bd4                PROVIDE (__fini_array_end = .)
                0x08005bd4                . = ALIGN (0x4)
                0x08005bd4                _sidata = LOADADDR (.data)

.data           0x20000000      0x43c load address 0x08005bd4
                0x20000000                . = ALIGN (0x4)
                0x20000000                _sdata = .
 *(.data)
 *(.data*)
 .data.SystemCoreClock
                0x20000000        0x4 CMakeFiles/FOC_v1.2.elf.dir/Core/Src/system_stm32f1xx.c.obj
                0x20000000                SystemCoreClock
 .data.uwTickFreq
                0x20000004        0x1 CMakeFiles/FOC_v1.2.elf.dir/Drivers/STM32F1xx_HAL_Driver/Src/stm32f1xx_hal.c.obj
                0x20000004                uwTickFreq
 *fill*         0x20000005        0x3 
 .data.uwTickPrio
                0x20000008        0x4 CMakeFiles/FOC_v1.2.elf.dir/Drivers/STM32F1xx_HAL_Driver/Src/stm32f1xx_hal.c.obj
                0x20000008                uwTickPrio
 *fill*         0x2000000c        0x4 
 .data.impure_data
                0x20000010      0x428 c:/progra~2/gnuarm~1/102020~1/bin/../lib/gcc/arm-none-eabi/10.2.1/../../../../arm-none-eabi/lib/thumb/v7-m/nofp\libg.a(lib_a-impure.o)
 .data.__atexit_recursive_mutex
                0x20000438        0x4 c:/progra~2/gnuarm~1/102020~1/bin/../lib/gcc/arm-none-eabi/10.2.1/../../../../arm-none-eabi/lib/thumb/v7-m/nofp\libg.a(lib_a-__call_atexit.o)
                0x20000438                __atexit_recursive_mutex
 *(.RamFunc)
 *(.RamFunc*)
                0x2000043c                . = ALIGN (0x4)
                0x2000043c                _edata = .

.igot.plt       0x2000043c        0x0 load address 0x08006010
 .igot.plt      0x2000043c        0x0 c:/progra~2/gnuarm~1/102020~1/bin/../lib/gcc/arm-none-eabi/10.2.1/thumb/v7-m/nofp/crtbegin.o
                0x2000043c                . = ALIGN (0x4)

.bss            0x2000043c      0x29c load address 0x08006010
                0x2000043c                _sbss = .
                0x2000043c                __bss_start__ = _sbss
 *(.bss)
 .bss           0x2000043c       0x1c c:/progra~2/gnuarm~1/102020~1/bin/../lib/gcc/arm-none-eabi/10.2.1/thumb/v7-m/nofp/crtbegin.o
 *(.bss*)
 .bss.hadc1     0x20000458       0x30 CMakeFiles/FOC_v1.2.elf.dir/Core/Src/adc.c.obj
                0x20000458                hadc1
 .bss.hdma_adc1
                0x20000488       0x44 CMakeFiles/FOC_v1.2.elf.dir/Core/Src/adc.c.obj
                0x20000488                hdma_adc1
 .bss.hi2c1     0x200004cc       0x54 CMakeFiles/FOC_v1.2.elf.dir/Core/Src/i2c.c.obj
                0x200004cc                hi2c1
 .bss.hspi1     0x20000520       0x58 CMakeFiles/FOC_v1.2.elf.dir/Core/Src/spi.c.obj
                0x20000520                hspi1
 .bss.htim2     0x20000578       0x48 CMakeFiles/FOC_v1.2.elf.dir/Core/Src/tim.c.obj
                0x20000578                htim2
 .bss.htim3     0x200005c0       0x48 CMakeFiles/FOC_v1.2.elf.dir/Core/Src/tim.c.obj
                0x200005c0                htim3
 .bss.huart1    0x20000608       0x48 CMakeFiles/FOC_v1.2.elf.dir/Core/Src/usart.c.obj
                0x20000608                huart1
 .bss.uwTick    0x20000650        0x4 CMakeFiles/FOC_v1.2.elf.dir/Drivers/STM32F1xx_HAL_Driver/Src/stm32f1xx_hal.c.obj
                0x20000650                uwTick
 .bss.AS5600_buffer
                0x20000654        0x2 CMakeFiles/FOC_v1.2.elf.dir/Hardware/AS5600.c.obj
                0x20000654                AS5600_buffer
 *fill*         0x20000656        0x2 
 .bss.Motor_2208
                0x20000658       0x2c CMakeFiles/FOC_v1.2.elf.dir/Hardware/foc_ctrl.c.obj
                0x20000658                Motor_2208
 .bss.T_count.1
                0x20000684        0x4 CMakeFiles/FOC_v1.2.elf.dir/Hardware/foc_ctrl.c.obj
 .bss.position_loop
                0x20000688       0x48 CMakeFiles/FOC_v1.2.elf.dir/Hardware/foc_ctrl.c.obj
                0x20000688                position_loop
 .bss.target_angle.0
                0x200006d0        0x4 CMakeFiles/FOC_v1.2.elf.dir/Hardware/foc_ctrl.c.obj
 .bss.__lock___atexit_recursive_mutex
                0x200006d4        0x1 c:/progra~2/gnuarm~1/102020~1/bin/../lib/gcc/arm-none-eabi/10.2.1/../../../../arm-none-eabi/lib/thumb/v7-m/nofp\libg.a(lib_a-lock.o)
                0x200006d4                __lock___atexit_recursive_mutex
 *(COMMON)
                0x200006d8                . = ALIGN (0x4)
 *fill*         0x200006d5        0x3 
                0x200006d8                _ebss = .
                0x200006d8                __bss_end__ = _ebss

._user_heap_stack
                0x200006d8      0x600 load address 0x08006010
                0x200006d8                . = ALIGN (0x8)
                [!provide]                PROVIDE (end = .)
                0x200006d8                PROVIDE (_end = .)
                0x200008d8                . = (. + _Min_Heap_Size)
 *fill*         0x200006d8      0x200 
                0x20000cd8                . = (. + _Min_Stack_Size)
 *fill*         0x200008d8      0x400 
                0x20000cd8                . = ALIGN (0x8)

/DISCARD/
 libc.a(*)
 libm.a(*)
 libgcc.a(*)

.ARM.attributes
                0x00000000       0x29
 *(.ARM.attributes)
 .ARM.attributes
                0x00000000       0x1d c:/progra~2/gnuarm~1/102020~1/bin/../lib/gcc/arm-none-eabi/10.2.1/thumb/v7-m/nofp/crti.o
 .ARM.attributes
                0x0000001d       0x2d c:/progra~2/gnuarm~1/102020~1/bin/../lib/gcc/arm-none-eabi/10.2.1/thumb/v7-m/nofp/crtbegin.o
 .ARM.attributes
                0x0000004a       0x2d CMakeFiles/FOC_v1.2.elf.dir/Core/Src/adc.c.obj
 .ARM.attributes
                0x00000077       0x2d CMakeFiles/FOC_v1.2.elf.dir/Core/Src/dma.c.obj
 .ARM.attributes
                0x000000a4       0x2d CMakeFiles/FOC_v1.2.elf.dir/Core/Src/gpio.c.obj
 .ARM.attributes
                0x000000d1       0x2d CMakeFiles/FOC_v1.2.elf.dir/Core/Src/i2c.c.obj
 .ARM.attributes
                0x000000fe       0x2d CMakeFiles/FOC_v1.2.elf.dir/Core/Src/main.c.obj
 .ARM.attributes
                0x0000012b       0x2d CMakeFiles/FOC_v1.2.elf.dir/Core/Src/spi.c.obj
 .ARM.attributes
                0x00000158       0x2d CMakeFiles/FOC_v1.2.elf.dir/Core/Src/stm32f1xx_hal_msp.c.obj
 .ARM.attributes
                0x00000185       0x2d CMakeFiles/FOC_v1.2.elf.dir/Core/Src/stm32f1xx_it.c.obj
 .ARM.attributes
                0x000001b2       0x2d CMakeFiles/FOC_v1.2.elf.dir/Core/Src/system_stm32f1xx.c.obj
 .ARM.attributes
                0x000001df       0x2d CMakeFiles/FOC_v1.2.elf.dir/Core/Src/tim.c.obj
 .ARM.attributes
                0x0000020c       0x2d CMakeFiles/FOC_v1.2.elf.dir/Core/Src/usart.c.obj
 .ARM.attributes
                0x00000239       0x21 CMakeFiles/FOC_v1.2.elf.dir/Core/Startup/startup_stm32f103c8tx.s.obj
 .ARM.attributes
                0x0000025a       0x2d CMakeFiles/FOC_v1.2.elf.dir/Drivers/STM32F1xx_HAL_Driver/Src/stm32f1xx_hal.c.obj
 .ARM.attributes
                0x00000287       0x2d CMakeFiles/FOC_v1.2.elf.dir/Drivers/STM32F1xx_HAL_Driver/Src/stm32f1xx_hal_adc.c.obj
 .ARM.attributes
                0x000002b4       0x2d CMakeFiles/FOC_v1.2.elf.dir/Drivers/STM32F1xx_HAL_Driver/Src/stm32f1xx_hal_cortex.c.obj
 .ARM.attributes
                0x000002e1       0x2d CMakeFiles/FOC_v1.2.elf.dir/Drivers/STM32F1xx_HAL_Driver/Src/stm32f1xx_hal_dma.c.obj
 .ARM.attributes
                0x0000030e       0x2d CMakeFiles/FOC_v1.2.elf.dir/Drivers/STM32F1xx_HAL_Driver/Src/stm32f1xx_hal_gpio.c.obj
 .ARM.attributes
                0x0000033b       0x2d CMakeFiles/FOC_v1.2.elf.dir/Drivers/STM32F1xx_HAL_Driver/Src/stm32f1xx_hal_i2c.c.obj
 .ARM.attributes
                0x00000368       0x2d CMakeFiles/FOC_v1.2.elf.dir/Drivers/STM32F1xx_HAL_Driver/Src/stm32f1xx_hal_rcc.c.obj
 .ARM.attributes
                0x00000395       0x2d CMakeFiles/FOC_v1.2.elf.dir/Drivers/STM32F1xx_HAL_Driver/Src/stm32f1xx_hal_rcc_ex.c.obj
 .ARM.attributes
                0x000003c2       0x2d CMakeFiles/FOC_v1.2.elf.dir/Drivers/STM32F1xx_HAL_Driver/Src/stm32f1xx_hal_spi.c.obj
 .ARM.attributes
                0x000003ef       0x2d CMakeFiles/FOC_v1.2.elf.dir/Drivers/STM32F1xx_HAL_Driver/Src/stm32f1xx_hal_tim.c.obj
 .ARM.attributes
                0x0000041c       0x2d CMakeFiles/FOC_v1.2.elf.dir/Drivers/STM32F1xx_HAL_Driver/Src/stm32f1xx_hal_tim_ex.c.obj
 .ARM.attributes
                0x00000449       0x2d CMakeFiles/FOC_v1.2.elf.dir/Drivers/STM32F1xx_HAL_Driver/Src/stm32f1xx_hal_uart.c.obj
 .ARM.attributes
                0x00000476       0x2d CMakeFiles/FOC_v1.2.elf.dir/Hardware/AS5600.c.obj
 .ARM.attributes
                0x000004a3       0x2d CMakeFiles/FOC_v1.2.elf.dir/Hardware/drv8301.c.obj
 .ARM.attributes
                0x000004d0       0x2d CMakeFiles/FOC_v1.2.elf.dir/Hardware/foc_ctrl.c.obj
 .ARM.attributes
                0x000004fd       0x2d CMakeFiles/FOC_v1.2.elf.dir/Hardware/pid.c.obj
 .ARM.attributes
                0x0000052a       0x1d c:/progra~2/gnuarm~1/102020~1/bin/../lib/gcc/arm-none-eabi/10.2.1/thumb/v7-m/nofp\libgcc.a(_arm_addsubdf3.o)
 .ARM.attributes
                0x00000547       0x1d c:/progra~2/gnuarm~1/102020~1/bin/../lib/gcc/arm-none-eabi/10.2.1/thumb/v7-m/nofp\libgcc.a(_arm_truncdfsf2.o)
 .ARM.attributes
                0x00000564       0x1d c:/progra~2/gnuarm~1/102020~1/bin/../lib/gcc/arm-none-eabi/10.2.1/thumb/v7-m/nofp\libgcc.a(_arm_addsubsf3.o)
 .ARM.attributes
                0x00000581       0x1d c:/progra~2/gnuarm~1/102020~1/bin/../lib/gcc/arm-none-eabi/10.2.1/thumb/v7-m/nofp\libgcc.a(_arm_muldivsf3.o)
 .ARM.attributes
                0x0000059e       0x1d c:/progra~2/gnuarm~1/102020~1/bin/../lib/gcc/arm-none-eabi/10.2.1/thumb/v7-m/nofp\libgcc.a(_arm_cmpsf2.o)
 .ARM.attributes
                0x000005bb       0x1d c:/progra~2/gnuarm~1/102020~1/bin/../lib/gcc/arm-none-eabi/10.2.1/thumb/v7-m/nofp\libgcc.a(_arm_fixunssfsi.o)
 .ARM.attributes
                0x000005d8       0x2d c:/progra~2/gnuarm~1/102020~1/bin/../lib/gcc/arm-none-eabi/10.2.1/../../../../arm-none-eabi/lib/thumb/v7-m/nofp\libg.a(lib_a-impure.o)
 .ARM.attributes
                0x00000605       0x2d c:/progra~2/gnuarm~1/102020~1/bin/../lib/gcc/arm-none-eabi/10.2.1/../../../../arm-none-eabi/lib/thumb/v7-m/nofp\libg.a(lib_a-init.o)
 .ARM.attributes
                0x00000632       0x2d c:/progra~2/gnuarm~1/102020~1/bin/../lib/gcc/arm-none-eabi/10.2.1/../../../../arm-none-eabi/lib/thumb/v7-m/nofp\libg.a(lib_a-memset.o)
 .ARM.attributes
                0x0000065f       0x2d c:/progra~2/gnuarm~1/102020~1/bin/../lib/gcc/arm-none-eabi/10.2.1/../../../../arm-none-eabi/lib/thumb/v7-m/nofp\libg.a(lib_a-__call_atexit.o)
 .ARM.attributes
                0x0000068c       0x2d c:/progra~2/gnuarm~1/102020~1/bin/../lib/gcc/arm-none-eabi/10.2.1/../../../../arm-none-eabi/lib/thumb/v7-m/nofp\libg.a(lib_a-atexit.o)
 .ARM.attributes
                0x000006b9       0x2d c:/progra~2/gnuarm~1/102020~1/bin/../lib/gcc/arm-none-eabi/10.2.1/../../../../arm-none-eabi/lib/thumb/v7-m/nofp\libg.a(lib_a-fini.o)
 .ARM.attributes
                0x000006e6       0x2d c:/progra~2/gnuarm~1/102020~1/bin/../lib/gcc/arm-none-eabi/10.2.1/../../../../arm-none-eabi/lib/thumb/v7-m/nofp\libg.a(lib_a-lock.o)
 .ARM.attributes
                0x00000713       0x2d c:/progra~2/gnuarm~1/102020~1/bin/../lib/gcc/arm-none-eabi/10.2.1/../../../../arm-none-eabi/lib/thumb/v7-m/nofp\libg.a(lib_a-__atexit.o)
 .ARM.attributes
                0x00000740       0x1d c:/progra~2/gnuarm~1/102020~1/bin/../lib/gcc/arm-none-eabi/10.2.1/thumb/v7-m/nofp/crtn.o
OUTPUT(FOC_v1.2.elf elf32-littlearm)
LOAD linker stubs
LOAD c:/progra~2/gnuarm~1/102020~1/bin/../lib/gcc/arm-none-eabi/10.2.1/../../../../arm-none-eabi/lib/thumb/v7-m/nofp\libc.a
LOAD c:/progra~2/gnuarm~1/102020~1/bin/../lib/gcc/arm-none-eabi/10.2.1/../../../../arm-none-eabi/lib/thumb/v7-m/nofp\libm.a
LOAD c:/progra~2/gnuarm~1/102020~1/bin/../lib/gcc/arm-none-eabi/10.2.1/thumb/v7-m/nofp\libgcc.a

.debug_info     0x00000000    0x1aa4c
 .debug_info    0x00000000      0x8e3 CMakeFiles/FOC_v1.2.elf.dir/Core/Src/adc.c.obj
 .debug_info    0x000008e3      0x2f4 CMakeFiles/FOC_v1.2.elf.dir/Core/Src/dma.c.obj
 .debug_info    0x00000bd7      0x30d CMakeFiles/FOC_v1.2.elf.dir/Core/Src/gpio.c.obj
 .debug_info    0x00000ee4      0x8a4 CMakeFiles/FOC_v1.2.elf.dir/Core/Src/i2c.c.obj
 .debug_info    0x00001788      0xf28 CMakeFiles/FOC_v1.2.elf.dir/Core/Src/main.c.obj
 .debug_info    0x000026b0      0x873 CMakeFiles/FOC_v1.2.elf.dir/Core/Src/spi.c.obj
 .debug_info    0x00002f23      0x211 CMakeFiles/FOC_v1.2.elf.dir/Core/Src/stm32f1xx_hal_msp.c.obj
 .debug_info    0x00003134      0x738 CMakeFiles/FOC_v1.2.elf.dir/Core/Src/stm32f1xx_it.c.obj
 .debug_info    0x0000386c      0x248 CMakeFiles/FOC_v1.2.elf.dir/Core/Src/system_stm32f1xx.c.obj
 .debug_info    0x00003ab4      0xed8 CMakeFiles/FOC_v1.2.elf.dir/Core/Src/tim.c.obj
 .debug_info    0x0000498c      0x855 CMakeFiles/FOC_v1.2.elf.dir/Core/Src/usart.c.obj
 .debug_info    0x000051e1       0x22 CMakeFiles/FOC_v1.2.elf.dir/Core/Startup/startup_stm32f103c8tx.s.obj
 .debug_info    0x00005203      0x7a8 CMakeFiles/FOC_v1.2.elf.dir/Drivers/STM32F1xx_HAL_Driver/Src/stm32f1xx_hal.c.obj
 .debug_info    0x000059ab      0xf3f CMakeFiles/FOC_v1.2.elf.dir/Drivers/STM32F1xx_HAL_Driver/Src/stm32f1xx_hal_adc.c.obj
 .debug_info    0x000068ea      0xd8a CMakeFiles/FOC_v1.2.elf.dir/Drivers/STM32F1xx_HAL_Driver/Src/stm32f1xx_hal_cortex.c.obj
 .debug_info    0x00007674      0x84b CMakeFiles/FOC_v1.2.elf.dir/Drivers/STM32F1xx_HAL_Driver/Src/stm32f1xx_hal_dma.c.obj
 .debug_info    0x00007ebf      0x66f CMakeFiles/FOC_v1.2.elf.dir/Drivers/STM32F1xx_HAL_Driver/Src/stm32f1xx_hal_gpio.c.obj
 .debug_info    0x0000852e     0x3ab6 CMakeFiles/FOC_v1.2.elf.dir/Drivers/STM32F1xx_HAL_Driver/Src/stm32f1xx_hal_i2c.c.obj
 .debug_info    0x0000bfe4      0xa3b CMakeFiles/FOC_v1.2.elf.dir/Drivers/STM32F1xx_HAL_Driver/Src/stm32f1xx_hal_rcc.c.obj
 .debug_info    0x0000ca1f      0x449 CMakeFiles/FOC_v1.2.elf.dir/Drivers/STM32F1xx_HAL_Driver/Src/stm32f1xx_hal_rcc_ex.c.obj
 .debug_info    0x0000ce68     0x1d75 CMakeFiles/FOC_v1.2.elf.dir/Drivers/STM32F1xx_HAL_Driver/Src/stm32f1xx_hal_spi.c.obj
 .debug_info    0x0000ebdd     0x3d52 CMakeFiles/FOC_v1.2.elf.dir/Drivers/STM32F1xx_HAL_Driver/Src/stm32f1xx_hal_tim.c.obj
 .debug_info    0x0001292f     0x1abb CMakeFiles/FOC_v1.2.elf.dir/Drivers/STM32F1xx_HAL_Driver/Src/stm32f1xx_hal_tim_ex.c.obj
 .debug_info    0x000143ea     0x4212 CMakeFiles/FOC_v1.2.elf.dir/Drivers/STM32F1xx_HAL_Driver/Src/stm32f1xx_hal_uart.c.obj
 .debug_info    0x000185fc      0x7db CMakeFiles/FOC_v1.2.elf.dir/Hardware/AS5600.c.obj
 .debug_info    0x00018dd7      0x73b CMakeFiles/FOC_v1.2.elf.dir/Hardware/drv8301.c.obj
 .debug_info    0x00019512     0x11a6 CMakeFiles/FOC_v1.2.elf.dir/Hardware/foc_ctrl.c.obj
 .debug_info    0x0001a6b8      0x394 CMakeFiles/FOC_v1.2.elf.dir/Hardware/pid.c.obj

.debug_abbrev   0x00000000     0x349a
 .debug_abbrev  0x00000000      0x1c9 CMakeFiles/FOC_v1.2.elf.dir/Core/Src/adc.c.obj
 .debug_abbrev  0x000001c9      0x114 CMakeFiles/FOC_v1.2.elf.dir/Core/Src/dma.c.obj
 .debug_abbrev  0x000002dd      0x13c CMakeFiles/FOC_v1.2.elf.dir/Core/Src/gpio.c.obj
 .debug_abbrev  0x00000419      0x1c1 CMakeFiles/FOC_v1.2.elf.dir/Core/Src/i2c.c.obj
 .debug_abbrev  0x000005da      0x287 CMakeFiles/FOC_v1.2.elf.dir/Core/Src/main.c.obj
 .debug_abbrev  0x00000861      0x1c1 CMakeFiles/FOC_v1.2.elf.dir/Core/Src/spi.c.obj
 .debug_abbrev  0x00000a22       0xe5 CMakeFiles/FOC_v1.2.elf.dir/Core/Src/stm32f1xx_hal_msp.c.obj
 .debug_abbrev  0x00000b07      0x179 CMakeFiles/FOC_v1.2.elf.dir/Core/Src/stm32f1xx_it.c.obj
 .debug_abbrev  0x00000c80      0x13e CMakeFiles/FOC_v1.2.elf.dir/Core/Src/system_stm32f1xx.c.obj
 .debug_abbrev  0x00000dbe      0x203 CMakeFiles/FOC_v1.2.elf.dir/Core/Src/tim.c.obj
 .debug_abbrev  0x00000fc1      0x1c8 CMakeFiles/FOC_v1.2.elf.dir/Core/Src/usart.c.obj
 .debug_abbrev  0x00001189       0x12 CMakeFiles/FOC_v1.2.elf.dir/Core/Startup/startup_stm32f103c8tx.s.obj
 .debug_abbrev  0x0000119b      0x1f4 CMakeFiles/FOC_v1.2.elf.dir/Drivers/STM32F1xx_HAL_Driver/Src/stm32f1xx_hal.c.obj
 .debug_abbrev  0x0000138f      0x1fc CMakeFiles/FOC_v1.2.elf.dir/Drivers/STM32F1xx_HAL_Driver/Src/stm32f1xx_hal_adc.c.obj
 .debug_abbrev  0x0000158b      0x341 CMakeFiles/FOC_v1.2.elf.dir/Drivers/STM32F1xx_HAL_Driver/Src/stm32f1xx_hal_cortex.c.obj
 .debug_abbrev  0x000018cc      0x223 CMakeFiles/FOC_v1.2.elf.dir/Drivers/STM32F1xx_HAL_Driver/Src/stm32f1xx_hal_dma.c.obj
 .debug_abbrev  0x00001aef      0x1e6 CMakeFiles/FOC_v1.2.elf.dir/Drivers/STM32F1xx_HAL_Driver/Src/stm32f1xx_hal_gpio.c.obj
 .debug_abbrev  0x00001cd5      0x293 CMakeFiles/FOC_v1.2.elf.dir/Drivers/STM32F1xx_HAL_Driver/Src/stm32f1xx_hal_i2c.c.obj
 .debug_abbrev  0x00001f68      0x27a CMakeFiles/FOC_v1.2.elf.dir/Drivers/STM32F1xx_HAL_Driver/Src/stm32f1xx_hal_rcc.c.obj
 .debug_abbrev  0x000021e2      0x1d2 CMakeFiles/FOC_v1.2.elf.dir/Drivers/STM32F1xx_HAL_Driver/Src/stm32f1xx_hal_rcc_ex.c.obj
 .debug_abbrev  0x000023b4      0x23b CMakeFiles/FOC_v1.2.elf.dir/Drivers/STM32F1xx_HAL_Driver/Src/stm32f1xx_hal_spi.c.obj
 .debug_abbrev  0x000025ef      0x245 CMakeFiles/FOC_v1.2.elf.dir/Drivers/STM32F1xx_HAL_Driver/Src/stm32f1xx_hal_tim.c.obj
 .debug_abbrev  0x00002834      0x248 CMakeFiles/FOC_v1.2.elf.dir/Drivers/STM32F1xx_HAL_Driver/Src/stm32f1xx_hal_tim_ex.c.obj
 .debug_abbrev  0x00002a7c      0x2dd CMakeFiles/FOC_v1.2.elf.dir/Drivers/STM32F1xx_HAL_Driver/Src/stm32f1xx_hal_uart.c.obj
 .debug_abbrev  0x00002d59      0x1cf CMakeFiles/FOC_v1.2.elf.dir/Hardware/AS5600.c.obj
 .debug_abbrev  0x00002f28      0x197 CMakeFiles/FOC_v1.2.elf.dir/Hardware/drv8301.c.obj
 .debug_abbrev  0x000030bf      0x2ae CMakeFiles/FOC_v1.2.elf.dir/Hardware/foc_ctrl.c.obj
 .debug_abbrev  0x0000336d      0x12d CMakeFiles/FOC_v1.2.elf.dir/Hardware/pid.c.obj

.debug_loc      0x00000000    0x14ed2
 .debug_loc     0x00000000       0x71 CMakeFiles/FOC_v1.2.elf.dir/Core/Src/adc.c.obj
 .debug_loc     0x00000071       0x67 CMakeFiles/FOC_v1.2.elf.dir/Core/Src/i2c.c.obj
 .debug_loc     0x000000d8       0xae CMakeFiles/FOC_v1.2.elf.dir/Core/Src/main.c.obj
 .debug_loc     0x00000186       0x84 CMakeFiles/FOC_v1.2.elf.dir/Core/Src/spi.c.obj
 .debug_loc     0x0000020a       0x15 CMakeFiles/FOC_v1.2.elf.dir/Core/Src/stm32f1xx_hal_msp.c.obj
 .debug_loc     0x0000021f       0xff CMakeFiles/FOC_v1.2.elf.dir/Core/Src/system_stm32f1xx.c.obj
 .debug_loc     0x0000031e      0x112 CMakeFiles/FOC_v1.2.elf.dir/Core/Src/tim.c.obj
 .debug_loc     0x00000430       0x84 CMakeFiles/FOC_v1.2.elf.dir/Core/Src/usart.c.obj
 .debug_loc     0x000004b4      0x141 CMakeFiles/FOC_v1.2.elf.dir/Drivers/STM32F1xx_HAL_Driver/Src/stm32f1xx_hal.c.obj
 .debug_loc     0x000005f5      0xb03 CMakeFiles/FOC_v1.2.elf.dir/Drivers/STM32F1xx_HAL_Driver/Src/stm32f1xx_hal_adc.c.obj
 .debug_loc     0x000010f8      0x71f CMakeFiles/FOC_v1.2.elf.dir/Drivers/STM32F1xx_HAL_Driver/Src/stm32f1xx_hal_cortex.c.obj
 .debug_loc     0x00001817      0x7d1 CMakeFiles/FOC_v1.2.elf.dir/Drivers/STM32F1xx_HAL_Driver/Src/stm32f1xx_hal_dma.c.obj
 .debug_loc     0x00001fe8      0x47d CMakeFiles/FOC_v1.2.elf.dir/Drivers/STM32F1xx_HAL_Driver/Src/stm32f1xx_hal_gpio.c.obj
 .debug_loc     0x00002465     0x41ca CMakeFiles/FOC_v1.2.elf.dir/Drivers/STM32F1xx_HAL_Driver/Src/stm32f1xx_hal_i2c.c.obj
 .debug_loc     0x0000662f      0x618 CMakeFiles/FOC_v1.2.elf.dir/Drivers/STM32F1xx_HAL_Driver/Src/stm32f1xx_hal_rcc.c.obj
 .debug_loc     0x00006c47      0x43d CMakeFiles/FOC_v1.2.elf.dir/Drivers/STM32F1xx_HAL_Driver/Src/stm32f1xx_hal_rcc_ex.c.obj
 .debug_loc     0x00007084     0x1e2f CMakeFiles/FOC_v1.2.elf.dir/Drivers/STM32F1xx_HAL_Driver/Src/stm32f1xx_hal_spi.c.obj
 .debug_loc     0x00008eb3     0x50fa CMakeFiles/FOC_v1.2.elf.dir/Drivers/STM32F1xx_HAL_Driver/Src/stm32f1xx_hal_tim.c.obj
 .debug_loc     0x0000dfad     0x1c93 CMakeFiles/FOC_v1.2.elf.dir/Drivers/STM32F1xx_HAL_Driver/Src/stm32f1xx_hal_tim_ex.c.obj
 .debug_loc     0x0000fc40     0x487b CMakeFiles/FOC_v1.2.elf.dir/Drivers/STM32F1xx_HAL_Driver/Src/stm32f1xx_hal_uart.c.obj
 .debug_loc     0x000144bb      0x14b CMakeFiles/FOC_v1.2.elf.dir/Hardware/AS5600.c.obj
 .debug_loc     0x00014606      0x7f0 CMakeFiles/FOC_v1.2.elf.dir/Hardware/foc_ctrl.c.obj
 .debug_loc     0x00014df6       0xdc CMakeFiles/FOC_v1.2.elf.dir/Hardware/pid.c.obj

.debug_aranges  0x00000000     0x1308
 .debug_aranges
                0x00000000       0x30 CMakeFiles/FOC_v1.2.elf.dir/Core/Src/adc.c.obj
 .debug_aranges
                0x00000030       0x20 CMakeFiles/FOC_v1.2.elf.dir/Core/Src/dma.c.obj
 .debug_aranges
                0x00000050       0x20 CMakeFiles/FOC_v1.2.elf.dir/Core/Src/gpio.c.obj
 .debug_aranges
                0x00000070       0x30 CMakeFiles/FOC_v1.2.elf.dir/Core/Src/i2c.c.obj
 .debug_aranges
                0x000000a0       0x38 CMakeFiles/FOC_v1.2.elf.dir/Core/Src/main.c.obj
 .debug_aranges
                0x000000d8       0x30 CMakeFiles/FOC_v1.2.elf.dir/Core/Src/spi.c.obj
 .debug_aranges
                0x00000108       0x20 CMakeFiles/FOC_v1.2.elf.dir/Core/Src/stm32f1xx_hal_msp.c.obj
 .debug_aranges
                0x00000128       0x70 CMakeFiles/FOC_v1.2.elf.dir/Core/Src/stm32f1xx_it.c.obj
 .debug_aranges
                0x00000198       0x28 CMakeFiles/FOC_v1.2.elf.dir/Core/Src/system_stm32f1xx.c.obj
 .debug_aranges
                0x000001c0       0x40 CMakeFiles/FOC_v1.2.elf.dir/Core/Src/tim.c.obj
 .debug_aranges
                0x00000200       0x30 CMakeFiles/FOC_v1.2.elf.dir/Core/Src/usart.c.obj
 .debug_aranges
                0x00000230       0x28 CMakeFiles/FOC_v1.2.elf.dir/Core/Startup/startup_stm32f103c8tx.s.obj
 .debug_aranges
                0x00000258       0xe0 CMakeFiles/FOC_v1.2.elf.dir/Drivers/STM32F1xx_HAL_Driver/Src/stm32f1xx_hal.c.obj
 .debug_aranges
                0x00000338       0xf0 CMakeFiles/FOC_v1.2.elf.dir/Drivers/STM32F1xx_HAL_Driver/Src/stm32f1xx_hal_adc.c.obj
 .debug_aranges
                0x00000428       0x90 CMakeFiles/FOC_v1.2.elf.dir/Drivers/STM32F1xx_HAL_Driver/Src/stm32f1xx_hal_cortex.c.obj
 .debug_aranges
                0x000004b8       0x80 CMakeFiles/FOC_v1.2.elf.dir/Drivers/STM32F1xx_HAL_Driver/Src/stm32f1xx_hal_dma.c.obj
 .debug_aranges
                0x00000538       0x58 CMakeFiles/FOC_v1.2.elf.dir/Drivers/STM32F1xx_HAL_Driver/Src/stm32f1xx_hal_gpio.c.obj
 .debug_aranges
                0x00000590      0x2a8 CMakeFiles/FOC_v1.2.elf.dir/Drivers/STM32F1xx_HAL_Driver/Src/stm32f1xx_hal_i2c.c.obj
 .debug_aranges
                0x00000838       0x90 CMakeFiles/FOC_v1.2.elf.dir/Drivers/STM32F1xx_HAL_Driver/Src/stm32f1xx_hal_rcc.c.obj
 .debug_aranges
                0x000008c8       0x30 CMakeFiles/FOC_v1.2.elf.dir/Drivers/STM32F1xx_HAL_Driver/Src/stm32f1xx_hal_rcc_ex.c.obj
 .debug_aranges
                0x000008f8      0x1d0 CMakeFiles/FOC_v1.2.elf.dir/Drivers/STM32F1xx_HAL_Driver/Src/stm32f1xx_hal_spi.c.obj
 .debug_aranges
                0x00000ac8      0x3d0 CMakeFiles/FOC_v1.2.elf.dir/Drivers/STM32F1xx_HAL_Driver/Src/stm32f1xx_hal_tim.c.obj
 .debug_aranges
                0x00000e98      0x168 CMakeFiles/FOC_v1.2.elf.dir/Drivers/STM32F1xx_HAL_Driver/Src/stm32f1xx_hal_tim_ex.c.obj
 .debug_aranges
                0x00001000      0x208 CMakeFiles/FOC_v1.2.elf.dir/Drivers/STM32F1xx_HAL_Driver/Src/stm32f1xx_hal_uart.c.obj
 .debug_aranges
                0x00001208       0x30 CMakeFiles/FOC_v1.2.elf.dir/Hardware/AS5600.c.obj
 .debug_aranges
                0x00001238       0x20 CMakeFiles/FOC_v1.2.elf.dir/Hardware/drv8301.c.obj
 .debug_aranges
                0x00001258       0x80 CMakeFiles/FOC_v1.2.elf.dir/Hardware/foc_ctrl.c.obj
 .debug_aranges
                0x000012d8       0x30 CMakeFiles/FOC_v1.2.elf.dir/Hardware/pid.c.obj

.debug_ranges   0x00000000     0x1230
 .debug_ranges  0x00000000       0x20 CMakeFiles/FOC_v1.2.elf.dir/Core/Src/adc.c.obj
 .debug_ranges  0x00000020       0x10 CMakeFiles/FOC_v1.2.elf.dir/Core/Src/dma.c.obj
 .debug_ranges  0x00000030       0x10 CMakeFiles/FOC_v1.2.elf.dir/Core/Src/gpio.c.obj
 .debug_ranges  0x00000040       0x20 CMakeFiles/FOC_v1.2.elf.dir/Core/Src/i2c.c.obj
 .debug_ranges  0x00000060       0x40 CMakeFiles/FOC_v1.2.elf.dir/Core/Src/main.c.obj
 .debug_ranges  0x000000a0       0x20 CMakeFiles/FOC_v1.2.elf.dir/Core/Src/spi.c.obj
 .debug_ranges  0x000000c0       0x10 CMakeFiles/FOC_v1.2.elf.dir/Core/Src/stm32f1xx_hal_msp.c.obj
 .debug_ranges  0x000000d0       0x60 CMakeFiles/FOC_v1.2.elf.dir/Core/Src/stm32f1xx_it.c.obj
 .debug_ranges  0x00000130       0x18 CMakeFiles/FOC_v1.2.elf.dir/Core/Src/system_stm32f1xx.c.obj
 .debug_ranges  0x00000148       0x30 CMakeFiles/FOC_v1.2.elf.dir/Core/Src/tim.c.obj
 .debug_ranges  0x00000178       0x20 CMakeFiles/FOC_v1.2.elf.dir/Core/Src/usart.c.obj
 .debug_ranges  0x00000198       0x20 CMakeFiles/FOC_v1.2.elf.dir/Core/Startup/startup_stm32f103c8tx.s.obj
 .debug_ranges  0x000001b8       0xd0 CMakeFiles/FOC_v1.2.elf.dir/Drivers/STM32F1xx_HAL_Driver/Src/stm32f1xx_hal.c.obj
 .debug_ranges  0x00000288       0xe0 CMakeFiles/FOC_v1.2.elf.dir/Drivers/STM32F1xx_HAL_Driver/Src/stm32f1xx_hal_adc.c.obj
 .debug_ranges  0x00000368       0xe0 CMakeFiles/FOC_v1.2.elf.dir/Drivers/STM32F1xx_HAL_Driver/Src/stm32f1xx_hal_cortex.c.obj
 .debug_ranges  0x00000448       0x70 CMakeFiles/FOC_v1.2.elf.dir/Drivers/STM32F1xx_HAL_Driver/Src/stm32f1xx_hal_dma.c.obj
 .debug_ranges  0x000004b8       0x48 CMakeFiles/FOC_v1.2.elf.dir/Drivers/STM32F1xx_HAL_Driver/Src/stm32f1xx_hal_gpio.c.obj
 .debug_ranges  0x00000500      0x2b0 CMakeFiles/FOC_v1.2.elf.dir/Drivers/STM32F1xx_HAL_Driver/Src/stm32f1xx_hal_i2c.c.obj
 .debug_ranges  0x000007b0       0xa0 CMakeFiles/FOC_v1.2.elf.dir/Drivers/STM32F1xx_HAL_Driver/Src/stm32f1xx_hal_rcc.c.obj
 .debug_ranges  0x00000850       0x38 CMakeFiles/FOC_v1.2.elf.dir/Drivers/STM32F1xx_HAL_Driver/Src/stm32f1xx_hal_rcc_ex.c.obj
 .debug_ranges  0x00000888      0x1c0 CMakeFiles/FOC_v1.2.elf.dir/Drivers/STM32F1xx_HAL_Driver/Src/stm32f1xx_hal_spi.c.obj
 .debug_ranges  0x00000a48      0x3c0 CMakeFiles/FOC_v1.2.elf.dir/Drivers/STM32F1xx_HAL_Driver/Src/stm32f1xx_hal_tim.c.obj
 .debug_ranges  0x00000e08      0x158 CMakeFiles/FOC_v1.2.elf.dir/Drivers/STM32F1xx_HAL_Driver/Src/stm32f1xx_hal_tim_ex.c.obj
 .debug_ranges  0x00000f60      0x210 CMakeFiles/FOC_v1.2.elf.dir/Drivers/STM32F1xx_HAL_Driver/Src/stm32f1xx_hal_uart.c.obj
 .debug_ranges  0x00001170       0x20 CMakeFiles/FOC_v1.2.elf.dir/Hardware/AS5600.c.obj
 .debug_ranges  0x00001190       0x10 CMakeFiles/FOC_v1.2.elf.dir/Hardware/drv8301.c.obj
 .debug_ranges  0x000011a0       0x70 CMakeFiles/FOC_v1.2.elf.dir/Hardware/foc_ctrl.c.obj
 .debug_ranges  0x00001210       0x20 CMakeFiles/FOC_v1.2.elf.dir/Hardware/pid.c.obj

.debug_line     0x00000000    0x1913e
 .debug_line    0x00000000      0x3a4 CMakeFiles/FOC_v1.2.elf.dir/Core/Src/adc.c.obj
 .debug_line    0x000003a4      0x1b3 CMakeFiles/FOC_v1.2.elf.dir/Core/Src/dma.c.obj
 .debug_line    0x00000557      0x207 CMakeFiles/FOC_v1.2.elf.dir/Core/Src/gpio.c.obj
 .debug_line    0x0000075e      0x30b CMakeFiles/FOC_v1.2.elf.dir/Core/Src/i2c.c.obj
 .debug_line    0x00000a69      0x4ed CMakeFiles/FOC_v1.2.elf.dir/Core/Src/main.c.obj
 .debug_line    0x00000f56      0x340 CMakeFiles/FOC_v1.2.elf.dir/Core/Src/spi.c.obj
 .debug_line    0x00001296      0x173 CMakeFiles/FOC_v1.2.elf.dir/Core/Src/stm32f1xx_hal_msp.c.obj
 .debug_line    0x00001409      0x31a CMakeFiles/FOC_v1.2.elf.dir/Core/Src/stm32f1xx_it.c.obj
 .debug_line    0x00001723      0x23c CMakeFiles/FOC_v1.2.elf.dir/Core/Src/system_stm32f1xx.c.obj
 .debug_line    0x0000195f      0x4e2 CMakeFiles/FOC_v1.2.elf.dir/Core/Src/tim.c.obj
 .debug_line    0x00001e41      0x325 CMakeFiles/FOC_v1.2.elf.dir/Core/Src/usart.c.obj
 .debug_line    0x00002166       0xa1 CMakeFiles/FOC_v1.2.elf.dir/Core/Startup/startup_stm32f103c8tx.s.obj
 .debug_line    0x00002207      0x560 CMakeFiles/FOC_v1.2.elf.dir/Drivers/STM32F1xx_HAL_Driver/Src/stm32f1xx_hal.c.obj
 .debug_line    0x00002767      0xf01 CMakeFiles/FOC_v1.2.elf.dir/Drivers/STM32F1xx_HAL_Driver/Src/stm32f1xx_hal_adc.c.obj
 .debug_line    0x00003668      0x64d CMakeFiles/FOC_v1.2.elf.dir/Drivers/STM32F1xx_HAL_Driver/Src/stm32f1xx_hal_cortex.c.obj
 .debug_line    0x00003cb5      0xa6e CMakeFiles/FOC_v1.2.elf.dir/Drivers/STM32F1xx_HAL_Driver/Src/stm32f1xx_hal_dma.c.obj
 .debug_line    0x00004723      0x5f5 CMakeFiles/FOC_v1.2.elf.dir/Drivers/STM32F1xx_HAL_Driver/Src/stm32f1xx_hal_gpio.c.obj
 .debug_line    0x00004d18     0x5622 CMakeFiles/FOC_v1.2.elf.dir/Drivers/STM32F1xx_HAL_Driver/Src/stm32f1xx_hal_i2c.c.obj
 .debug_line    0x0000a33a      0xc32 CMakeFiles/FOC_v1.2.elf.dir/Drivers/STM32F1xx_HAL_Driver/Src/stm32f1xx_hal_rcc.c.obj
 .debug_line    0x0000af6c      0x4a7 CMakeFiles/FOC_v1.2.elf.dir/Drivers/STM32F1xx_HAL_Driver/Src/stm32f1xx_hal_rcc_ex.c.obj
 .debug_line    0x0000b413     0x24dc CMakeFiles/FOC_v1.2.elf.dir/Drivers/STM32F1xx_HAL_Driver/Src/stm32f1xx_hal_spi.c.obj
 .debug_line    0x0000d8ef     0x498a CMakeFiles/FOC_v1.2.elf.dir/Drivers/STM32F1xx_HAL_Driver/Src/stm32f1xx_hal_tim.c.obj
 .debug_line    0x00012279     0x1c02 CMakeFiles/FOC_v1.2.elf.dir/Drivers/STM32F1xx_HAL_Driver/Src/stm32f1xx_hal_tim_ex.c.obj
 .debug_line    0x00013e7b     0x43d5 CMakeFiles/FOC_v1.2.elf.dir/Drivers/STM32F1xx_HAL_Driver/Src/stm32f1xx_hal_uart.c.obj
 .debug_line    0x00018250      0x26f CMakeFiles/FOC_v1.2.elf.dir/Hardware/AS5600.c.obj
 .debug_line    0x000184bf      0x254 CMakeFiles/FOC_v1.2.elf.dir/Hardware/drv8301.c.obj
 .debug_line    0x00018713      0x6ee CMakeFiles/FOC_v1.2.elf.dir/Hardware/foc_ctrl.c.obj
 .debug_line    0x00018e01      0x33d CMakeFiles/FOC_v1.2.elf.dir/Hardware/pid.c.obj

.debug_str      0x00000000     0x5578
 .debug_str     0x00000000      0x5d9 CMakeFiles/FOC_v1.2.elf.dir/Core/Src/adc.c.obj
                                0x679 (size before relaxing)
 .debug_str     0x000005d9      0x336 CMakeFiles/FOC_v1.2.elf.dir/Core/Src/dma.c.obj
                                0x514 (size before relaxing)
 .debug_str     0x0000090f       0x69 CMakeFiles/FOC_v1.2.elf.dir/Core/Src/gpio.c.obj
                                0x2b1 (size before relaxing)
 .debug_str     0x00000978      0x2e3 CMakeFiles/FOC_v1.2.elf.dir/Core/Src/i2c.c.obj
                                0x768 (size before relaxing)
 .debug_str     0x00000c5b      0x888 CMakeFiles/FOC_v1.2.elf.dir/Core/Src/main.c.obj
                                0xd04 (size before relaxing)
 .debug_str     0x000014e3      0x1de CMakeFiles/FOC_v1.2.elf.dir/Core/Src/spi.c.obj
                                0x6bf (size before relaxing)
 .debug_str     0x000016c1       0x75 CMakeFiles/FOC_v1.2.elf.dir/Core/Src/stm32f1xx_hal_msp.c.obj
                                0x253 (size before relaxing)
 .debug_str     0x00001736      0x121 CMakeFiles/FOC_v1.2.elf.dir/Core/Src/stm32f1xx_it.c.obj
                                0x77d (size before relaxing)
 .debug_str     0x00001857       0x99 CMakeFiles/FOC_v1.2.elf.dir/Core/Src/system_stm32f1xx.c.obj
                                0x288 (size before relaxing)
 .debug_str     0x000018f0      0x219 CMakeFiles/FOC_v1.2.elf.dir/Core/Src/tim.c.obj
                                0xca1 (size before relaxing)
 .debug_str     0x00001b09       0x6c CMakeFiles/FOC_v1.2.elf.dir/Core/Src/usart.c.obj
                                0x6f4 (size before relaxing)
 .debug_str     0x00001b75       0x51 CMakeFiles/FOC_v1.2.elf.dir/Core/Startup/startup_stm32f103c8tx.s.obj
                                 0x81 (size before relaxing)
 .debug_str     0x00001bc6      0x315 CMakeFiles/FOC_v1.2.elf.dir/Drivers/STM32F1xx_HAL_Driver/Src/stm32f1xx_hal.c.obj
                                0x858 (size before relaxing)
 .debug_str     0x00001edb      0x350 CMakeFiles/FOC_v1.2.elf.dir/Drivers/STM32F1xx_HAL_Driver/Src/stm32f1xx_hal_adc.c.obj
                                0x90e (size before relaxing)
 .debug_str     0x0000222b      0x3b9 CMakeFiles/FOC_v1.2.elf.dir/Drivers/STM32F1xx_HAL_Driver/Src/stm32f1xx_hal_cortex.c.obj
                                0x907 (size before relaxing)
 .debug_str     0x000025e4      0x20c CMakeFiles/FOC_v1.2.elf.dir/Drivers/STM32F1xx_HAL_Driver/Src/stm32f1xx_hal_dma.c.obj
                                0x631 (size before relaxing)
 .debug_str     0x000027f0      0x130 CMakeFiles/FOC_v1.2.elf.dir/Drivers/STM32F1xx_HAL_Driver/Src/stm32f1xx_hal_gpio.c.obj
                                0x434 (size before relaxing)
 .debug_str     0x00002920      0x8de CMakeFiles/FOC_v1.2.elf.dir/Drivers/STM32F1xx_HAL_Driver/Src/stm32f1xx_hal_i2c.c.obj
                                0xff9 (size before relaxing)
 .debug_str     0x000031fe      0x1e0 CMakeFiles/FOC_v1.2.elf.dir/Drivers/STM32F1xx_HAL_Driver/Src/stm32f1xx_hal_rcc.c.obj
                                0x65f (size before relaxing)
 .debug_str     0x000033de       0x9f CMakeFiles/FOC_v1.2.elf.dir/Drivers/STM32F1xx_HAL_Driver/Src/stm32f1xx_hal_rcc_ex.c.obj
                                0x407 (size before relaxing)
 .debug_str     0x0000347d      0x528 CMakeFiles/FOC_v1.2.elf.dir/Drivers/STM32F1xx_HAL_Driver/Src/stm32f1xx_hal_spi.c.obj
                                0xb9b (size before relaxing)
 .debug_str     0x000039a5      0xda6 CMakeFiles/FOC_v1.2.elf.dir/Drivers/STM32F1xx_HAL_Driver/Src/stm32f1xx_hal_tim.c.obj
                               0x1673 (size before relaxing)
 .debug_str     0x0000474b      0x53f CMakeFiles/FOC_v1.2.elf.dir/Drivers/STM32F1xx_HAL_Driver/Src/stm32f1xx_hal_tim_ex.c.obj
                                0xe74 (size before relaxing)
 .debug_str     0x00004c8a      0x612 CMakeFiles/FOC_v1.2.elf.dir/Drivers/STM32F1xx_HAL_Driver/Src/stm32f1xx_hal_uart.c.obj
                                0xd28 (size before relaxing)
 .debug_str     0x0000529c       0x9d CMakeFiles/FOC_v1.2.elf.dir/Hardware/AS5600.c.obj
                                0x711 (size before relaxing)
 .debug_str     0x00005339       0x3a CMakeFiles/FOC_v1.2.elf.dir/Hardware/drv8301.c.obj
                                0x618 (size before relaxing)
 .debug_str     0x00005373      0x1c5 CMakeFiles/FOC_v1.2.elf.dir/Hardware/foc_ctrl.c.obj
                                0x997 (size before relaxing)
 .debug_str     0x00005538       0x40 CMakeFiles/FOC_v1.2.elf.dir/Hardware/pid.c.obj
                                0x28e (size before relaxing)

.comment        0x00000000       0x4d
 .comment       0x00000000       0x4d CMakeFiles/FOC_v1.2.elf.dir/Core/Src/adc.c.obj
                                 0x4e (size before relaxing)
 .comment       0x0000004d       0x4e CMakeFiles/FOC_v1.2.elf.dir/Core/Src/dma.c.obj
 .comment       0x0000004d       0x4e CMakeFiles/FOC_v1.2.elf.dir/Core/Src/gpio.c.obj
 .comment       0x0000004d       0x4e CMakeFiles/FOC_v1.2.elf.dir/Core/Src/i2c.c.obj
 .comment       0x0000004d       0x4e CMakeFiles/FOC_v1.2.elf.dir/Core/Src/main.c.obj
 .comment       0x0000004d       0x4e CMakeFiles/FOC_v1.2.elf.dir/Core/Src/spi.c.obj
 .comment       0x0000004d       0x4e CMakeFiles/FOC_v1.2.elf.dir/Core/Src/stm32f1xx_hal_msp.c.obj
 .comment       0x0000004d       0x4e CMakeFiles/FOC_v1.2.elf.dir/Core/Src/stm32f1xx_it.c.obj
 .comment       0x0000004d       0x4e CMakeFiles/FOC_v1.2.elf.dir/Core/Src/system_stm32f1xx.c.obj
 .comment       0x0000004d       0x4e CMakeFiles/FOC_v1.2.elf.dir/Core/Src/tim.c.obj
 .comment       0x0000004d       0x4e CMakeFiles/FOC_v1.2.elf.dir/Core/Src/usart.c.obj
 .comment       0x0000004d       0x4e CMakeFiles/FOC_v1.2.elf.dir/Drivers/STM32F1xx_HAL_Driver/Src/stm32f1xx_hal.c.obj
 .comment       0x0000004d       0x4e CMakeFiles/FOC_v1.2.elf.dir/Drivers/STM32F1xx_HAL_Driver/Src/stm32f1xx_hal_adc.c.obj
 .comment       0x0000004d       0x4e CMakeFiles/FOC_v1.2.elf.dir/Drivers/STM32F1xx_HAL_Driver/Src/stm32f1xx_hal_cortex.c.obj
 .comment       0x0000004d       0x4e CMakeFiles/FOC_v1.2.elf.dir/Drivers/STM32F1xx_HAL_Driver/Src/stm32f1xx_hal_dma.c.obj
 .comment       0x0000004d       0x4e CMakeFiles/FOC_v1.2.elf.dir/Drivers/STM32F1xx_HAL_Driver/Src/stm32f1xx_hal_gpio.c.obj
 .comment       0x0000004d       0x4e CMakeFiles/FOC_v1.2.elf.dir/Drivers/STM32F1xx_HAL_Driver/Src/stm32f1xx_hal_i2c.c.obj
 .comment       0x0000004d       0x4e CMakeFiles/FOC_v1.2.elf.dir/Drivers/STM32F1xx_HAL_Driver/Src/stm32f1xx_hal_rcc.c.obj
 .comment       0x0000004d       0x4e CMakeFiles/FOC_v1.2.elf.dir/Drivers/STM32F1xx_HAL_Driver/Src/stm32f1xx_hal_rcc_ex.c.obj
 .comment       0x0000004d       0x4e CMakeFiles/FOC_v1.2.elf.dir/Drivers/STM32F1xx_HAL_Driver/Src/stm32f1xx_hal_spi.c.obj
 .comment       0x0000004d       0x4e CMakeFiles/FOC_v1.2.elf.dir/Drivers/STM32F1xx_HAL_Driver/Src/stm32f1xx_hal_tim.c.obj
 .comment       0x0000004d       0x4e CMakeFiles/FOC_v1.2.elf.dir/Drivers/STM32F1xx_HAL_Driver/Src/stm32f1xx_hal_tim_ex.c.obj
 .comment       0x0000004d       0x4e CMakeFiles/FOC_v1.2.elf.dir/Drivers/STM32F1xx_HAL_Driver/Src/stm32f1xx_hal_uart.c.obj
 .comment       0x0000004d       0x4e CMakeFiles/FOC_v1.2.elf.dir/Hardware/AS5600.c.obj
 .comment       0x0000004d       0x4e CMakeFiles/FOC_v1.2.elf.dir/Hardware/drv8301.c.obj
 .comment       0x0000004d       0x4e CMakeFiles/FOC_v1.2.elf.dir/Hardware/foc_ctrl.c.obj
 .comment       0x0000004d       0x4e CMakeFiles/FOC_v1.2.elf.dir/Hardware/pid.c.obj

.debug_frame    0x00000000     0x3894
 .debug_frame   0x00000000       0x68 CMakeFiles/FOC_v1.2.elf.dir/Core/Src/adc.c.obj
 .debug_frame   0x00000068       0x2c CMakeFiles/FOC_v1.2.elf.dir/Core/Src/dma.c.obj
 .debug_frame   0x00000094       0x34 CMakeFiles/FOC_v1.2.elf.dir/Core/Src/gpio.c.obj
 .debug_frame   0x000000c8       0x60 CMakeFiles/FOC_v1.2.elf.dir/Core/Src/i2c.c.obj
 .debug_frame   0x00000128       0x78 CMakeFiles/FOC_v1.2.elf.dir/Core/Src/main.c.obj
 .debug_frame   0x000001a0       0x60 CMakeFiles/FOC_v1.2.elf.dir/Core/Src/spi.c.obj
 .debug_frame   0x00000200       0x28 CMakeFiles/FOC_v1.2.elf.dir/Core/Src/stm32f1xx_hal_msp.c.obj
 .debug_frame   0x00000228       0xd8 CMakeFiles/FOC_v1.2.elf.dir/Core/Src/stm32f1xx_it.c.obj
 .debug_frame   0x00000300       0x30 CMakeFiles/FOC_v1.2.elf.dir/Core/Src/system_stm32f1xx.c.obj
 .debug_frame   0x00000330       0xa8 CMakeFiles/FOC_v1.2.elf.dir/Core/Src/tim.c.obj
 .debug_frame   0x000003d8       0x60 CMakeFiles/FOC_v1.2.elf.dir/Core/Src/usart.c.obj
 .debug_frame   0x00000438      0x1cc CMakeFiles/FOC_v1.2.elf.dir/Drivers/STM32F1xx_HAL_Driver/Src/stm32f1xx_hal.c.obj
 .debug_frame   0x00000604      0x2c8 CMakeFiles/FOC_v1.2.elf.dir/Drivers/STM32F1xx_HAL_Driver/Src/stm32f1xx_hal_adc.c.obj
 .debug_frame   0x000008cc      0x118 CMakeFiles/FOC_v1.2.elf.dir/Drivers/STM32F1xx_HAL_Driver/Src/stm32f1xx_hal_cortex.c.obj
 .debug_frame   0x000009e4      0x144 CMakeFiles/FOC_v1.2.elf.dir/Drivers/STM32F1xx_HAL_Driver/Src/stm32f1xx_hal_dma.c.obj
 .debug_frame   0x00000b28       0xe4 CMakeFiles/FOC_v1.2.elf.dir/Drivers/STM32F1xx_HAL_Driver/Src/stm32f1xx_hal_gpio.c.obj
 .debug_frame   0x00000c0c      0x984 CMakeFiles/FOC_v1.2.elf.dir/Drivers/STM32F1xx_HAL_Driver/Src/stm32f1xx_hal_i2c.c.obj
 .debug_frame   0x00001590      0x184 CMakeFiles/FOC_v1.2.elf.dir/Drivers/STM32F1xx_HAL_Driver/Src/stm32f1xx_hal_rcc.c.obj
 .debug_frame   0x00001714       0x5c CMakeFiles/FOC_v1.2.elf.dir/Drivers/STM32F1xx_HAL_Driver/Src/stm32f1xx_hal_rcc_ex.c.obj
 .debug_frame   0x00001770      0x5ac CMakeFiles/FOC_v1.2.elf.dir/Drivers/STM32F1xx_HAL_Driver/Src/stm32f1xx_hal_spi.c.obj
 .debug_frame   0x00001d1c      0xb18 CMakeFiles/FOC_v1.2.elf.dir/Drivers/STM32F1xx_HAL_Driver/Src/stm32f1xx_hal_tim.c.obj
 .debug_frame   0x00002834      0x40c CMakeFiles/FOC_v1.2.elf.dir/Drivers/STM32F1xx_HAL_Driver/Src/stm32f1xx_hal_tim_ex.c.obj
 .debug_frame   0x00002c40      0x5d8 CMakeFiles/FOC_v1.2.elf.dir/Drivers/STM32F1xx_HAL_Driver/Src/stm32f1xx_hal_uart.c.obj
 .debug_frame   0x00003218       0x68 CMakeFiles/FOC_v1.2.elf.dir/Hardware/AS5600.c.obj
 .debug_frame   0x00003280       0x30 CMakeFiles/FOC_v1.2.elf.dir/Hardware/drv8301.c.obj
 .debug_frame   0x000032b0      0x158 CMakeFiles/FOC_v1.2.elf.dir/Hardware/foc_ctrl.c.obj
 .debug_frame   0x00003408       0x60 CMakeFiles/FOC_v1.2.elf.dir/Hardware/pid.c.obj
 .debug_frame   0x00003468       0xac c:/progra~2/gnuarm~1/102020~1/bin/../lib/gcc/arm-none-eabi/10.2.1/thumb/v7-m/nofp\libgcc.a(_arm_addsubdf3.o)
 .debug_frame   0x00003514       0x24 c:/progra~2/gnuarm~1/102020~1/bin/../lib/gcc/arm-none-eabi/10.2.1/thumb/v7-m/nofp\libgcc.a(_arm_truncdfsf2.o)
 .debug_frame   0x00003538       0x4c c:/progra~2/gnuarm~1/102020~1/bin/../lib/gcc/arm-none-eabi/10.2.1/thumb/v7-m/nofp\libgcc.a(_arm_addsubsf3.o)
 .debug_frame   0x00003584       0x38 c:/progra~2/gnuarm~1/102020~1/bin/../lib/gcc/arm-none-eabi/10.2.1/thumb/v7-m/nofp\libgcc.a(_arm_muldivsf3.o)
 .debug_frame   0x000035bc       0xc8 c:/progra~2/gnuarm~1/102020~1/bin/../lib/gcc/arm-none-eabi/10.2.1/thumb/v7-m/nofp\libgcc.a(_arm_cmpsf2.o)
 .debug_frame   0x00003684       0x24 c:/progra~2/gnuarm~1/102020~1/bin/../lib/gcc/arm-none-eabi/10.2.1/thumb/v7-m/nofp\libgcc.a(_arm_fixunssfsi.o)
 .debug_frame   0x000036a8       0x2c c:/progra~2/gnuarm~1/102020~1/bin/../lib/gcc/arm-none-eabi/10.2.1/../../../../arm-none-eabi/lib/thumb/v7-m/nofp\libg.a(lib_a-init.o)
 .debug_frame   0x000036d4       0x2c c:/progra~2/gnuarm~1/102020~1/bin/../lib/gcc/arm-none-eabi/10.2.1/../../../../arm-none-eabi/lib/thumb/v7-m/nofp\libg.a(lib_a-memset.o)
 .debug_frame   0x00003700       0x5c c:/progra~2/gnuarm~1/102020~1/bin/../lib/gcc/arm-none-eabi/10.2.1/../../../../arm-none-eabi/lib/thumb/v7-m/nofp\libg.a(lib_a-__call_atexit.o)
 .debug_frame   0x0000375c       0x20 c:/progra~2/gnuarm~1/102020~1/bin/../lib/gcc/arm-none-eabi/10.2.1/../../../../arm-none-eabi/lib/thumb/v7-m/nofp\libg.a(lib_a-atexit.o)
 .debug_frame   0x0000377c       0x34 c:/progra~2/gnuarm~1/102020~1/bin/../lib/gcc/arm-none-eabi/10.2.1/../../../../arm-none-eabi/lib/thumb/v7-m/nofp\libg.a(lib_a-fini.o)
 .debug_frame   0x000037b0       0xb0 c:/progra~2/gnuarm~1/102020~1/bin/../lib/gcc/arm-none-eabi/10.2.1/../../../../arm-none-eabi/lib/thumb/v7-m/nofp\libg.a(lib_a-lock.o)
 .debug_frame   0x00003860       0x34 c:/progra~2/gnuarm~1/102020~1/bin/../lib/gcc/arm-none-eabi/10.2.1/../../../../arm-none-eabi/lib/thumb/v7-m/nofp\libg.a(lib_a-__atexit.o)
