Archive member included to satisfy reference by file (symbol)

c:/progra~2/gnuarm~1/102020~1/bin/../lib/gcc/arm-none-eabi/10.2.1/thumb/v7-m/nofp\libgcc.a(_arm_mulsf3.o)
                              CMakeFiles/FOC_v1.2.elf.dir/Core/Src/main.c.obj (__aeabi_fmul)
c:/progra~2/gnuarm~1/102020~1/bin/../lib/gcc/arm-none-eabi/10.2.1/thumb/v7-m/nofp\libgcc.a(_arm_addsubdf3.o)
                              CMakeFiles/FOC_v1.2.elf.dir/Hardware/foc_ctrl.c.obj (__aeabi_dadd)
c:/progra~2/gnuarm~1/102020~1/bin/../lib/gcc/arm-none-eabi/10.2.1/thumb/v7-m/nofp\libgcc.a(_arm_truncdfsf2.o)
                              CMakeFiles/FOC_v1.2.elf.dir/Hardware/foc_ctrl.c.obj (__aeabi_d2f)
c:/progra~2/gnuarm~1/102020~1/bin/../lib/gcc/arm-none-eabi/10.2.1/thumb/v7-m/nofp\libgcc.a(_arm_addsubsf3.o)
                              CMakeFiles/FOC_v1.2.elf.dir/Hardware/foc_ctrl.c.obj (__aeabi_fsub)
c:/progra~2/gnuarm~1/102020~1/bin/../lib/gcc/arm-none-eabi/10.2.1/thumb/v7-m/nofp\libgcc.a(_arm_muldivsf3.o)
                              CMakeFiles/FOC_v1.2.elf.dir/Core/Src/main.c.obj (__aeabi_fdiv)
c:/progra~2/gnuarm~1/102020~1/bin/../lib/gcc/arm-none-eabi/10.2.1/thumb/v7-m/nofp\libgcc.a(_arm_cmpsf2.o)
                              CMakeFiles/FOC_v1.2.elf.dir/Hardware/foc_ctrl.c.obj (__aeabi_fcmplt)
c:/progra~2/gnuarm~1/102020~1/bin/../lib/gcc/arm-none-eabi/10.2.1/thumb/v7-m/nofp\libgcc.a(_arm_fixunssfsi.o)
                              CMakeFiles/FOC_v1.2.elf.dir/Hardware/foc_ctrl.c.obj (__aeabi_f2uiz)
c:/progra~2/gnuarm~1/102020~1/bin/../lib/gcc/arm-none-eabi/10.2.1/../../../../arm-none-eabi/lib/thumb/v7-m/nofp\libg.a(lib_a-errno.o)
                              CMakeFiles/FOC_v1.2.elf.dir/Core/Src/syscalls.c.obj (__errno)
c:/progra~2/gnuarm~1/102020~1/bin/../lib/gcc/arm-none-eabi/10.2.1/../../../../arm-none-eabi/lib/thumb/v7-m/nofp\libg.a(lib_a-exit.o)
                              c:/progra~2/gnuarm~1/102020~1/bin/../lib/gcc/arm-none-eabi/10.2.1/../../../../arm-none-eabi/lib/thumb/v7-m/nofp/crt0.o (exit)
c:/progra~2/gnuarm~1/102020~1/bin/../lib/gcc/arm-none-eabi/10.2.1/../../../../arm-none-eabi/lib/thumb/v7-m/nofp\libg.a(lib_a-impure.o)
                              c:/progra~2/gnuarm~1/102020~1/bin/../lib/gcc/arm-none-eabi/10.2.1/../../../../arm-none-eabi/lib/thumb/v7-m/nofp\libg.a(lib_a-exit.o) (_global_impure_ptr)
c:/progra~2/gnuarm~1/102020~1/bin/../lib/gcc/arm-none-eabi/10.2.1/../../../../arm-none-eabi/lib/thumb/v7-m/nofp\libg.a(lib_a-init.o)
                              c:/progra~2/gnuarm~1/102020~1/bin/../lib/gcc/arm-none-eabi/10.2.1/../../../../arm-none-eabi/lib/thumb/v7-m/nofp/crt0.o (__libc_init_array)
c:/progra~2/gnuarm~1/102020~1/bin/../lib/gcc/arm-none-eabi/10.2.1/../../../../arm-none-eabi/lib/thumb/v7-m/nofp\libg.a(lib_a-memset.o)
                              c:/progra~2/gnuarm~1/102020~1/bin/../lib/gcc/arm-none-eabi/10.2.1/../../../../arm-none-eabi/lib/thumb/v7-m/nofp/crt0.o (memset)
c:/progra~2/gnuarm~1/102020~1/bin/../lib/gcc/arm-none-eabi/10.2.1/../../../../arm-none-eabi/lib/thumb/v7-m/nofp\libg.a(lib_a-__call_atexit.o)
                              c:/progra~2/gnuarm~1/102020~1/bin/../lib/gcc/arm-none-eabi/10.2.1/../../../../arm-none-eabi/lib/thumb/v7-m/nofp\libg.a(lib_a-exit.o) (__call_exitprocs)
c:/progra~2/gnuarm~1/102020~1/bin/../lib/gcc/arm-none-eabi/10.2.1/../../../../arm-none-eabi/lib/thumb/v7-m/nofp\libg.a(lib_a-atexit.o)
                              c:/progra~2/gnuarm~1/102020~1/bin/../lib/gcc/arm-none-eabi/10.2.1/../../../../arm-none-eabi/lib/thumb/v7-m/nofp\libg.a(lib_a-__call_atexit.o) (atexit)
c:/progra~2/gnuarm~1/102020~1/bin/../lib/gcc/arm-none-eabi/10.2.1/../../../../arm-none-eabi/lib/thumb/v7-m/nofp\libg.a(lib_a-fini.o)
                              c:/progra~2/gnuarm~1/102020~1/bin/../lib/gcc/arm-none-eabi/10.2.1/../../../../arm-none-eabi/lib/thumb/v7-m/nofp\libg.a(lib_a-__call_atexit.o) (__libc_fini_array)
c:/progra~2/gnuarm~1/102020~1/bin/../lib/gcc/arm-none-eabi/10.2.1/../../../../arm-none-eabi/lib/thumb/v7-m/nofp\libg.a(lib_a-lock.o)
                              c:/progra~2/gnuarm~1/102020~1/bin/../lib/gcc/arm-none-eabi/10.2.1/../../../../arm-none-eabi/lib/thumb/v7-m/nofp\libg.a(lib_a-__call_atexit.o) (__retarget_lock_acquire_recursive)
c:/progra~2/gnuarm~1/102020~1/bin/../lib/gcc/arm-none-eabi/10.2.1/../../../../arm-none-eabi/lib/thumb/v7-m/nofp\libg.a(lib_a-__atexit.o)
                              c:/progra~2/gnuarm~1/102020~1/bin/../lib/gcc/arm-none-eabi/10.2.1/../../../../arm-none-eabi/lib/thumb/v7-m/nofp\libg.a(lib_a-atexit.o) (__register_exitproc)
c:/progra~2/gnuarm~1/102020~1/bin/../lib/gcc/arm-none-eabi/10.2.1/../../../../arm-none-eabi/lib/thumb/v7-m/nofp\libm.a(lib_a-s_cos.o)
                              CMakeFiles/FOC_v1.2.elf.dir/Hardware/foc_ctrl.c.obj (cos)
c:/progra~2/gnuarm~1/102020~1/bin/../lib/gcc/arm-none-eabi/10.2.1/../../../../arm-none-eabi/lib/thumb/v7-m/nofp\libm.a(lib_a-s_sin.o)
                              CMakeFiles/FOC_v1.2.elf.dir/Hardware/foc_ctrl.c.obj (sin)
[...]
Memory Configuration

Name             Origin             Length             Attributes
RAM              0x20000000         0x00005000         xrw
FLASH            0x08000000         0x00010000         xr
*default*        0x00000000         0xffffffff

Linker script and memory map

LOAD c:/progra~2/gnuarm~1/102020~1/bin/../lib/gcc/arm-none-eabi/10.2.1/thumb/v7-m/nofp/crti.o
LOAD c:/progra~2/gnuarm~1/102020~1/bin/../lib/gcc/arm-none-eabi/10.2.1/thumb/v7-m/nofp/crtbegin.o
LOAD c:/progra~2/gnuarm~1/102020~1/bin/../lib/gcc/arm-none-eabi/10.2.1/../../../../arm-none-eabi/lib/thumb/v7-m/nofp/crt0.o
LOAD CMakeFiles/FOC_v1.2.elf.dir/Core/Src/adc.c.obj
LOAD CMakeFiles/FOC_v1.2.elf.dir/Core/Src/dma.c.obj
LOAD CMakeFiles/FOC_v1.2.elf.dir/Core/Src/gpio.c.obj
LOAD CMakeFiles/FOC_v1.2.elf.dir/Core/Src/i2c.c.obj
LOAD CMakeFiles/FOC_v1.2.elf.dir/Core/Src/main.c.obj
LOAD CMakeFiles/FOC_v1.2.elf.dir/Core/Src/stm32f1xx_hal_msp.c.obj
LOAD CMakeFiles/FOC_v1.2.elf.dir/Core/Src/stm32f1xx_it.c.obj
LOAD CMakeFiles/FOC_v1.2.elf.dir/Core/Src/syscalls.c.obj
LOAD CMakeFiles/FOC_v1.2.elf.dir/Core/Src/sysmem.c.obj
LOAD CMakeFiles/FOC_v1.2.elf.dir/Core/Src/system_stm32f1xx.c.obj
LOAD CMakeFiles/FOC_v1.2.elf.dir/Core/Src/tim.c.obj
LOAD CMakeFiles/FOC_v1.2.elf.dir/Core/Src/usart.c.obj
LOAD CMakeFiles/FOC_v1.2.elf.dir/Core/Startup/startup_stm32f103c8tx.s.obj
LOAD CMakeFiles/FOC_v1.2.elf.dir/Drivers/STM32F1xx_HAL_Driver/Src/stm32f1xx_hal.c.obj
LOAD CMakeFiles/FOC_v1.2.elf.dir/Drivers/STM32F1xx_HAL_Driver/Src/stm32f1xx_hal_adc.c.obj
LOAD CMakeFiles/FOC_v1.2.elf.dir/Drivers/STM32F1xx_HAL_Driver/Src/stm32f1xx_hal_adc_ex.c.obj
LOAD CMakeFiles/FOC_v1.2.elf.dir/Drivers/STM32F1xx_HAL_Driver/Src/stm32f1xx_hal_cortex.c.obj
LOAD CMakeFiles/FOC_v1.2.elf.dir/Drivers/STM32F1xx_HAL_Driver/Src/stm32f1xx_hal_dma.c.obj
LOAD CMakeFiles/FOC_v1.2.elf.dir/Drivers/STM32F1xx_HAL_Driver/Src/stm32f1xx_hal_exti.c.obj
LOAD CMakeFiles/FOC_v1.2.elf.dir/Drivers/STM32F1xx_HAL_Driver/Src/stm32f1xx_hal_flash.c.obj
LOAD CMakeFiles/FOC_v1.2.elf.dir/Drivers/STM32F1xx_HAL_Driver/Src/stm32f1xx_hal_flash_ex.c.obj
LOAD CMakeFiles/FOC_v1.2.elf.dir/Drivers/STM32F1xx_HAL_Driver/Src/stm32f1xx_hal_gpio.c.obj
LOAD CMakeFiles/FOC_v1.2.elf.dir/Drivers/STM32F1xx_HAL_Driver/Src/stm32f1xx_hal_gpio_ex.c.obj
LOAD CMakeFiles/FOC_v1.2.elf.dir/Drivers/STM32F1xx_HAL_Driver/Src/stm32f1xx_hal_i2c.c.obj
LOAD CMakeFiles/FOC_v1.2.elf.dir/Drivers/STM32F1xx_HAL_Driver/Src/stm32f1xx_hal_pwr.c.obj
LOAD CMakeFiles/FOC_v1.2.elf.dir/Drivers/STM32F1xx_HAL_Driver/Src/stm32f1xx_hal_rcc.c.obj
LOAD CMakeFiles/FOC_v1.2.elf.dir/Drivers/STM32F1xx_HAL_Driver/Src/stm32f1xx_hal_rcc_ex.c.obj
LOAD CMakeFiles/FOC_v1.2.elf.dir/Drivers/STM32F1xx_HAL_Driver/Src/stm32f1xx_hal_tim.c.obj
LOAD CMakeFiles/FOC_v1.2.elf.dir/Drivers/STM32F1xx_HAL_Driver/Src/stm32f1xx_hal_tim_ex.c.obj
LOAD CMakeFiles/FOC_v1.2.elf.dir/Drivers/STM32F1xx_HAL_Driver/Src/stm32f1xx_hal_uart.c.obj
LOAD CMakeFiles/FOC_v1.2.elf.dir/Hardware/AS5600.c.obj
LOAD CMakeFiles/FOC_v1.2.elf.dir/Hardware/foc_ctrl.c.obj
LOAD CMakeFiles/FOC_v1.2.elf.dir/Hardware/pid.c.obj
START GROUP
LOAD c:/progra~2/gnuarm~1/102020~1/bin/../lib/gcc/arm-none-eabi/10.2.1/thumb/v7-m/nofp\libgcc.a
LOAD c:/progra~2/gnuarm~1/102020~1/bin/../lib/gcc/arm-none-eabi/10.2.1/../../../../arm-none-eabi/lib/thumb/v7-m/nofp\libg.a
LOAD c:/progra~2/gnuarm~1/102020~1/bin/../lib/gcc/arm-none-eabi/10.2.1/../../../../arm-none-eabi/lib/thumb/v7-m/nofp\libc.a
END GROUP
LOAD c:/progra~2/gnuarm~1/102020~1/bin/../lib/gcc/arm-none-eabi/10.2.1/thumb/v7-m/nofp/crtend.o
LOAD c:/progra~2/gnuarm~1/102020~1/bin/../lib/gcc/arm-none-eabi/10.2.1/thumb/v7-m/nofp/crtn.o
                0x20005000                _estack = (ORIGIN (RAM) + LENGTH (RAM))
                0x00000200                _Min_Heap_Size = 0x200
                0x00000400                _Min_Stack_Size = 0x400

.isr_vector     0x08000000      0x10c
                0x08000000                . = ALIGN (0x4)
 *(.isr_vector)
 .isr_vector    0x08000000      0x10c CMakeFiles/FOC_v1.2.elf.dir/Core/Startup/startup_stm32f103c8tx.s.obj
                0x08000000                g_pfnVectors
                0x0800010c                . = ALIGN (0x4)

.text           0x08000110     0x5404
                0x08000110                . = ALIGN (0x4)
 *(.text)
 .text          0x08000110       0x40 c:/progra~2/gnuarm~1/102020~1/bin/../lib/gcc/arm-none-eabi/10.2.1/thumb/v7-m/nofp/crtbegin.o
 .text          0x08000150      0x378 c:/progra~2/gnuarm~1/102020~1/bin/../lib/gcc/arm-none-eabi/10.2.1/thumb/v7-m/nofp\libgcc.a(_arm_addsubdf3.o)
                0x08000150                __aeabi_drsub
                0x08000158                __aeabi_dsub
                0x08000158                __subdf3
                0x0800015c                __aeabi_dadd
                0x0800015c                __adddf3
                0x080003d4                __floatunsidf
                0x080003d4                __aeabi_ui2d
                0x080003f4                __floatsidf
                0x080003f4                __aeabi_i2d
                0x08000418                __aeabi_f2d
                0x08000418                __extendsfdf2
                0x0800045c                __floatundidf
                0x0800045c                __aeabi_ul2d
                0x0800046c                __floatdidf
                0x0800046c                __aeabi_l2d
 .text          0x080004c8       0xa0 c:/progra~2/gnuarm~1/102020~1/bin/../lib/gcc/arm-none-eabi/10.2.1/thumb/v7-m/nofp\libgcc.a(_arm_truncdfsf2.o)
                0x080004c8                __truncdfsf2
                0x080004c8                __aeabi_d2f
 .text          0x08000568      0x21c c:/progra~2/gnuarm~1/102020~1/bin/../lib/gcc/arm-none-eabi/10.2.1/thumb/v7-m/nofp\libgcc.a(_arm_addsubsf3.o)
                0x08000568                __aeabi_frsub
                0x08000570                __subsf3
                0x08000570                __aeabi_fsub
                0x08000574                __aeabi_fadd
                0x08000574                __addsf3
                0x080006d4                __aeabi_ui2f
                0x080006d4                __floatunsisf
                0x080006dc                __aeabi_i2f
                0x080006dc                __floatsisf
                0x080006f8                __aeabi_ul2f
                0x080006f8                __floatundisf
                0x08000708                __aeabi_l2f
                0x08000708                __floatdisf
 .text          0x08000784      0x2a0 c:/progra~2/gnuarm~1/102020~1/bin/../lib/gcc/arm-none-eabi/10.2.1/thumb/v7-m/nofp\libgcc.a(_arm_muldivsf3.o)
                0x08000784                __mulsf3
                0x08000784                __aeabi_fmul
                0x080008ec                __aeabi_fdiv
                0x080008ec                __divsf3
 .text          0x08000a24       0xec c:/progra~2/gnuarm~1/102020~1/bin/../lib/gcc/arm-none-eabi/10.2.1/thumb/v7-m/nofp\libgcc.a(_arm_cmpsf2.o)
                0x08000a24                __gesf2
                0x08000a24                __gtsf2
                0x08000a2c                __lesf2
                0x08000a2c                __ltsf2
                0x08000a34                __nesf2
                0x08000a34                __eqsf2
                0x08000a34                __cmpsf2
                0x08000a94                __aeabi_cfrcmple
                0x08000a9c                __aeabi_cfcmpeq
                0x08000a9c                __aeabi_cfcmple
                0x08000aac                __aeabi_fcmpeq
                0x08000ac0                __aeabi_fcmplt
                0x08000ad4                __aeabi_fcmple
                0x08000ae8                __aeabi_fcmpge
                0x08000afc                __aeabi_fcmpgt
 .text          0x08000b10       0x40 c:/progra~2/gnuarm~1/102020~1/bin/../lib/gcc/arm-none-eabi/10.2.1/thumb/v7-m/nofp\libgcc.a(_arm_fixunssfsi.o)
                0x08000b10                __fixunssfsi
                0x08000b10                __aeabi_f2uiz
 .text          0x08000b50      0x254 c:/progra~2/gnuarm~1/102020~1/bin/../lib/gcc/arm-none-eabi/10.2.1/thumb/v7-m/nofp\libgcc.a(_arm_muldf3.o)
                0x08000b50                __muldf3
                0x08000b50                __aeabi_dmul
 .text          0x08000da4      0x110 c:/progra~2/gnuarm~1/102020~1/bin/../lib/gcc/arm-none-eabi/10.2.1/thumb/v7-m/nofp\libgcc.a(_arm_cmpdf2.o)
                0x08000da4                __gtdf2
                0x08000da4                __gedf2
                0x08000dac                __ltdf2
                0x08000dac                __ledf2
                0x08000db4                __nedf2
                0x08000db4                __eqdf2
                0x08000db4                __cmpdf2
                0x08000e30                __aeabi_cdrcmple
                0x08000e40                __aeabi_cdcmpeq
                0x08000e40                __aeabi_cdcmple
                0x08000e50                __aeabi_dcmpeq
                0x08000e64                __aeabi_dcmplt
                0x08000e78                __aeabi_dcmple
                0x08000e8c                __aeabi_dcmpge
                0x08000ea0                __aeabi_dcmpgt
 .text          0x08000eb4       0x50 c:/progra~2/gnuarm~1/102020~1/bin/../lib/gcc/arm-none-eabi/10.2.1/thumb/v7-m/nofp\libgcc.a(_arm_fixdfsi.o)
                0x08000eb4                __aeabi_d2iz
                0x08000eb4                __fixdfsi
 *(.text*)
 .text.MX_ADC1_Init
                0x08000f04       0x74 CMakeFiles/FOC_v1.2.elf.dir/Core/Src/adc.c.obj
                0x08000f04                MX_ADC1_Init
 .text.HAL_ADC_MspInit
                0x08000f78       0x98 CMakeFiles/FOC_v1.2.elf.dir/Core/Src/adc.c.obj
                0x08000f78                HAL_ADC_MspInit
 .text.MX_DMA_Init
                0x08001010       0x34 CMakeFiles/FOC_v1.2.elf.dir/Core/Src/dma.c.obj
                0x08001010                MX_DMA_Init
 .text.MX_GPIO_Init
                0x08001044       0x74 CMakeFiles/FOC_v1.2.elf.dir/Core/Src/gpio.c.obj
                0x08001044                MX_GPIO_Init
 .text.MX_I2C1_Init
                0x080010b8       0x3c CMakeFiles/FOC_v1.2.elf.dir/Core/Src/i2c.c.obj
                0x080010b8                MX_I2C1_Init
 .text.HAL_I2C_MspInit
                0x080010f4       0x64 CMakeFiles/FOC_v1.2.elf.dir/Core/Src/i2c.c.obj
                0x080010f4                HAL_I2C_MspInit
 .text.Error_Handler
                0x08001158        0x4 CMakeFiles/FOC_v1.2.elf.dir/Core/Src/main.c.obj
                0x08001158                Error_Handler
 .text.SystemClock_Config
                0x0800115c       0x84 CMakeFiles/FOC_v1.2.elf.dir/Core/Src/main.c.obj
                0x0800115c                SystemClock_Config
 .text.main     0x080011e0       0xdc CMakeFiles/FOC_v1.2.elf.dir/Core/Src/main.c.obj
                0x080011e0                main
 .text.HAL_MspInit
                0x080012bc       0x44 CMakeFiles/FOC_v1.2.elf.dir/Core/Src/stm32f1xx_hal_msp.c.obj
                0x080012bc                HAL_MspInit
 .text.NMI_Handler
                0x08001300        0x2 CMakeFiles/FOC_v1.2.elf.dir/Core/Src/stm32f1xx_it.c.obj
                0x08001300                NMI_Handler
 .text.HardFault_Handler
                0x08001302        0x2 CMakeFiles/FOC_v1.2.elf.dir/Core/Src/stm32f1xx_it.c.obj
                0x08001302                HardFault_Handler
 .text.MemManage_Handler
                0x08001304        0x2 CMakeFiles/FOC_v1.2.elf.dir/Core/Src/stm32f1xx_it.c.obj
                0x08001304                MemManage_Handler
 .text.BusFault_Handler
                0x08001306        0x2 CMakeFiles/FOC_v1.2.elf.dir/Core/Src/stm32f1xx_it.c.obj
                0x08001306                BusFault_Handler
 .text.UsageFault_Handler
                0x08001308        0x2 CMakeFiles/FOC_v1.2.elf.dir/Core/Src/stm32f1xx_it.c.obj
                0x08001308                UsageFault_Handler
 .text.SVC_Handler
                0x0800130a        0x2 CMakeFiles/FOC_v1.2.elf.dir/Core/Src/stm32f1xx_it.c.obj
                0x0800130a                SVC_Handler
 .text.DebugMon_Handler
                0x0800130c        0x2 CMakeFiles/FOC_v1.2.elf.dir/Core/Src/stm32f1xx_it.c.obj
                0x0800130c                DebugMon_Handler
 .text.PendSV_Handler
                0x0800130e        0x2 CMakeFiles/FOC_v1.2.elf.dir/Core/Src/stm32f1xx_it.c.obj
                0x0800130e                PendSV_Handler
 .text.SysTick_Handler
                0x08001310        0x8 CMakeFiles/FOC_v1.2.elf.dir/Core/Src/stm32f1xx_it.c.obj
                0x08001310                SysTick_Handler
 .text.DMA1_Channel1_IRQHandler
                0x08001318       0x10 CMakeFiles/FOC_v1.2.elf.dir/Core/Src/stm32f1xx_it.c.obj
                0x08001318                DMA1_Channel1_IRQHandler
 .text.TIM3_IRQHandler
                0x08001328       0x10 CMakeFiles/FOC_v1.2.elf.dir/Core/Src/stm32f1xx_it.c.obj
                0x08001328                TIM3_IRQHandler
 .text.SystemInit
                0x08001338        0x2 CMakeFiles/FOC_v1.2.elf.dir/Core/Src/system_stm32f1xx.c.obj
                0x08001338                SystemInit
 *fill*         0x0800133a        0x2 
 .text.MX_TIM3_Init
                0x0800133c       0x70 CMakeFiles/FOC_v1.2.elf.dir/Core/Src/tim.c.obj
                0x0800133c                MX_TIM3_Init
 .text.HAL_TIM_Base_MspInit
                0x080013ac       0x60 CMakeFiles/FOC_v1.2.elf.dir/Core/Src/tim.c.obj
                0x080013ac                HAL_TIM_Base_MspInit
 .text.HAL_TIM_MspPostInit
                0x0800140c       0x84 CMakeFiles/FOC_v1.2.elf.dir/Core/Src/tim.c.obj
                0x0800140c                HAL_TIM_MspPostInit
 .text.MX_TIM2_Init
                0x08001490       0xe8 CMakeFiles/FOC_v1.2.elf.dir/Core/Src/tim.c.obj
                0x08001490                MX_TIM2_Init
 .text.MX_USART1_UART_Init
                0x08001578       0x34 CMakeFiles/FOC_v1.2.elf.dir/Core/Src/usart.c.obj
                0x08001578                MX_USART1_UART_Init
 .text.HAL_UART_MspInit
                0x080015ac       0x78 CMakeFiles/FOC_v1.2.elf.dir/Core/Src/usart.c.obj
                0x080015ac                HAL_UART_MspInit
 .text.Reset_Handler
                0x08001624       0x48 CMakeFiles/FOC_v1.2.elf.dir/Core/Startup/startup_stm32f103c8tx.s.obj
                0x08001624                Reset_Handler
 .text.Default_Handler
                0x0800166c        0x2 CMakeFiles/FOC_v1.2.elf.dir/Core/Startup/startup_stm32f103c8tx.s.obj
                0x0800166c                RTC_Alarm_IRQHandler
                0x0800166c                EXTI2_IRQHandler
                0x0800166c                TIM1_CC_IRQHandler
                0x0800166c                PVD_IRQHandler
                0x0800166c                EXTI3_IRQHandler
                0x0800166c                EXTI0_IRQHandler
                0x0800166c                I2C2_EV_IRQHandler
                0x0800166c                ADC1_2_IRQHandler
                0x0800166c                SPI1_IRQHandler
                0x0800166c                TAMPER_IRQHandler
                0x0800166c                DMA1_Channel4_IRQHandler
                0x0800166c                USART3_IRQHandler
                0x0800166c                RTC_IRQHandler
                0x0800166c                DMA1_Channel7_IRQHandler
                0x0800166c                CAN1_RX1_IRQHandler
                0x0800166c                TIM4_IRQHandler
                0x0800166c                I2C1_EV_IRQHandler
                0x0800166c                DMA1_Channel6_IRQHandler
                0x0800166c                RCC_IRQHandler
                0x0800166c                TIM1_TRG_COM_IRQHandler
                0x0800166c                Default_Handler
                0x0800166c                EXTI15_10_IRQHandler
                0x0800166c                EXTI9_5_IRQHandler
                0x0800166c                SPI2_IRQHandler
                0x0800166c                DMA1_Channel5_IRQHandler
                0x0800166c                EXTI4_IRQHandler
                0x0800166c                USB_LP_CAN1_RX0_IRQHandler
                0x0800166c                USB_HP_CAN1_TX_IRQHandler
                0x0800166c                DMA1_Channel3_IRQHandler
                0x0800166c                TIM1_UP_IRQHandler
                0x0800166c                WWDG_IRQHandler
                0x0800166c                TIM2_IRQHandler
                0x0800166c                TIM1_BRK_IRQHandler
                0x0800166c                EXTI1_IRQHandler
                0x0800166c                USART2_IRQHandler
                0x0800166c                I2C2_ER_IRQHandler
                0x0800166c                DMA1_Channel2_IRQHandler
                0x0800166c                CAN1_SCE_IRQHandler
                0x0800166c                FLASH_IRQHandler
                0x0800166c                USART1_IRQHandler
                0x0800166c                I2C1_ER_IRQHandler
                0x0800166c                USBWakeUp_IRQHandler
 *fill*         0x0800166e        0x2 
 .text.HAL_InitTick
                0x08001670       0x4c CMakeFiles/FOC_v1.2.elf.dir/Drivers/STM32F1xx_HAL_Driver/Src/stm32f1xx_hal.c.obj
                0x08001670                HAL_InitTick
 .text.HAL_Init
                0x080016bc       0x24 CMakeFiles/FOC_v1.2.elf.dir/Drivers/STM32F1xx_HAL_Driver/Src/stm32f1xx_hal.c.obj
                0x080016bc                HAL_Init
 .text.HAL_IncTick
                0x080016e0       0x18 CMakeFiles/FOC_v1.2.elf.dir/Drivers/STM32F1xx_HAL_Driver/Src/stm32f1xx_hal.c.obj
                0x080016e0                HAL_IncTick
 .text.HAL_GetTick
                0x080016f8        0xc CMakeFiles/FOC_v1.2.elf.dir/Drivers/STM32F1xx_HAL_Driver/Src/stm32f1xx_hal.c.obj
                0x080016f8                HAL_GetTick
 .text.HAL_Delay
                0x08001704       0x28 CMakeFiles/FOC_v1.2.elf.dir/Drivers/STM32F1xx_HAL_Driver/Src/stm32f1xx_hal.c.obj
                0x08001704                HAL_Delay
 .text.HAL_ADC_ConfigChannel
                0x0800172c      0x144 CMakeFiles/FOC_v1.2.elf.dir/Drivers/STM32F1xx_HAL_Driver/Src/stm32f1xx_hal_adc.c.obj
                0x0800172c                HAL_ADC_ConfigChannel
 .text.ADC_ConversionStop_Disable
                0x08001870       0x56 CMakeFiles/FOC_v1.2.elf.dir/Drivers/STM32F1xx_HAL_Driver/Src/stm32f1xx_hal_adc.c.obj
                0x08001870                ADC_ConversionStop_Disable
 *fill*         0x080018c6        0x2 
 .text.HAL_ADC_Init
                0x080018c8      0x108 CMakeFiles/FOC_v1.2.elf.dir/Drivers/STM32F1xx_HAL_Driver/Src/stm32f1xx_hal_adc.c.obj
                0x080018c8                HAL_ADC_Init
 .text.HAL_NVIC_SetPriorityGrouping
                0x080019d0       0x24 CMakeFiles/FOC_v1.2.elf.dir/Drivers/STM32F1xx_HAL_Driver/Src/stm32f1xx_hal_cortex.c.obj
                0x080019d0                HAL_NVIC_SetPriorityGrouping
 .text.HAL_NVIC_SetPriority
                0x080019f4       0x70 CMakeFiles/FOC_v1.2.elf.dir/Drivers/STM32F1xx_HAL_Driver/Src/stm32f1xx_hal_cortex.c.obj
                0x080019f4                HAL_NVIC_SetPriority
 .text.HAL_NVIC_EnableIRQ
                0x08001a64       0x1c CMakeFiles/FOC_v1.2.elf.dir/Drivers/STM32F1xx_HAL_Driver/Src/stm32f1xx_hal_cortex.c.obj
                0x08001a64                HAL_NVIC_EnableIRQ
 .text.HAL_SYSTICK_Config
                0x08001a80       0x28 CMakeFiles/FOC_v1.2.elf.dir/Drivers/STM32F1xx_HAL_Driver/Src/stm32f1xx_hal_cortex.c.obj
                0x08001a80                HAL_SYSTICK_Config
 .text.HAL_DMA_Init
                0x08001aa8       0x6c CMakeFiles/FOC_v1.2.elf.dir/Drivers/STM32F1xx_HAL_Driver/Src/stm32f1xx_hal_dma.c.obj
                0x08001aa8                HAL_DMA_Init
 .text.HAL_DMA_IRQHandler
                0x08001b14      0x144 CMakeFiles/FOC_v1.2.elf.dir/Drivers/STM32F1xx_HAL_Driver/Src/stm32f1xx_hal_dma.c.obj
                0x08001b14                HAL_DMA_IRQHandler
 .text.HAL_GPIO_Init
                0x08001c58      0x224 CMakeFiles/FOC_v1.2.elf.dir/Drivers/STM32F1xx_HAL_Driver/Src/stm32f1xx_hal_gpio.c.obj
                0x08001c58                HAL_GPIO_Init
 .text.HAL_GPIO_WritePin
                0x08001e7c        0xc CMakeFiles/FOC_v1.2.elf.dir/Drivers/STM32F1xx_HAL_Driver/Src/stm32f1xx_hal_gpio.c.obj
                0x08001e7c                HAL_GPIO_WritePin
 .text.I2C_IsAcknowledgeFailed
                0x08001e88       0x32 CMakeFiles/FOC_v1.2.elf.dir/Drivers/STM32F1xx_HAL_Driver/Src/stm32f1xx_hal_i2c.c.obj
 .text.I2C_WaitOnFlagUntilTimeout
                0x08001eba       0xaa CMakeFiles/FOC_v1.2.elf.dir/Drivers/STM32F1xx_HAL_Driver/Src/stm32f1xx_hal_i2c.c.obj
 .text.I2C_WaitOnMasterAddressFlagUntilTimeout
                0x08001f64       0xd6 CMakeFiles/FOC_v1.2.elf.dir/Drivers/STM32F1xx_HAL_Driver/Src/stm32f1xx_hal_i2c.c.obj
 *fill*         0x0800203a        0x2 
 .text.I2C_MasterRequestWrite
                0x0800203c       0xb4 CMakeFiles/FOC_v1.2.elf.dir/Drivers/STM32F1xx_HAL_Driver/Src/stm32f1xx_hal_i2c.c.obj
 .text.I2C_MasterRequestRead
                0x080020f0      0x120 CMakeFiles/FOC_v1.2.elf.dir/Drivers/STM32F1xx_HAL_Driver/Src/stm32f1xx_hal_i2c.c.obj
 .text.I2C_WaitOnTXEFlagUntilTimeout
                0x08002210       0x5e CMakeFiles/FOC_v1.2.elf.dir/Drivers/STM32F1xx_HAL_Driver/Src/stm32f1xx_hal_i2c.c.obj
 .text.I2C_WaitOnBTFFlagUntilTimeout
                0x0800226e       0x5e CMakeFiles/FOC_v1.2.elf.dir/Drivers/STM32F1xx_HAL_Driver/Src/stm32f1xx_hal_i2c.c.obj
 .text.I2C_WaitOnRXNEFlagUntilTimeout
                0x080022cc       0x78 CMakeFiles/FOC_v1.2.elf.dir/Drivers/STM32F1xx_HAL_Driver/Src/stm32f1xx_hal_i2c.c.obj
 .text.HAL_I2C_Init
                0x08002344      0x1bc CMakeFiles/FOC_v1.2.elf.dir/Drivers/STM32F1xx_HAL_Driver/Src/stm32f1xx_hal_i2c.c.obj
                0x08002344                HAL_I2C_Init
 .text.HAL_I2C_Master_Transmit
                0x08002500      0x178 CMakeFiles/FOC_v1.2.elf.dir/Drivers/STM32F1xx_HAL_Driver/Src/stm32f1xx_hal_i2c.c.obj
                0x08002500                HAL_I2C_Master_Transmit
 .text.HAL_I2C_Master_Receive
                0x08002678      0x358 CMakeFiles/FOC_v1.2.elf.dir/Drivers/STM32F1xx_HAL_Driver/Src/stm32f1xx_hal_i2c.c.obj
                0x08002678                HAL_I2C_Master_Receive
 .text.RCC_Delay
                0x080029d0       0x2c CMakeFiles/FOC_v1.2.elf.dir/Drivers/STM32F1xx_HAL_Driver/Src/stm32f1xx_hal_rcc.c.obj
 .text.HAL_RCC_OscConfig
                0x080029fc      0x410 CMakeFiles/FOC_v1.2.elf.dir/Drivers/STM32F1xx_HAL_Driver/Src/stm32f1xx_hal_rcc.c.obj
                0x080029fc                HAL_RCC_OscConfig
 .text.HAL_RCC_GetSysClockFreq
                0x08002e0c       0x54 CMakeFiles/FOC_v1.2.elf.dir/Drivers/STM32F1xx_HAL_Driver/Src/stm32f1xx_hal_rcc.c.obj
                0x08002e0c                HAL_RCC_GetSysClockFreq
 .text.HAL_RCC_ClockConfig
                0x08002e60      0x16c CMakeFiles/FOC_v1.2.elf.dir/Drivers/STM32F1xx_HAL_Driver/Src/stm32f1xx_hal_rcc.c.obj
                0x08002e60                HAL_RCC_ClockConfig
 .text.HAL_RCC_GetHCLKFreq
                0x08002fcc        0xc CMakeFiles/FOC_v1.2.elf.dir/Drivers/STM32F1xx_HAL_Driver/Src/stm32f1xx_hal_rcc.c.obj
                0x08002fcc                HAL_RCC_GetHCLKFreq
 .text.HAL_RCC_GetPCLK1Freq
                0x08002fd8       0x20 CMakeFiles/FOC_v1.2.elf.dir/Drivers/STM32F1xx_HAL_Driver/Src/stm32f1xx_hal_rcc.c.obj
                0x08002fd8                HAL_RCC_GetPCLK1Freq
 .text.HAL_RCC_GetPCLK2Freq
                0x08002ff8       0x20 CMakeFiles/FOC_v1.2.elf.dir/Drivers/STM32F1xx_HAL_Driver/Src/stm32f1xx_hal_rcc.c.obj
                0x08002ff8                HAL_RCC_GetPCLK2Freq
 .text.HAL_RCCEx_PeriphCLKConfig
                0x08003018      0x118 CMakeFiles/FOC_v1.2.elf.dir/Drivers/STM32F1xx_HAL_Driver/Src/stm32f1xx_hal_rcc_ex.c.obj
                0x08003018                HAL_RCCEx_PeriphCLKConfig
 .text.TIM_OC1_SetConfig
                0x08003130       0x5c CMakeFiles/FOC_v1.2.elf.dir/Drivers/STM32F1xx_HAL_Driver/Src/stm32f1xx_hal_tim.c.obj
 .text.TIM_OC3_SetConfig
                0x0800318c       0x64 CMakeFiles/FOC_v1.2.elf.dir/Drivers/STM32F1xx_HAL_Driver/Src/stm32f1xx_hal_tim.c.obj
 .text.TIM_OC4_SetConfig
                0x080031f0       0x48 CMakeFiles/FOC_v1.2.elf.dir/Drivers/STM32F1xx_HAL_Driver/Src/stm32f1xx_hal_tim.c.obj
 .text.TIM_TI1_ConfigInputStage
                0x08003238       0x24 CMakeFiles/FOC_v1.2.elf.dir/Drivers/STM32F1xx_HAL_Driver/Src/stm32f1xx_hal_tim.c.obj
 .text.TIM_TI2_ConfigInputStage
                0x0800325c       0x26 CMakeFiles/FOC_v1.2.elf.dir/Drivers/STM32F1xx_HAL_Driver/Src/stm32f1xx_hal_tim.c.obj
 .text.TIM_ITRx_SetConfig
                0x08003282       0x10 CMakeFiles/FOC_v1.2.elf.dir/Drivers/STM32F1xx_HAL_Driver/Src/stm32f1xx_hal_tim.c.obj
 *fill*         0x08003292        0x2 
 .text.HAL_TIM_Base_Start_IT
                0x08003294       0x68 CMakeFiles/FOC_v1.2.elf.dir/Drivers/STM32F1xx_HAL_Driver/Src/stm32f1xx_hal_tim.c.obj
                0x08003294                HAL_TIM_Base_Start_IT
 .text.HAL_TIM_PWM_MspInit
                0x080032fc        0x2 CMakeFiles/FOC_v1.2.elf.dir/Drivers/STM32F1xx_HAL_Driver/Src/stm32f1xx_hal_tim.c.obj
                0x080032fc                HAL_TIM_PWM_MspInit
 .text.HAL_TIM_OC_DelayElapsedCallback
                0x080032fe        0x2 CMakeFiles/FOC_v1.2.elf.dir/Drivers/STM32F1xx_HAL_Driver/Src/stm32f1xx_hal_tim.c.obj
                0x080032fe                HAL_TIM_OC_DelayElapsedCallback
 .text.HAL_TIM_IC_CaptureCallback
                0x08003300        0x2 CMakeFiles/FOC_v1.2.elf.dir/Drivers/STM32F1xx_HAL_Driver/Src/stm32f1xx_hal_tim.c.obj
                0x08003300                HAL_TIM_IC_CaptureCallback
 .text.HAL_TIM_PWM_PulseFinishedCallback
                0x08003302        0x2 CMakeFiles/FOC_v1.2.elf.dir/Drivers/STM32F1xx_HAL_Driver/Src/stm32f1xx_hal_tim.c.obj
                0x08003302                HAL_TIM_PWM_PulseFinishedCallback
 .text.HAL_TIM_TriggerCallback
                0x08003304        0x2 CMakeFiles/FOC_v1.2.elf.dir/Drivers/STM32F1xx_HAL_Driver/Src/stm32f1xx_hal_tim.c.obj
                0x08003304                HAL_TIM_TriggerCallback
 .text.HAL_TIM_IRQHandler
                0x08003306      0x17a CMakeFiles/FOC_v1.2.elf.dir/Drivers/STM32F1xx_HAL_Driver/Src/stm32f1xx_hal_tim.c.obj
                0x08003306                HAL_TIM_IRQHandler
 .text.TIM_Base_SetConfig
                0x08003480       0x74 CMakeFiles/FOC_v1.2.elf.dir/Drivers/STM32F1xx_HAL_Driver/Src/stm32f1xx_hal_tim.c.obj
                0x08003480                TIM_Base_SetConfig
 .text.HAL_TIM_Base_Init
                0x080034f4       0x58 CMakeFiles/FOC_v1.2.elf.dir/Drivers/STM32F1xx_HAL_Driver/Src/stm32f1xx_hal_tim.c.obj
                0x080034f4                HAL_TIM_Base_Init
 .text.HAL_TIM_PWM_Init
                0x0800354c       0x58 CMakeFiles/FOC_v1.2.elf.dir/Drivers/STM32F1xx_HAL_Driver/Src/stm32f1xx_hal_tim.c.obj
                0x0800354c                HAL_TIM_PWM_Init
 .text.TIM_OC2_SetConfig
                0x080035a4       0x64 CMakeFiles/FOC_v1.2.elf.dir/Drivers/STM32F1xx_HAL_Driver/Src/stm32f1xx_hal_tim.c.obj
                0x080035a4                TIM_OC2_SetConfig
 .text.HAL_TIM_PWM_ConfigChannel
                0x08003608       0xdc CMakeFiles/FOC_v1.2.elf.dir/Drivers/STM32F1xx_HAL_Driver/Src/stm32f1xx_hal_tim.c.obj
                0x08003608                HAL_TIM_PWM_ConfigChannel
 .text.TIM_ETR_SetConfig
                0x080036e4       0x18 CMakeFiles/FOC_v1.2.elf.dir/Drivers/STM32F1xx_HAL_Driver/Src/stm32f1xx_hal_tim.c.obj
                0x080036e4                TIM_ETR_SetConfig
 .text.HAL_TIM_ConfigClockSource
                0x080036fc       0xfe CMakeFiles/FOC_v1.2.elf.dir/Drivers/STM32F1xx_HAL_Driver/Src/stm32f1xx_hal_tim.c.obj
                0x080036fc                HAL_TIM_ConfigClockSource
 .text.TIM_CCxChannelCmd
                0x080037fa       0x1e CMakeFiles/FOC_v1.2.elf.dir/Drivers/STM32F1xx_HAL_Driver/Src/stm32f1xx_hal_tim.c.obj
                0x080037fa                TIM_CCxChannelCmd
 .text.HAL_TIM_PWM_Start
                0x08003818       0xdc CMakeFiles/FOC_v1.2.elf.dir/Drivers/STM32F1xx_HAL_Driver/Src/stm32f1xx_hal_tim.c.obj
                0x08003818                HAL_TIM_PWM_Start
 .text.HAL_TIMEx_MasterConfigSynchronization
                0x080038f4       0x6c CMakeFiles/FOC_v1.2.elf.dir/Drivers/STM32F1xx_HAL_Driver/Src/stm32f1xx_hal_tim_ex.c.obj
                0x080038f4                HAL_TIMEx_MasterConfigSynchronization
 .text.HAL_TIMEx_CommutCallback
                0x08003960        0x2 CMakeFiles/FOC_v1.2.elf.dir/Drivers/STM32F1xx_HAL_Driver/Src/stm32f1xx_hal_tim_ex.c.obj
                0x08003960                HAL_TIMEx_CommutCallback
 .text.HAL_TIMEx_BreakCallback
                0x08003962        0x2 CMakeFiles/FOC_v1.2.elf.dir/Drivers/STM32F1xx_HAL_Driver/Src/stm32f1xx_hal_tim_ex.c.obj
                0x08003962                HAL_TIMEx_BreakCallback
 .text.UART_SetConfig
                0x08003964       0x94 CMakeFiles/FOC_v1.2.elf.dir/Drivers/STM32F1xx_HAL_Driver/Src/stm32f1xx_hal_uart.c.obj
 .text.HAL_UART_Init
                0x080039f8       0x60 CMakeFiles/FOC_v1.2.elf.dir/Drivers/STM32F1xx_HAL_Driver/Src/stm32f1xx_hal_uart.c.obj
                0x080039f8                HAL_UART_Init
 .text.i2cWrite
                0x08003a58       0x20 CMakeFiles/FOC_v1.2.elf.dir/Hardware/AS5600.c.obj
 .text.i2cRead  0x08003a78       0x20 CMakeFiles/FOC_v1.2.elf.dir/Hardware/AS5600.c.obj
 .text.as5600GetRawAngle
                0x08003a98       0x34 CMakeFiles/FOC_v1.2.elf.dir/Hardware/AS5600.c.obj
                0x08003a98                as5600GetRawAngle
 .text._SIN     0x08003acc       0x10 CMakeFiles/FOC_v1.2.elf.dir/Hardware/foc_ctrl.c.obj
                0x08003acc                _SIN
 .text._COS     0x08003adc       0x10 CMakeFiles/FOC_v1.2.elf.dir/Hardware/foc_ctrl.c.obj
                0x08003adc                _COS
 .text.get_Angle
                0x08003aec       0x34 CMakeFiles/FOC_v1.2.elf.dir/Hardware/foc_ctrl.c.obj
                0x08003aec                get_Angle
 .text.Inv_Park_Trans
                0x08003b20       0x58 CMakeFiles/FOC_v1.2.elf.dir/Hardware/foc_ctrl.c.obj
                0x08003b20                Inv_Park_Trans
 .text.SVPWM_Trans
                0x08003b78      0x2f4 CMakeFiles/FOC_v1.2.elf.dir/Hardware/foc_ctrl.c.obj
                0x08003b78                SVPWM_Trans
 .text.setTorque
                0x08003e6c        0x8 CMakeFiles/FOC_v1.2.elf.dir/Hardware/foc_ctrl.c.obj
                0x08003e6c                setTorque
 .text.FOC_Init
                0x08003e74       0x3c CMakeFiles/FOC_v1.2.elf.dir/Hardware/foc_ctrl.c.obj
                0x08003e74                FOC_Init
 .text.FOC_Run  0x08003eb0       0x70 CMakeFiles/FOC_v1.2.elf.dir/Hardware/foc_ctrl.c.obj
                0x08003eb0                FOC_Run
 .text.HAL_TIM_PeriodElapsedCallback
                0x08003f20       0x10 CMakeFiles/FOC_v1.2.elf.dir/Hardware/foc_ctrl.c.obj
                0x08003f20                HAL_TIM_PeriodElapsedCallback
 .text.pid_init
                0x08003f30       0x2c CMakeFiles/FOC_v1.2.elf.dir/Hardware/pid.c.obj
                0x08003f30                pid_init
 .text.__libc_init_array
                0x08003f5c       0x48 c:/progra~2/gnuarm~1/102020~1/bin/../lib/gcc/arm-none-eabi/10.2.1/../../../../arm-none-eabi/lib/thumb/v7-m/nofp\libg.a(lib_a-init.o)
                0x08003f5c                __libc_init_array
 .text.memset   0x08003fa4       0xa4 c:/progra~2/gnuarm~1/102020~1/bin/../lib/gcc/arm-none-eabi/10.2.1/../../../../arm-none-eabi/lib/thumb/v7-m/nofp\libg.a(lib_a-memset.o)
                0x08003fa4                memset
 .text.startup.register_fini
                0x08004048       0x14 c:/progra~2/gnuarm~1/102020~1/bin/../lib/gcc/arm-none-eabi/10.2.1/../../../../arm-none-eabi/lib/thumb/v7-m/nofp\libg.a(lib_a-__call_atexit.o)
 .text.atexit   0x0800405c        0xc c:/progra~2/gnuarm~1/102020~1/bin/../lib/gcc/arm-none-eabi/10.2.1/../../../../arm-none-eabi/lib/thumb/v7-m/nofp\libg.a(lib_a-atexit.o)
                0x0800405c                atexit
 .text.__libc_fini_array
                0x08004068       0x2c c:/progra~2/gnuarm~1/102020~1/bin/../lib/gcc/arm-none-eabi/10.2.1/../../../../arm-none-eabi/lib/thumb/v7-m/nofp\libg.a(lib_a-fini.o)
                0x08004068                __libc_fini_array
 .text.__retarget_lock_acquire_recursive
                0x08004094        0x4 c:/progra~2/gnuarm~1/102020~1/bin/../lib/gcc/arm-none-eabi/10.2.1/../../../../arm-none-eabi/lib/thumb/v7-m/nofp\libg.a(lib_a-lock.o)
                0x08004094                __retarget_lock_acquire_recursive
 .text.__retarget_lock_release_recursive
                0x08004098        0x4 c:/progra~2/gnuarm~1/102020~1/bin/../lib/gcc/arm-none-eabi/10.2.1/../../../../arm-none-eabi/lib/thumb/v7-m/nofp\libg.a(lib_a-lock.o)
                0x08004098                __retarget_lock_release_recursive
 .text.__register_exitproc
                0x0800409c       0x8c c:/progra~2/gnuarm~1/102020~1/bin/../lib/gcc/arm-none-eabi/10.2.1/../../../../arm-none-eabi/lib/thumb/v7-m/nofp\libg.a(lib_a-__atexit.o)
                0x0800409c                __register_exitproc
 .text.cos      0x08004128       0xa4 c:/progra~2/gnuarm~1/102020~1/bin/../lib/gcc/arm-none-eabi/10.2.1/../../../../arm-none-eabi/lib/thumb/v7-m/nofp\libm.a(lib_a-s_cos.o)
                0x08004128                cos
 .text.sin      0x080041cc       0xb0 c:/progra~2/gnuarm~1/102020~1/bin/../lib/gcc/arm-none-eabi/10.2.1/../../../../arm-none-eabi/lib/thumb/v7-m/nofp\libm.a(lib_a-s_sin.o)
                0x080041cc                sin
 *fill*         0x0800427c        0x4 
 .text.__ieee754_rem_pio2
                0x08004280      0x454 c:/progra~2/gnuarm~1/102020~1/bin/../lib/gcc/arm-none-eabi/10.2.1/../../../../arm-none-eabi/lib/thumb/v7-m/nofp\libm.a(lib_a-e_rem_pio2.o)
                0x08004280                __ieee754_rem_pio2
 *fill*         0x080046d4        0x4 
 .text.__kernel_cos
                0x080046d8      0x250 c:/progra~2/gnuarm~1/102020~1/bin/../lib/gcc/arm-none-eabi/10.2.1/../../../../arm-none-eabi/lib/thumb/v7-m/nofp\libm.a(lib_a-k_cos.o)
                0x080046d8                __kernel_cos
 .text.__kernel_rem_pio2
                0x08004928      0x850 c:/progra~2/gnuarm~1/102020~1/bin/../lib/gcc/arm-none-eabi/10.2.1/../../../../arm-none-eabi/lib/thumb/v7-m/nofp\libm.a(lib_a-k_rem_pio2.o)
                0x08004928                __kernel_rem_pio2
 .text.__kernel_sin
                0x08005178      0x184 c:/progra~2/gnuarm~1/102020~1/bin/../lib/gcc/arm-none-eabi/10.2.1/../../../../arm-none-eabi/lib/thumb/v7-m/nofp\libm.a(lib_a-k_sin.o)
                0x08005178                __kernel_sin
 .text.fabs     0x080052fc        0x8 c:/progra~2/gnuarm~1/102020~1/bin/../lib/gcc/arm-none-eabi/10.2.1/../../../../arm-none-eabi/lib/thumb/v7-m/nofp\libm.a(lib_a-s_fabs.o)
                0x080052fc                fabs
 *fill*         0x08005304        0x4 
 .text.floor    0x08005308       0xf8 c:/progra~2/gnuarm~1/102020~1/bin/../lib/gcc/arm-none-eabi/10.2.1/../../../../arm-none-eabi/lib/thumb/v7-m/nofp\libm.a(lib_a-s_floor.o)
                0x08005308                floor
 .text.scalbn   0x08005400       0xfc c:/progra~2/gnuarm~1/102020~1/bin/../lib/gcc/arm-none-eabi/10.2.1/../../../../arm-none-eabi/lib/thumb/v7-m/nofp\libm.a(lib_a-s_scalbn.o)
                0x08005400                scalbn
 *(.glue_7)
 .glue_7        0x080054fc        0x0 linker stubs
 *(.glue_7t)
 .glue_7t       0x080054fc        0x0 linker stubs
 *(.eh_frame)
 .eh_frame      0x080054fc        0x0 c:/progra~2/gnuarm~1/102020~1/bin/../lib/gcc/arm-none-eabi/10.2.1/thumb/v7-m/nofp/crtbegin.o
 *(.init)
 .init          0x080054fc        0x4 c:/progra~2/gnuarm~1/102020~1/bin/../lib/gcc/arm-none-eabi/10.2.1/thumb/v7-m/nofp/crti.o
                0x080054fc                _init
 .init          0x08005500        0x8 c:/progra~2/gnuarm~1/102020~1/bin/../lib/gcc/arm-none-eabi/10.2.1/thumb/v7-m/nofp/crtn.o
 *(.fini)
 .fini          0x08005508        0x4 c:/progra~2/gnuarm~1/102020~1/bin/../lib/gcc/arm-none-eabi/10.2.1/thumb/v7-m/nofp/crti.o
                0x08005508                _fini
 .fini          0x0800550c        0x8 c:/progra~2/gnuarm~1/102020~1/bin/../lib/gcc/arm-none-eabi/10.2.1/thumb/v7-m/nofp/crtn.o
                0x08005514                . = ALIGN (0x4)
                0x08005514                _etext = .

.vfp11_veneer   0x08005514        0x0
 .vfp11_veneer  0x08005514        0x0 linker stubs

.v4_bx          0x08005514        0x0
 .v4_bx         0x08005514        0x0 linker stubs

.iplt           0x08005514        0x0
 .iplt          0x08005514        0x0 c:/progra~2/gnuarm~1/102020~1/bin/../lib/gcc/arm-none-eabi/10.2.1/thumb/v7-m/nofp/crtbegin.o

.rodata         0x08005518      0x210
                0x08005518                . = ALIGN (0x4)
 *(.rodata)
 .rodata        0x08005518        0x8 CMakeFiles/FOC_v1.2.elf.dir/Core/Src/main.c.obj
 *(.rodata*)
 .rodata.AHBPrescTable
                0x08005520       0x10 CMakeFiles/FOC_v1.2.elf.dir/Core/Src/system_stm32f1xx.c.obj
                0x08005520                AHBPrescTable
 .rodata.APBPrescTable
                0x08005530        0x8 CMakeFiles/FOC_v1.2.elf.dir/Core/Src/system_stm32f1xx.c.obj
                0x08005530                APBPrescTable
 .rodata.aPLLMULFactorTable.1
                0x08005538       0x10 CMakeFiles/FOC_v1.2.elf.dir/Drivers/STM32F1xx_HAL_Driver/Src/stm32f1xx_hal_rcc.c.obj
 .rodata.aPredivFactorTable.0
                0x08005548        0x2 CMakeFiles/FOC_v1.2.elf.dir/Drivers/STM32F1xx_HAL_Driver/Src/stm32f1xx_hal_rcc.c.obj
 *fill*         0x0800554a        0x2 
 .rodata._global_impure_ptr
                0x0800554c        0x4 c:/progra~2/gnuarm~1/102020~1/bin/../lib/gcc/arm-none-eabi/10.2.1/../../../../arm-none-eabi/lib/thumb/v7-m/nofp\libg.a(lib_a-impure.o)
                0x0800554c                _global_impure_ptr
 .rodata.npio2_hw
                0x08005550       0x80 c:/progra~2/gnuarm~1/102020~1/bin/../lib/gcc/arm-none-eabi/10.2.1/../../../../arm-none-eabi/lib/thumb/v7-m/nofp\libm.a(lib_a-e_rem_pio2.o)
 .rodata.two_over_pi
                0x080055d0      0x108 c:/progra~2/gnuarm~1/102020~1/bin/../lib/gcc/arm-none-eabi/10.2.1/../../../../arm-none-eabi/lib/thumb/v7-m/nofp\libm.a(lib_a-e_rem_pio2.o)
 .rodata.PIo2   0x080056d8       0x40 c:/progra~2/gnuarm~1/102020~1/bin/../lib/gcc/arm-none-eabi/10.2.1/../../../../arm-none-eabi/lib/thumb/v7-m/nofp\libm.a(lib_a-k_rem_pio2.o)
 .rodata.init_jk
                0x08005718       0x10 c:/progra~2/gnuarm~1/102020~1/bin/../lib/gcc/arm-none-eabi/10.2.1/../../../../arm-none-eabi/lib/thumb/v7-m/nofp\libm.a(lib_a-k_rem_pio2.o)
                0x08005728                . = ALIGN (0x4)

.rel.dyn        0x08005728        0x0
 .rel.iplt      0x08005728        0x0 c:/progra~2/gnuarm~1/102020~1/bin/../lib/gcc/arm-none-eabi/10.2.1/thumb/v7-m/nofp/crtbegin.o

.ARM.extab      0x08005728        0x0
                0x08005728                . = ALIGN (0x4)
 *(.ARM.extab* .gnu.linkonce.armextab.*)
                0x08005728                . = ALIGN (0x4)

.ARM            0x08005728        0x0
                0x08005728                . = ALIGN (0x4)
                0x08005728                __exidx_start = .
 *(.ARM.exidx*)
                0x08005728                __exidx_end = .
                0x08005728                . = ALIGN (0x4)

.preinit_array  0x08005728        0x0
                0x08005728                . = ALIGN (0x4)
                0x08005728                PROVIDE (__preinit_array_start = .)
 *(.preinit_array*)
                0x08005728                PROVIDE (__preinit_array_end = .)
                0x08005728                . = ALIGN (0x4)

.init_array     0x08005728        0x8
                0x08005728                . = ALIGN (0x4)
                0x08005728                PROVIDE (__init_array_start = .)
 *(SORT_BY_NAME(.init_array.*))
 .init_array.00000
                0x08005728        0x4 c:/progra~2/gnuarm~1/102020~1/bin/../lib/gcc/arm-none-eabi/10.2.1/../../../../arm-none-eabi/lib/thumb/v7-m/nofp\libg.a(lib_a-__call_atexit.o)
 *(.init_array*)
 .init_array    0x0800572c        0x4 c:/progra~2/gnuarm~1/102020~1/bin/../lib/gcc/arm-none-eabi/10.2.1/thumb/v7-m/nofp/crtbegin.o
                0x08005730                PROVIDE (__init_array_end = .)
                0x08005730                . = ALIGN (0x4)

.fini_array     0x08005730        0x4
                0x08005730                . = ALIGN (0x4)
                0x08005730                PROVIDE (__fini_array_start = .)
 *(SORT_BY_NAME(.fini_array.*))
 *(.fini_array*)
 .fini_array    0x08005730        0x4 c:/progra~2/gnuarm~1/102020~1/bin/../lib/gcc/arm-none-eabi/10.2.1/thumb/v7-m/nofp/crtbegin.o
                0x08005734                PROVIDE (__fini_array_end = .)
                0x08005734                . = ALIGN (0x4)
                0x08005734                _sidata = LOADADDR (.data)

.data           0x20000000      0x43c load address 0x08005734
                0x20000000                . = ALIGN (0x4)
                0x20000000                _sdata = .
 *(.data)
 *(.data*)
 .data.SystemCoreClock
                0x20000000        0x4 CMakeFiles/FOC_v1.2.elf.dir/Core/Src/system_stm32f1xx.c.obj
                0x20000000                SystemCoreClock
 .data.uwTickFreq
                0x20000004        0x1 CMakeFiles/FOC_v1.2.elf.dir/Drivers/STM32F1xx_HAL_Driver/Src/stm32f1xx_hal.c.obj
                0x20000004                uwTickFreq
 *fill*         0x20000005        0x3 
 .data.uwTickPrio
                0x20000008        0x4 CMakeFiles/FOC_v1.2.elf.dir/Drivers/STM32F1xx_HAL_Driver/Src/stm32f1xx_hal.c.obj
                0x20000008                uwTickPrio
 *fill*         0x2000000c        0x4 
 .data.impure_data
                0x20000010      0x428 c:/progra~2/gnuarm~1/102020~1/bin/../lib/gcc/arm-none-eabi/10.2.1/../../../../arm-none-eabi/lib/thumb/v7-m/nofp\libg.a(lib_a-impure.o)
 .data.__atexit_recursive_mutex
                0x20000438        0x4 c:/progra~2/gnuarm~1/102020~1/bin/../lib/gcc/arm-none-eabi/10.2.1/../../../../arm-none-eabi/lib/thumb/v7-m/nofp\libg.a(lib_a-__call_atexit.o)
                0x20000438                __atexit_recursive_mutex
 *(.RamFunc)
 *(.RamFunc*)
                0x2000043c                . = ALIGN (0x4)
                0x2000043c                _edata = .

.igot.plt       0x2000043c        0x0 load address 0x08005b70
 .igot.plt      0x2000043c        0x0 c:/progra~2/gnuarm~1/102020~1/bin/../lib/gcc/arm-none-eabi/10.2.1/thumb/v7-m/nofp/crtbegin.o
                0x2000043c                . = ALIGN (0x4)

.bss            0x2000043c      0x244 load address 0x08005b70
                0x2000043c                _sbss = .
                0x2000043c                __bss_start__ = _sbss
 *(.bss)
 .bss           0x2000043c       0x1c c:/progra~2/gnuarm~1/102020~1/bin/../lib/gcc/arm-none-eabi/10.2.1/thumb/v7-m/nofp/crtbegin.o
 *(.bss*)
 .bss.hadc1     0x20000458       0x30 CMakeFiles/FOC_v1.2.elf.dir/Core/Src/adc.c.obj
                0x20000458                hadc1
 .bss.hdma_adc1
                0x20000488       0x44 CMakeFiles/FOC_v1.2.elf.dir/Core/Src/adc.c.obj
                0x20000488                hdma_adc1
 .bss.hi2c1     0x200004cc       0x54 CMakeFiles/FOC_v1.2.elf.dir/Core/Src/i2c.c.obj
                0x200004cc                hi2c1
 .bss.htim2     0x20000520       0x48 CMakeFiles/FOC_v1.2.elf.dir/Core/Src/tim.c.obj
                0x20000520                htim2
 .bss.htim3     0x20000568       0x48 CMakeFiles/FOC_v1.2.elf.dir/Core/Src/tim.c.obj
                0x20000568                htim3
 .bss.huart1    0x200005b0       0x48 CMakeFiles/FOC_v1.2.elf.dir/Core/Src/usart.c.obj
                0x200005b0                huart1
 .bss.uwTick    0x200005f8        0x4 CMakeFiles/FOC_v1.2.elf.dir/Drivers/STM32F1xx_HAL_Driver/Src/stm32f1xx_hal.c.obj
                0x200005f8                uwTick
 .bss.AS5600_buffer
                0x200005fc        0x2 CMakeFiles/FOC_v1.2.elf.dir/Hardware/AS5600.c.obj
                0x200005fc                AS5600_buffer
 *fill*         0x200005fe        0x2 
 .bss.Motor_2208
                0x20000600       0x2c CMakeFiles/FOC_v1.2.elf.dir/Hardware/foc_ctrl.c.obj
                0x20000600                Motor_2208
 .bss.T_count.1
                0x2000062c        0x4 CMakeFiles/FOC_v1.2.elf.dir/Hardware/foc_ctrl.c.obj
 .bss.position_loop
                0x20000630       0x48 CMakeFiles/FOC_v1.2.elf.dir/Hardware/foc_ctrl.c.obj
                0x20000630                position_loop
 .bss.target_angle.0
                0x20000678        0x4 CMakeFiles/FOC_v1.2.elf.dir/Hardware/foc_ctrl.c.obj
 .bss.__lock___atexit_recursive_mutex
                0x2000067c        0x1 c:/progra~2/gnuarm~1/102020~1/bin/../lib/gcc/arm-none-eabi/10.2.1/../../../../arm-none-eabi/lib/thumb/v7-m/nofp\libg.a(lib_a-lock.o)
                0x2000067c                __lock___atexit_recursive_mutex
 *(COMMON)
                0x20000680                . = ALIGN (0x4)
 *fill*         0x2000067d        0x3 
                0x20000680                _ebss = .
                0x20000680                __bss_end__ = _ebss

._user_heap_stack
                0x20000680      0x600 load address 0x08005b70
                0x20000680                . = ALIGN (0x8)
                [!provide]                PROVIDE (end = .)
                0x20000680                PROVIDE (_end = .)
                0x20000880                . = (. + _Min_Heap_Size)
 *fill*         0x20000680      0x200 
                0x20000c80                . = (. + _Min_Stack_Size)
 *fill*         0x20000880      0x400 
                0x20000c80                . = ALIGN (0x8)

/DISCARD/
 libc.a(*)
 libm.a(*)
 libgcc.a(*)

.ARM.attributes
                0x00000000       0x29
 *(.ARM.attributes)
 .ARM.attributes
                0x00000000       0x1d c:/progra~2/gnuarm~1/102020~1/bin/../lib/gcc/arm-none-eabi/10.2.1/thumb/v7-m/nofp/crti.o
 .ARM.attributes
                0x0000001d       0x2d c:/progra~2/gnuarm~1/102020~1/bin/../lib/gcc/arm-none-eabi/10.2.1/thumb/v7-m/nofp/crtbegin.o
 .ARM.attributes
                0x0000004a       0x2d CMakeFiles/FOC_v1.2.elf.dir/Core/Src/adc.c.obj
 .ARM.attributes
                0x00000077       0x2d CMakeFiles/FOC_v1.2.elf.dir/Core/Src/dma.c.obj
 .ARM.attributes
                0x000000a4       0x2d CMakeFiles/FOC_v1.2.elf.dir/Core/Src/gpio.c.obj
 .ARM.attributes
                0x000000d1       0x2d CMakeFiles/FOC_v1.2.elf.dir/Core/Src/i2c.c.obj
 .ARM.attributes
                0x000000fe       0x2d CMakeFiles/FOC_v1.2.elf.dir/Core/Src/main.c.obj
 .ARM.attributes
                0x0000012b       0x2d CMakeFiles/FOC_v1.2.elf.dir/Core/Src/stm32f1xx_hal_msp.c.obj
 .ARM.attributes
                0x00000158       0x2d CMakeFiles/FOC_v1.2.elf.dir/Core/Src/stm32f1xx_it.c.obj
 .ARM.attributes
                0x00000185       0x2d CMakeFiles/FOC_v1.2.elf.dir/Core/Src/system_stm32f1xx.c.obj
 .ARM.attributes
                0x000001b2       0x2d CMakeFiles/FOC_v1.2.elf.dir/Core/Src/tim.c.obj
 .ARM.attributes
                0x000001df       0x2d CMakeFiles/FOC_v1.2.elf.dir/Core/Src/usart.c.obj
 .ARM.attributes
                0x0000020c       0x21 CMakeFiles/FOC_v1.2.elf.dir/Core/Startup/startup_stm32f103c8tx.s.obj
 .ARM.attributes
                0x0000022d       0x2d CMakeFiles/FOC_v1.2.elf.dir/Drivers/STM32F1xx_HAL_Driver/Src/stm32f1xx_hal.c.obj
 .ARM.attributes
                0x0000025a       0x2d CMakeFiles/FOC_v1.2.elf.dir/Drivers/STM32F1xx_HAL_Driver/Src/stm32f1xx_hal_adc.c.obj
 .ARM.attributes
                0x00000287       0x2d CMakeFiles/FOC_v1.2.elf.dir/Drivers/STM32F1xx_HAL_Driver/Src/stm32f1xx_hal_cortex.c.obj
 .ARM.attributes
                0x000002b4       0x2d CMakeFiles/FOC_v1.2.elf.dir/Drivers/STM32F1xx_HAL_Driver/Src/stm32f1xx_hal_dma.c.obj
 .ARM.attributes
                0x000002e1       0x2d CMakeFiles/FOC_v1.2.elf.dir/Drivers/STM32F1xx_HAL_Driver/Src/stm32f1xx_hal_gpio.c.obj
 .ARM.attributes
                0x0000030e       0x2d CMakeFiles/FOC_v1.2.elf.dir/Drivers/STM32F1xx_HAL_Driver/Src/stm32f1xx_hal_i2c.c.obj
 .ARM.attributes
                0x0000033b       0x2d CMakeFiles/FOC_v1.2.elf.dir/Drivers/STM32F1xx_HAL_Driver/Src/stm32f1xx_hal_rcc.c.obj
 .ARM.attributes
                0x00000368       0x2d CMakeFiles/FOC_v1.2.elf.dir/Drivers/STM32F1xx_HAL_Driver/Src/stm32f1xx_hal_rcc_ex.c.obj
 .ARM.attributes
                0x00000395       0x2d CMakeFiles/FOC_v1.2.elf.dir/Drivers/STM32F1xx_HAL_Driver/Src/stm32f1xx_hal_tim.c.obj
 .ARM.attributes
                0x000003c2       0x2d CMakeFiles/FOC_v1.2.elf.dir/Drivers/STM32F1xx_HAL_Driver/Src/stm32f1xx_hal_tim_ex.c.obj
 .ARM.attributes
                0x000003ef       0x2d CMakeFiles/FOC_v1.2.elf.dir/Drivers/STM32F1xx_HAL_Driver/Src/stm32f1xx_hal_uart.c.obj
 .ARM.attributes
                0x0000041c       0x2d CMakeFiles/FOC_v1.2.elf.dir/Hardware/AS5600.c.obj
 .ARM.attributes
                0x00000449       0x2d CMakeFiles/FOC_v1.2.elf.dir/Hardware/foc_ctrl.c.obj
 .ARM.attributes
                0x00000476       0x2d CMakeFiles/FOC_v1.2.elf.dir/Hardware/pid.c.obj
 .ARM.attributes
                0x000004a3       0x1d c:/progra~2/gnuarm~1/102020~1/bin/../lib/gcc/arm-none-eabi/10.2.1/thumb/v7-m/nofp\libgcc.a(_arm_addsubdf3.o)
 .ARM.attributes
                0x000004c0       0x1d c:/progra~2/gnuarm~1/102020~1/bin/../lib/gcc/arm-none-eabi/10.2.1/thumb/v7-m/nofp\libgcc.a(_arm_truncdfsf2.o)
 .ARM.attributes
                0x000004dd       0x1d c:/progra~2/gnuarm~1/102020~1/bin/../lib/gcc/arm-none-eabi/10.2.1/thumb/v7-m/nofp\libgcc.a(_arm_addsubsf3.o)
 .ARM.attributes
                0x000004fa       0x1d c:/progra~2/gnuarm~1/102020~1/bin/../lib/gcc/arm-none-eabi/10.2.1/thumb/v7-m/nofp\libgcc.a(_arm_muldivsf3.o)
 .ARM.attributes
                0x00000517       0x1d c:/progra~2/gnuarm~1/102020~1/bin/../lib/gcc/arm-none-eabi/10.2.1/thumb/v7-m/nofp\libgcc.a(_arm_cmpsf2.o)
 .ARM.attributes
                0x00000534       0x1d c:/progra~2/gnuarm~1/102020~1/bin/../lib/gcc/arm-none-eabi/10.2.1/thumb/v7-m/nofp\libgcc.a(_arm_fixunssfsi.o)
 .ARM.attributes
                0x00000551       0x2d c:/progra~2/gnuarm~1/102020~1/bin/../lib/gcc/arm-none-eabi/10.2.1/../../../../arm-none-eabi/lib/thumb/v7-m/nofp\libg.a(lib_a-impure.o)
 .ARM.attributes
                0x0000057e       0x2d c:/progra~2/gnuarm~1/102020~1/bin/../lib/gcc/arm-none-eabi/10.2.1/../../../../arm-none-eabi/lib/thumb/v7-m/nofp\libg.a(lib_a-init.o)
 .ARM.attributes
                0x000005ab       0x2d c:/progra~2/gnuarm~1/102020~1/bin/../lib/gcc/arm-none-eabi/10.2.1/../../../../arm-none-eabi/lib/thumb/v7-m/nofp\libg.a(lib_a-memset.o)
 .ARM.attributes
                0x000005d8       0x2d c:/progra~2/gnuarm~1/102020~1/bin/../lib/gcc/arm-none-eabi/10.2.1/../../../../arm-none-eabi/lib/thumb/v7-m/nofp\libg.a(lib_a-__call_atexit.o)
 .ARM.attributes
                0x00000605       0x2d c:/progra~2/gnuarm~1/102020~1/bin/../lib/gcc/arm-none-eabi/10.2.1/../../../../arm-none-eabi/lib/thumb/v7-m/nofp\libg.a(lib_a-atexit.o)
 .ARM.attributes
                0x00000632       0x2d c:/progra~2/gnuarm~1/102020~1/bin/../lib/gcc/arm-none-eabi/10.2.1/../../../../arm-none-eabi/lib/thumb/v7-m/nofp\libg.a(lib_a-fini.o)
 .ARM.attributes
                0x0000065f       0x2d c:/progra~2/gnuarm~1/102020~1/bin/../lib/gcc/arm-none-eabi/10.2.1/../../../../arm-none-eabi/lib/thumb/v7-m/nofp\libg.a(lib_a-lock.o)
 .ARM.attributes
                0x0000068c       0x2d c:/progra~2/gnuarm~1/102020~1/bin/../lib/gcc/arm-none-eabi/10.2.1/../../../../arm-none-eabi/lib/thumb/v7-m/nofp\libg.a(lib_a-__atexit.o)
 .ARM.attributes
                0x000006b9       0x1d c:/progra~2/gnuarm~1/102020~1/bin/../lib/gcc/arm-none-eabi/10.2.1/thumb/v7-m/nofp/crtn.o
OUTPUT(FOC_v1.2.elf elf32-littlearm)
LOAD linker stubs
LOAD c:/progra~2/gnuarm~1/102020~1/bin/../lib/gcc/arm-none-eabi/10.2.1/../../../../arm-none-eabi/lib/thumb/v7-m/nofp\libc.a
LOAD c:/progra~2/gnuarm~1/102020~1/bin/../lib/gcc/arm-none-eabi/10.2.1/../../../../arm-none-eabi/lib/thumb/v7-m/nofp\libm.a
LOAD c:/progra~2/gnuarm~1/102020~1/bin/../lib/gcc/arm-none-eabi/10.2.1/thumb/v7-m/nofp\libgcc.a

.debug_info     0x00000000    0x17da7
 .debug_info    0x00000000      0x8e3 CMakeFiles/FOC_v1.2.elf.dir/Core/Src/adc.c.obj
 .debug_info    0x000008e3      0x2f4 CMakeFiles/FOC_v1.2.elf.dir/Core/Src/dma.c.obj
 .debug_info    0x00000bd7      0x2f3 CMakeFiles/FOC_v1.2.elf.dir/Core/Src/gpio.c.obj
 .debug_info    0x00000eca      0x8a4 CMakeFiles/FOC_v1.2.elf.dir/Core/Src/i2c.c.obj
 .debug_info    0x0000176e      0xfc0 CMakeFiles/FOC_v1.2.elf.dir/Core/Src/main.c.obj
 .debug_info    0x0000272e      0x211 CMakeFiles/FOC_v1.2.elf.dir/Core/Src/stm32f1xx_hal_msp.c.obj
 .debug_info    0x0000293f      0x738 CMakeFiles/FOC_v1.2.elf.dir/Core/Src/stm32f1xx_it.c.obj
 .debug_info    0x00003077      0x248 CMakeFiles/FOC_v1.2.elf.dir/Core/Src/system_stm32f1xx.c.obj
 .debug_info    0x000032bf      0xed8 CMakeFiles/FOC_v1.2.elf.dir/Core/Src/tim.c.obj
 .debug_info    0x00004197      0x855 CMakeFiles/FOC_v1.2.elf.dir/Core/Src/usart.c.obj
 .debug_info    0x000049ec       0x22 CMakeFiles/FOC_v1.2.elf.dir/Core/Startup/startup_stm32f103c8tx.s.obj
 .debug_info    0x00004a0e      0x7a8 CMakeFiles/FOC_v1.2.elf.dir/Drivers/STM32F1xx_HAL_Driver/Src/stm32f1xx_hal.c.obj
 .debug_info    0x000051b6      0xf3f CMakeFiles/FOC_v1.2.elf.dir/Drivers/STM32F1xx_HAL_Driver/Src/stm32f1xx_hal_adc.c.obj
 .debug_info    0x000060f5      0xd8a CMakeFiles/FOC_v1.2.elf.dir/Drivers/STM32F1xx_HAL_Driver/Src/stm32f1xx_hal_cortex.c.obj
 .debug_info    0x00006e7f      0x84b CMakeFiles/FOC_v1.2.elf.dir/Drivers/STM32F1xx_HAL_Driver/Src/stm32f1xx_hal_dma.c.obj
 .debug_info    0x000076ca      0x66f CMakeFiles/FOC_v1.2.elf.dir/Drivers/STM32F1xx_HAL_Driver/Src/stm32f1xx_hal_gpio.c.obj
 .debug_info    0x00007d39     0x3ab6 CMakeFiles/FOC_v1.2.elf.dir/Drivers/STM32F1xx_HAL_Driver/Src/stm32f1xx_hal_i2c.c.obj
 .debug_info    0x0000b7ef      0xa3b CMakeFiles/FOC_v1.2.elf.dir/Drivers/STM32F1xx_HAL_Driver/Src/stm32f1xx_hal_rcc.c.obj
 .debug_info    0x0000c22a      0x449 CMakeFiles/FOC_v1.2.elf.dir/Drivers/STM32F1xx_HAL_Driver/Src/stm32f1xx_hal_rcc_ex.c.obj
 .debug_info    0x0000c673     0x3d52 CMakeFiles/FOC_v1.2.elf.dir/Drivers/STM32F1xx_HAL_Driver/Src/stm32f1xx_hal_tim.c.obj
 .debug_info    0x000103c5     0x1abb CMakeFiles/FOC_v1.2.elf.dir/Drivers/STM32F1xx_HAL_Driver/Src/stm32f1xx_hal_tim_ex.c.obj
 .debug_info    0x00011e80     0x4212 CMakeFiles/FOC_v1.2.elf.dir/Drivers/STM32F1xx_HAL_Driver/Src/stm32f1xx_hal_uart.c.obj
 .debug_info    0x00016092      0x7db CMakeFiles/FOC_v1.2.elf.dir/Hardware/AS5600.c.obj
 .debug_info    0x0001686d     0x11a6 CMakeFiles/FOC_v1.2.elf.dir/Hardware/foc_ctrl.c.obj
 .debug_info    0x00017a13      0x394 CMakeFiles/FOC_v1.2.elf.dir/Hardware/pid.c.obj

.debug_abbrev   0x00000000     0x2f07
 .debug_abbrev  0x00000000      0x1c9 CMakeFiles/FOC_v1.2.elf.dir/Core/Src/adc.c.obj
 .debug_abbrev  0x000001c9      0x114 CMakeFiles/FOC_v1.2.elf.dir/Core/Src/dma.c.obj
 .debug_abbrev  0x000002dd      0x13c CMakeFiles/FOC_v1.2.elf.dir/Core/Src/gpio.c.obj
 .debug_abbrev  0x00000419      0x1c1 CMakeFiles/FOC_v1.2.elf.dir/Core/Src/i2c.c.obj
 .debug_abbrev  0x000005da      0x287 CMakeFiles/FOC_v1.2.elf.dir/Core/Src/main.c.obj
 .debug_abbrev  0x00000861       0xe5 CMakeFiles/FOC_v1.2.elf.dir/Core/Src/stm32f1xx_hal_msp.c.obj
 .debug_abbrev  0x00000946      0x179 CMakeFiles/FOC_v1.2.elf.dir/Core/Src/stm32f1xx_it.c.obj
 .debug_abbrev  0x00000abf      0x13e CMakeFiles/FOC_v1.2.elf.dir/Core/Src/system_stm32f1xx.c.obj
 .debug_abbrev  0x00000bfd      0x203 CMakeFiles/FOC_v1.2.elf.dir/Core/Src/tim.c.obj
 .debug_abbrev  0x00000e00      0x1c8 CMakeFiles/FOC_v1.2.elf.dir/Core/Src/usart.c.obj
 .debug_abbrev  0x00000fc8       0x12 CMakeFiles/FOC_v1.2.elf.dir/Core/Startup/startup_stm32f103c8tx.s.obj
 .debug_abbrev  0x00000fda      0x1f4 CMakeFiles/FOC_v1.2.elf.dir/Drivers/STM32F1xx_HAL_Driver/Src/stm32f1xx_hal.c.obj
 .debug_abbrev  0x000011ce      0x1fc CMakeFiles/FOC_v1.2.elf.dir/Drivers/STM32F1xx_HAL_Driver/Src/stm32f1xx_hal_adc.c.obj
 .debug_abbrev  0x000013ca      0x341 CMakeFiles/FOC_v1.2.elf.dir/Drivers/STM32F1xx_HAL_Driver/Src/stm32f1xx_hal_cortex.c.obj
 .debug_abbrev  0x0000170b      0x223 CMakeFiles/FOC_v1.2.elf.dir/Drivers/STM32F1xx_HAL_Driver/Src/stm32f1xx_hal_dma.c.obj
 .debug_abbrev  0x0000192e      0x1e6 CMakeFiles/FOC_v1.2.elf.dir/Drivers/STM32F1xx_HAL_Driver/Src/stm32f1xx_hal_gpio.c.obj
 .debug_abbrev  0x00001b14      0x293 CMakeFiles/FOC_v1.2.elf.dir/Drivers/STM32F1xx_HAL_Driver/Src/stm32f1xx_hal_i2c.c.obj
 .debug_abbrev  0x00001da7      0x27a CMakeFiles/FOC_v1.2.elf.dir/Drivers/STM32F1xx_HAL_Driver/Src/stm32f1xx_hal_rcc.c.obj
 .debug_abbrev  0x00002021      0x1d2 CMakeFiles/FOC_v1.2.elf.dir/Drivers/STM32F1xx_HAL_Driver/Src/stm32f1xx_hal_rcc_ex.c.obj
 .debug_abbrev  0x000021f3      0x245 CMakeFiles/FOC_v1.2.elf.dir/Drivers/STM32F1xx_HAL_Driver/Src/stm32f1xx_hal_tim.c.obj
 .debug_abbrev  0x00002438      0x248 CMakeFiles/FOC_v1.2.elf.dir/Drivers/STM32F1xx_HAL_Driver/Src/stm32f1xx_hal_tim_ex.c.obj
 .debug_abbrev  0x00002680      0x2dd CMakeFiles/FOC_v1.2.elf.dir/Drivers/STM32F1xx_HAL_Driver/Src/stm32f1xx_hal_uart.c.obj
 .debug_abbrev  0x0000295d      0x1cf CMakeFiles/FOC_v1.2.elf.dir/Hardware/AS5600.c.obj
 .debug_abbrev  0x00002b2c      0x2ae CMakeFiles/FOC_v1.2.elf.dir/Hardware/foc_ctrl.c.obj
 .debug_abbrev  0x00002dda      0x12d CMakeFiles/FOC_v1.2.elf.dir/Hardware/pid.c.obj

.debug_loc      0x00000000    0x1301f
 .debug_loc     0x00000000       0x71 CMakeFiles/FOC_v1.2.elf.dir/Core/Src/adc.c.obj
 .debug_loc     0x00000071       0x67 CMakeFiles/FOC_v1.2.elf.dir/Core/Src/i2c.c.obj
 .debug_loc     0x000000d8       0xae CMakeFiles/FOC_v1.2.elf.dir/Core/Src/main.c.obj
 .debug_loc     0x00000186       0x15 CMakeFiles/FOC_v1.2.elf.dir/Core/Src/stm32f1xx_hal_msp.c.obj
 .debug_loc     0x0000019b       0xff CMakeFiles/FOC_v1.2.elf.dir/Core/Src/system_stm32f1xx.c.obj
 .debug_loc     0x0000029a      0x112 CMakeFiles/FOC_v1.2.elf.dir/Core/Src/tim.c.obj
 .debug_loc     0x000003ac       0x84 CMakeFiles/FOC_v1.2.elf.dir/Core/Src/usart.c.obj
 .debug_loc     0x00000430      0x141 CMakeFiles/FOC_v1.2.elf.dir/Drivers/STM32F1xx_HAL_Driver/Src/stm32f1xx_hal.c.obj
 .debug_loc     0x00000571      0xb03 CMakeFiles/FOC_v1.2.elf.dir/Drivers/STM32F1xx_HAL_Driver/Src/stm32f1xx_hal_adc.c.obj
 .debug_loc     0x00001074      0x71f CMakeFiles/FOC_v1.2.elf.dir/Drivers/STM32F1xx_HAL_Driver/Src/stm32f1xx_hal_cortex.c.obj
 .debug_loc     0x00001793      0x7d1 CMakeFiles/FOC_v1.2.elf.dir/Drivers/STM32F1xx_HAL_Driver/Src/stm32f1xx_hal_dma.c.obj
 .debug_loc     0x00001f64      0x47d CMakeFiles/FOC_v1.2.elf.dir/Drivers/STM32F1xx_HAL_Driver/Src/stm32f1xx_hal_gpio.c.obj
 .debug_loc     0x000023e1     0x41ca CMakeFiles/FOC_v1.2.elf.dir/Drivers/STM32F1xx_HAL_Driver/Src/stm32f1xx_hal_i2c.c.obj
 .debug_loc     0x000065ab      0x618 CMakeFiles/FOC_v1.2.elf.dir/Drivers/STM32F1xx_HAL_Driver/Src/stm32f1xx_hal_rcc.c.obj
 .debug_loc     0x00006bc3      0x43d CMakeFiles/FOC_v1.2.elf.dir/Drivers/STM32F1xx_HAL_Driver/Src/stm32f1xx_hal_rcc_ex.c.obj
 .debug_loc     0x00007000     0x50fa CMakeFiles/FOC_v1.2.elf.dir/Drivers/STM32F1xx_HAL_Driver/Src/stm32f1xx_hal_tim.c.obj
 .debug_loc     0x0000c0fa     0x1c93 CMakeFiles/FOC_v1.2.elf.dir/Drivers/STM32F1xx_HAL_Driver/Src/stm32f1xx_hal_tim_ex.c.obj
 .debug_loc     0x0000dd8d     0x487b CMakeFiles/FOC_v1.2.elf.dir/Drivers/STM32F1xx_HAL_Driver/Src/stm32f1xx_hal_uart.c.obj
 .debug_loc     0x00012608      0x14b CMakeFiles/FOC_v1.2.elf.dir/Hardware/AS5600.c.obj
 .debug_loc     0x00012753      0x7f0 CMakeFiles/FOC_v1.2.elf.dir/Hardware/foc_ctrl.c.obj
 .debug_loc     0x00012f43       0xdc CMakeFiles/FOC_v1.2.elf.dir/Hardware/pid.c.obj

.debug_aranges  0x00000000     0x10e8
 .debug_aranges
                0x00000000       0x30 CMakeFiles/FOC_v1.2.elf.dir/Core/Src/adc.c.obj
 .debug_aranges
                0x00000030       0x20 CMakeFiles/FOC_v1.2.elf.dir/Core/Src/dma.c.obj
 .debug_aranges
                0x00000050       0x20 CMakeFiles/FOC_v1.2.elf.dir/Core/Src/gpio.c.obj
 .debug_aranges
                0x00000070       0x30 CMakeFiles/FOC_v1.2.elf.dir/Core/Src/i2c.c.obj
 .debug_aranges
                0x000000a0       0x38 CMakeFiles/FOC_v1.2.elf.dir/Core/Src/main.c.obj
 .debug_aranges
                0x000000d8       0x20 CMakeFiles/FOC_v1.2.elf.dir/Core/Src/stm32f1xx_hal_msp.c.obj
 .debug_aranges
                0x000000f8       0x70 CMakeFiles/FOC_v1.2.elf.dir/Core/Src/stm32f1xx_it.c.obj
 .debug_aranges
                0x00000168       0x28 CMakeFiles/FOC_v1.2.elf.dir/Core/Src/system_stm32f1xx.c.obj
 .debug_aranges
                0x00000190       0x40 CMakeFiles/FOC_v1.2.elf.dir/Core/Src/tim.c.obj
 .debug_aranges
                0x000001d0       0x30 CMakeFiles/FOC_v1.2.elf.dir/Core/Src/usart.c.obj
 .debug_aranges
                0x00000200       0x28 CMakeFiles/FOC_v1.2.elf.dir/Core/Startup/startup_stm32f103c8tx.s.obj
 .debug_aranges
                0x00000228       0xe0 CMakeFiles/FOC_v1.2.elf.dir/Drivers/STM32F1xx_HAL_Driver/Src/stm32f1xx_hal.c.obj
 .debug_aranges
                0x00000308       0xf0 CMakeFiles/FOC_v1.2.elf.dir/Drivers/STM32F1xx_HAL_Driver/Src/stm32f1xx_hal_adc.c.obj
 .debug_aranges
                0x000003f8       0x90 CMakeFiles/FOC_v1.2.elf.dir/Drivers/STM32F1xx_HAL_Driver/Src/stm32f1xx_hal_cortex.c.obj
 .debug_aranges
                0x00000488       0x80 CMakeFiles/FOC_v1.2.elf.dir/Drivers/STM32F1xx_HAL_Driver/Src/stm32f1xx_hal_dma.c.obj
 .debug_aranges
                0x00000508       0x58 CMakeFiles/FOC_v1.2.elf.dir/Drivers/STM32F1xx_HAL_Driver/Src/stm32f1xx_hal_gpio.c.obj
 .debug_aranges
                0x00000560      0x2a8 CMakeFiles/FOC_v1.2.elf.dir/Drivers/STM32F1xx_HAL_Driver/Src/stm32f1xx_hal_i2c.c.obj
 .debug_aranges
                0x00000808       0x90 CMakeFiles/FOC_v1.2.elf.dir/Drivers/STM32F1xx_HAL_Driver/Src/stm32f1xx_hal_rcc.c.obj
 .debug_aranges
                0x00000898       0x30 CMakeFiles/FOC_v1.2.elf.dir/Drivers/STM32F1xx_HAL_Driver/Src/stm32f1xx_hal_rcc_ex.c.obj
 .debug_aranges
                0x000008c8      0x3d0 CMakeFiles/FOC_v1.2.elf.dir/Drivers/STM32F1xx_HAL_Driver/Src/stm32f1xx_hal_tim.c.obj
 .debug_aranges
                0x00000c98      0x168 CMakeFiles/FOC_v1.2.elf.dir/Drivers/STM32F1xx_HAL_Driver/Src/stm32f1xx_hal_tim_ex.c.obj
 .debug_aranges
                0x00000e00      0x208 CMakeFiles/FOC_v1.2.elf.dir/Drivers/STM32F1xx_HAL_Driver/Src/stm32f1xx_hal_uart.c.obj
 .debug_aranges
                0x00001008       0x30 CMakeFiles/FOC_v1.2.elf.dir/Hardware/AS5600.c.obj
 .debug_aranges
                0x00001038       0x80 CMakeFiles/FOC_v1.2.elf.dir/Hardware/foc_ctrl.c.obj
 .debug_aranges
                0x000010b8       0x30 CMakeFiles/FOC_v1.2.elf.dir/Hardware/pid.c.obj

.debug_ranges   0x00000000     0x1040
 .debug_ranges  0x00000000       0x20 CMakeFiles/FOC_v1.2.elf.dir/Core/Src/adc.c.obj
 .debug_ranges  0x00000020       0x10 CMakeFiles/FOC_v1.2.elf.dir/Core/Src/dma.c.obj
 .debug_ranges  0x00000030       0x10 CMakeFiles/FOC_v1.2.elf.dir/Core/Src/gpio.c.obj
 .debug_ranges  0x00000040       0x20 CMakeFiles/FOC_v1.2.elf.dir/Core/Src/i2c.c.obj
 .debug_ranges  0x00000060       0x40 CMakeFiles/FOC_v1.2.elf.dir/Core/Src/main.c.obj
 .debug_ranges  0x000000a0       0x10 CMakeFiles/FOC_v1.2.elf.dir/Core/Src/stm32f1xx_hal_msp.c.obj
 .debug_ranges  0x000000b0       0x60 CMakeFiles/FOC_v1.2.elf.dir/Core/Src/stm32f1xx_it.c.obj
 .debug_ranges  0x00000110       0x18 CMakeFiles/FOC_v1.2.elf.dir/Core/Src/system_stm32f1xx.c.obj
 .debug_ranges  0x00000128       0x30 CMakeFiles/FOC_v1.2.elf.dir/Core/Src/tim.c.obj
 .debug_ranges  0x00000158       0x20 CMakeFiles/FOC_v1.2.elf.dir/Core/Src/usart.c.obj
 .debug_ranges  0x00000178       0x20 CMakeFiles/FOC_v1.2.elf.dir/Core/Startup/startup_stm32f103c8tx.s.obj
 .debug_ranges  0x00000198       0xd0 CMakeFiles/FOC_v1.2.elf.dir/Drivers/STM32F1xx_HAL_Driver/Src/stm32f1xx_hal.c.obj
 .debug_ranges  0x00000268       0xe0 CMakeFiles/FOC_v1.2.elf.dir/Drivers/STM32F1xx_HAL_Driver/Src/stm32f1xx_hal_adc.c.obj
 .debug_ranges  0x00000348       0xe0 CMakeFiles/FOC_v1.2.elf.dir/Drivers/STM32F1xx_HAL_Driver/Src/stm32f1xx_hal_cortex.c.obj
 .debug_ranges  0x00000428       0x70 CMakeFiles/FOC_v1.2.elf.dir/Drivers/STM32F1xx_HAL_Driver/Src/stm32f1xx_hal_dma.c.obj
 .debug_ranges  0x00000498       0x48 CMakeFiles/FOC_v1.2.elf.dir/Drivers/STM32F1xx_HAL_Driver/Src/stm32f1xx_hal_gpio.c.obj
 .debug_ranges  0x000004e0      0x2b0 CMakeFiles/FOC_v1.2.elf.dir/Drivers/STM32F1xx_HAL_Driver/Src/stm32f1xx_hal_i2c.c.obj
 .debug_ranges  0x00000790       0xa0 CMakeFiles/FOC_v1.2.elf.dir/Drivers/STM32F1xx_HAL_Driver/Src/stm32f1xx_hal_rcc.c.obj
 .debug_ranges  0x00000830       0x38 CMakeFiles/FOC_v1.2.elf.dir/Drivers/STM32F1xx_HAL_Driver/Src/stm32f1xx_hal_rcc_ex.c.obj
 .debug_ranges  0x00000868      0x3c0 CMakeFiles/FOC_v1.2.elf.dir/Drivers/STM32F1xx_HAL_Driver/Src/stm32f1xx_hal_tim.c.obj
 .debug_ranges  0x00000c28      0x158 CMakeFiles/FOC_v1.2.elf.dir/Drivers/STM32F1xx_HAL_Driver/Src/stm32f1xx_hal_tim_ex.c.obj
 .debug_ranges  0x00000d80      0x210 CMakeFiles/FOC_v1.2.elf.dir/Drivers/STM32F1xx_HAL_Driver/Src/stm32f1xx_hal_uart.c.obj
 .debug_ranges  0x00000f90       0x20 CMakeFiles/FOC_v1.2.elf.dir/Hardware/AS5600.c.obj
 .debug_ranges  0x00000fb0       0x70 CMakeFiles/FOC_v1.2.elf.dir/Hardware/foc_ctrl.c.obj
 .debug_ranges  0x00001020       0x20 CMakeFiles/FOC_v1.2.elf.dir/Hardware/pid.c.obj

.debug_line     0x00000000    0x166ae
 .debug_line    0x00000000      0x3a4 CMakeFiles/FOC_v1.2.elf.dir/Core/Src/adc.c.obj
 .debug_line    0x000003a4      0x1b3 CMakeFiles/FOC_v1.2.elf.dir/Core/Src/dma.c.obj
 .debug_line    0x00000557      0x1e6 CMakeFiles/FOC_v1.2.elf.dir/Core/Src/gpio.c.obj
 .debug_line    0x0000073d      0x30b CMakeFiles/FOC_v1.2.elf.dir/Core/Src/i2c.c.obj
 .debug_line    0x00000a48      0x4ee CMakeFiles/FOC_v1.2.elf.dir/Core/Src/main.c.obj
 .debug_line    0x00000f36      0x173 CMakeFiles/FOC_v1.2.elf.dir/Core/Src/stm32f1xx_hal_msp.c.obj
 .debug_line    0x000010a9      0x31a CMakeFiles/FOC_v1.2.elf.dir/Core/Src/stm32f1xx_it.c.obj
 .debug_line    0x000013c3      0x23c CMakeFiles/FOC_v1.2.elf.dir/Core/Src/system_stm32f1xx.c.obj
 .debug_line    0x000015ff      0x4e2 CMakeFiles/FOC_v1.2.elf.dir/Core/Src/tim.c.obj
 .debug_line    0x00001ae1      0x325 CMakeFiles/FOC_v1.2.elf.dir/Core/Src/usart.c.obj
 .debug_line    0x00001e06       0xa1 CMakeFiles/FOC_v1.2.elf.dir/Core/Startup/startup_stm32f103c8tx.s.obj
 .debug_line    0x00001ea7      0x560 CMakeFiles/FOC_v1.2.elf.dir/Drivers/STM32F1xx_HAL_Driver/Src/stm32f1xx_hal.c.obj
 .debug_line    0x00002407      0xf01 CMakeFiles/FOC_v1.2.elf.dir/Drivers/STM32F1xx_HAL_Driver/Src/stm32f1xx_hal_adc.c.obj
 .debug_line    0x00003308      0x64d CMakeFiles/FOC_v1.2.elf.dir/Drivers/STM32F1xx_HAL_Driver/Src/stm32f1xx_hal_cortex.c.obj
 .debug_line    0x00003955      0xa6e CMakeFiles/FOC_v1.2.elf.dir/Drivers/STM32F1xx_HAL_Driver/Src/stm32f1xx_hal_dma.c.obj
 .debug_line    0x000043c3      0x5f5 CMakeFiles/FOC_v1.2.elf.dir/Drivers/STM32F1xx_HAL_Driver/Src/stm32f1xx_hal_gpio.c.obj
 .debug_line    0x000049b8     0x5622 CMakeFiles/FOC_v1.2.elf.dir/Drivers/STM32F1xx_HAL_Driver/Src/stm32f1xx_hal_i2c.c.obj
 .debug_line    0x00009fda      0xc32 CMakeFiles/FOC_v1.2.elf.dir/Drivers/STM32F1xx_HAL_Driver/Src/stm32f1xx_hal_rcc.c.obj
 .debug_line    0x0000ac0c      0x4a7 CMakeFiles/FOC_v1.2.elf.dir/Drivers/STM32F1xx_HAL_Driver/Src/stm32f1xx_hal_rcc_ex.c.obj
 .debug_line    0x0000b0b3     0x498a CMakeFiles/FOC_v1.2.elf.dir/Drivers/STM32F1xx_HAL_Driver/Src/stm32f1xx_hal_tim.c.obj
 .debug_line    0x0000fa3d     0x1c02 CMakeFiles/FOC_v1.2.elf.dir/Drivers/STM32F1xx_HAL_Driver/Src/stm32f1xx_hal_tim_ex.c.obj
 .debug_line    0x0001163f     0x43d5 CMakeFiles/FOC_v1.2.elf.dir/Drivers/STM32F1xx_HAL_Driver/Src/stm32f1xx_hal_uart.c.obj
 .debug_line    0x00015a14      0x26f CMakeFiles/FOC_v1.2.elf.dir/Hardware/AS5600.c.obj
 .debug_line    0x00015c83      0x6ee CMakeFiles/FOC_v1.2.elf.dir/Hardware/foc_ctrl.c.obj
 .debug_line    0x00016371      0x33d CMakeFiles/FOC_v1.2.elf.dir/Hardware/pid.c.obj

.debug_str      0x00000000     0x4e3e
 .debug_str     0x00000000      0x5de CMakeFiles/FOC_v1.2.elf.dir/Core/Src/adc.c.obj
                                0x679 (size before relaxing)
 .debug_str     0x000005de      0x336 CMakeFiles/FOC_v1.2.elf.dir/Core/Src/dma.c.obj
                                0x514 (size before relaxing)
 .debug_str     0x00000914       0x69 CMakeFiles/FOC_v1.2.elf.dir/Core/Src/gpio.c.obj
                                0x2b1 (size before relaxing)
 .debug_str     0x0000097d      0x2e3 CMakeFiles/FOC_v1.2.elf.dir/Core/Src/i2c.c.obj
                                0x768 (size before relaxing)
 .debug_str     0x00000c60      0x87a CMakeFiles/FOC_v1.2.elf.dir/Core/Src/main.c.obj
                                0xd2f (size before relaxing)
 .debug_str     0x000014da       0x75 CMakeFiles/FOC_v1.2.elf.dir/Core/Src/stm32f1xx_hal_msp.c.obj
                                0x253 (size before relaxing)
 .debug_str     0x0000154f      0x121 CMakeFiles/FOC_v1.2.elf.dir/Core/Src/stm32f1xx_it.c.obj
                                0x77d (size before relaxing)
 .debug_str     0x00001670       0x99 CMakeFiles/FOC_v1.2.elf.dir/Core/Src/system_stm32f1xx.c.obj
                                0x288 (size before relaxing)
 .debug_str     0x00001709      0x219 CMakeFiles/FOC_v1.2.elf.dir/Core/Src/tim.c.obj
                                0xca1 (size before relaxing)
 .debug_str     0x00001922       0x6c CMakeFiles/FOC_v1.2.elf.dir/Core/Src/usart.c.obj
                                0x6f4 (size before relaxing)
 .debug_str     0x0000198e       0x51 CMakeFiles/FOC_v1.2.elf.dir/Core/Startup/startup_stm32f103c8tx.s.obj
                                 0x81 (size before relaxing)
 .debug_str     0x000019df      0x31f CMakeFiles/FOC_v1.2.elf.dir/Drivers/STM32F1xx_HAL_Driver/Src/stm32f1xx_hal.c.obj
                                0x858 (size before relaxing)
 .debug_str     0x00001cfe      0x350 CMakeFiles/FOC_v1.2.elf.dir/Drivers/STM32F1xx_HAL_Driver/Src/stm32f1xx_hal_adc.c.obj
                                0x90e (size before relaxing)
 .debug_str     0x0000204e      0x3b9 CMakeFiles/FOC_v1.2.elf.dir/Drivers/STM32F1xx_HAL_Driver/Src/stm32f1xx_hal_cortex.c.obj
                                0x907 (size before relaxing)
 .debug_str     0x00002407      0x20c CMakeFiles/FOC_v1.2.elf.dir/Drivers/STM32F1xx_HAL_Driver/Src/stm32f1xx_hal_dma.c.obj
                                0x631 (size before relaxing)
 .debug_str     0x00002613      0x130 CMakeFiles/FOC_v1.2.elf.dir/Drivers/STM32F1xx_HAL_Driver/Src/stm32f1xx_hal_gpio.c.obj
                                0x434 (size before relaxing)
 .debug_str     0x00002743      0x8de CMakeFiles/FOC_v1.2.elf.dir/Drivers/STM32F1xx_HAL_Driver/Src/stm32f1xx_hal_i2c.c.obj
                                0xff9 (size before relaxing)
 .debug_str     0x00003021      0x1e0 CMakeFiles/FOC_v1.2.elf.dir/Drivers/STM32F1xx_HAL_Driver/Src/stm32f1xx_hal_rcc.c.obj
                                0x65f (size before relaxing)
 .debug_str     0x00003201       0x9f CMakeFiles/FOC_v1.2.elf.dir/Drivers/STM32F1xx_HAL_Driver/Src/stm32f1xx_hal_rcc_ex.c.obj
                                0x407 (size before relaxing)
 .debug_str     0x000032a0      0xda6 CMakeFiles/FOC_v1.2.elf.dir/Drivers/STM32F1xx_HAL_Driver/Src/stm32f1xx_hal_tim.c.obj
                               0x1673 (size before relaxing)
 .debug_str     0x00004046      0x53f CMakeFiles/FOC_v1.2.elf.dir/Drivers/STM32F1xx_HAL_Driver/Src/stm32f1xx_hal_tim_ex.c.obj
                                0xe74 (size before relaxing)
 .debug_str     0x00004585      0x612 CMakeFiles/FOC_v1.2.elf.dir/Drivers/STM32F1xx_HAL_Driver/Src/stm32f1xx_hal_uart.c.obj
                                0xd28 (size before relaxing)
 .debug_str     0x00004b97       0x9d CMakeFiles/FOC_v1.2.elf.dir/Hardware/AS5600.c.obj
                                0x711 (size before relaxing)
 .debug_str     0x00004c34      0x1ca CMakeFiles/FOC_v1.2.elf.dir/Hardware/foc_ctrl.c.obj
                                0x997 (size before relaxing)
 .debug_str     0x00004dfe       0x40 CMakeFiles/FOC_v1.2.elf.dir/Hardware/pid.c.obj
                                0x28e (size before relaxing)

.comment        0x00000000       0x4d
 .comment       0x00000000       0x4d CMakeFiles/FOC_v1.2.elf.dir/Core/Src/adc.c.obj
                                 0x4e (size before relaxing)
 .comment       0x0000004d       0x4e CMakeFiles/FOC_v1.2.elf.dir/Core/Src/dma.c.obj
 .comment       0x0000004d       0x4e CMakeFiles/FOC_v1.2.elf.dir/Core/Src/gpio.c.obj
 .comment       0x0000004d       0x4e CMakeFiles/FOC_v1.2.elf.dir/Core/Src/i2c.c.obj
 .comment       0x0000004d       0x4e CMakeFiles/FOC_v1.2.elf.dir/Core/Src/main.c.obj
 .comment       0x0000004d       0x4e CMakeFiles/FOC_v1.2.elf.dir/Core/Src/stm32f1xx_hal_msp.c.obj
 .comment       0x0000004d       0x4e CMakeFiles/FOC_v1.2.elf.dir/Core/Src/stm32f1xx_it.c.obj
 .comment       0x0000004d       0x4e CMakeFiles/FOC_v1.2.elf.dir/Core/Src/system_stm32f1xx.c.obj
 .comment       0x0000004d       0x4e CMakeFiles/FOC_v1.2.elf.dir/Core/Src/tim.c.obj
 .comment       0x0000004d       0x4e CMakeFiles/FOC_v1.2.elf.dir/Core/Src/usart.c.obj
 .comment       0x0000004d       0x4e CMakeFiles/FOC_v1.2.elf.dir/Drivers/STM32F1xx_HAL_Driver/Src/stm32f1xx_hal.c.obj
 .comment       0x0000004d       0x4e CMakeFiles/FOC_v1.2.elf.dir/Drivers/STM32F1xx_HAL_Driver/Src/stm32f1xx_hal_adc.c.obj
 .comment       0x0000004d       0x4e CMakeFiles/FOC_v1.2.elf.dir/Drivers/STM32F1xx_HAL_Driver/Src/stm32f1xx_hal_cortex.c.obj
 .comment       0x0000004d       0x4e CMakeFiles/FOC_v1.2.elf.dir/Drivers/STM32F1xx_HAL_Driver/Src/stm32f1xx_hal_dma.c.obj
 .comment       0x0000004d       0x4e CMakeFiles/FOC_v1.2.elf.dir/Drivers/STM32F1xx_HAL_Driver/Src/stm32f1xx_hal_gpio.c.obj
 .comment       0x0000004d       0x4e CMakeFiles/FOC_v1.2.elf.dir/Drivers/STM32F1xx_HAL_Driver/Src/stm32f1xx_hal_i2c.c.obj
 .comment       0x0000004d       0x4e CMakeFiles/FOC_v1.2.elf.dir/Drivers/STM32F1xx_HAL_Driver/Src/stm32f1xx_hal_rcc.c.obj
 .comment       0x0000004d       0x4e CMakeFiles/FOC_v1.2.elf.dir/Drivers/STM32F1xx_HAL_Driver/Src/stm32f1xx_hal_rcc_ex.c.obj
 .comment       0x0000004d       0x4e CMakeFiles/FOC_v1.2.elf.dir/Drivers/STM32F1xx_HAL_Driver/Src/stm32f1xx_hal_tim.c.obj
 .comment       0x0000004d       0x4e CMakeFiles/FOC_v1.2.elf.dir/Drivers/STM32F1xx_HAL_Driver/Src/stm32f1xx_hal_tim_ex.c.obj
 .comment       0x0000004d       0x4e CMakeFiles/FOC_v1.2.elf.dir/Drivers/STM32F1xx_HAL_Driver/Src/stm32f1xx_hal_uart.c.obj
 .comment       0x0000004d       0x4e CMakeFiles/FOC_v1.2.elf.dir/Hardware/AS5600.c.obj
 .comment       0x0000004d       0x4e CMakeFiles/FOC_v1.2.elf.dir/Hardware/foc_ctrl.c.obj
 .comment       0x0000004d       0x4e CMakeFiles/FOC_v1.2.elf.dir/Hardware/pid.c.obj

.debug_frame    0x00000000     0x3254
 .debug_frame   0x00000000       0x68 CMakeFiles/FOC_v1.2.elf.dir/Core/Src/adc.c.obj
 .debug_frame   0x00000068       0x2c CMakeFiles/FOC_v1.2.elf.dir/Core/Src/dma.c.obj
 .debug_frame   0x00000094       0x30 CMakeFiles/FOC_v1.2.elf.dir/Core/Src/gpio.c.obj
 .debug_frame   0x000000c4       0x60 CMakeFiles/FOC_v1.2.elf.dir/Core/Src/i2c.c.obj
 .debug_frame   0x00000124       0x78 CMakeFiles/FOC_v1.2.elf.dir/Core/Src/main.c.obj
 .debug_frame   0x0000019c       0x28 CMakeFiles/FOC_v1.2.elf.dir/Core/Src/stm32f1xx_hal_msp.c.obj
 .debug_frame   0x000001c4       0xd8 CMakeFiles/FOC_v1.2.elf.dir/Core/Src/stm32f1xx_it.c.obj
 .debug_frame   0x0000029c       0x30 CMakeFiles/FOC_v1.2.elf.dir/Core/Src/system_stm32f1xx.c.obj
 .debug_frame   0x000002cc       0xa8 CMakeFiles/FOC_v1.2.elf.dir/Core/Src/tim.c.obj
 .debug_frame   0x00000374       0x60 CMakeFiles/FOC_v1.2.elf.dir/Core/Src/usart.c.obj
 .debug_frame   0x000003d4      0x1cc CMakeFiles/FOC_v1.2.elf.dir/Drivers/STM32F1xx_HAL_Driver/Src/stm32f1xx_hal.c.obj
 .debug_frame   0x000005a0      0x2c8 CMakeFiles/FOC_v1.2.elf.dir/Drivers/STM32F1xx_HAL_Driver/Src/stm32f1xx_hal_adc.c.obj
 .debug_frame   0x00000868      0x118 CMakeFiles/FOC_v1.2.elf.dir/Drivers/STM32F1xx_HAL_Driver/Src/stm32f1xx_hal_cortex.c.obj
 .debug_frame   0x00000980      0x144 CMakeFiles/FOC_v1.2.elf.dir/Drivers/STM32F1xx_HAL_Driver/Src/stm32f1xx_hal_dma.c.obj
 .debug_frame   0x00000ac4       0xe4 CMakeFiles/FOC_v1.2.elf.dir/Drivers/STM32F1xx_HAL_Driver/Src/stm32f1xx_hal_gpio.c.obj
 .debug_frame   0x00000ba8      0x984 CMakeFiles/FOC_v1.2.elf.dir/Drivers/STM32F1xx_HAL_Driver/Src/stm32f1xx_hal_i2c.c.obj
 .debug_frame   0x0000152c      0x184 CMakeFiles/FOC_v1.2.elf.dir/Drivers/STM32F1xx_HAL_Driver/Src/stm32f1xx_hal_rcc.c.obj
 .debug_frame   0x000016b0       0x5c CMakeFiles/FOC_v1.2.elf.dir/Drivers/STM32F1xx_HAL_Driver/Src/stm32f1xx_hal_rcc_ex.c.obj
 .debug_frame   0x0000170c      0xb18 CMakeFiles/FOC_v1.2.elf.dir/Drivers/STM32F1xx_HAL_Driver/Src/stm32f1xx_hal_tim.c.obj
 .debug_frame   0x00002224      0x40c CMakeFiles/FOC_v1.2.elf.dir/Drivers/STM32F1xx_HAL_Driver/Src/stm32f1xx_hal_tim_ex.c.obj
 .debug_frame   0x00002630      0x5d8 CMakeFiles/FOC_v1.2.elf.dir/Drivers/STM32F1xx_HAL_Driver/Src/stm32f1xx_hal_uart.c.obj
 .debug_frame   0x00002c08       0x68 CMakeFiles/FOC_v1.2.elf.dir/Hardware/AS5600.c.obj
 .debug_frame   0x00002c70      0x158 CMakeFiles/FOC_v1.2.elf.dir/Hardware/foc_ctrl.c.obj
 .debug_frame   0x00002dc8       0x60 CMakeFiles/FOC_v1.2.elf.dir/Hardware/pid.c.obj
 .debug_frame   0x00002e28       0xac c:/progra~2/gnuarm~1/102020~1/bin/../lib/gcc/arm-none-eabi/10.2.1/thumb/v7-m/nofp\libgcc.a(_arm_addsubdf3.o)
 .debug_frame   0x00002ed4       0x24 c:/progra~2/gnuarm~1/102020~1/bin/../lib/gcc/arm-none-eabi/10.2.1/thumb/v7-m/nofp\libgcc.a(_arm_truncdfsf2.o)
 .debug_frame   0x00002ef8       0x4c c:/progra~2/gnuarm~1/102020~1/bin/../lib/gcc/arm-none-eabi/10.2.1/thumb/v7-m/nofp\libgcc.a(_arm_addsubsf3.o)
 .debug_frame   0x00002f44       0x38 c:/progra~2/gnuarm~1/102020~1/bin/../lib/gcc/arm-none-eabi/10.2.1/thumb/v7-m/nofp\libgcc.a(_arm_muldivsf3.o)
 .debug_frame   0x00002f7c       0xc8 c:/progra~2/gnuarm~1/102020~1/bin/../lib/gcc/arm-none-eabi/10.2.1/thumb/v7-m/nofp\libgcc.a(_arm_cmpsf2.o)
 .debug_frame   0x00003044       0x24 c:/progra~2/gnuarm~1/102020~1/bin/../lib/gcc/arm-none-eabi/10.2.1/thumb/v7-m/nofp\libgcc.a(_arm_fixunssfsi.o)
 .debug_frame   0x00003068       0x2c c:/progra~2/gnuarm~1/102020~1/bin/../lib/gcc/arm-none-eabi/10.2.1/../../../../arm-none-eabi/lib/thumb/v7-m/nofp\libg.a(lib_a-init.o)
 .debug_frame   0x00003094       0x2c c:/progra~2/gnuarm~1/102020~1/bin/../lib/gcc/arm-none-eabi/10.2.1/../../../../arm-none-eabi/lib/thumb/v7-m/nofp\libg.a(lib_a-memset.o)
 .debug_frame   0x000030c0       0x5c c:/progra~2/gnuarm~1/102020~1/bin/../lib/gcc/arm-none-eabi/10.2.1/../../../../arm-none-eabi/lib/thumb/v7-m/nofp\libg.a(lib_a-__call_atexit.o)
 .debug_frame   0x0000311c       0x20 c:/progra~2/gnuarm~1/102020~1/bin/../lib/gcc/arm-none-eabi/10.2.1/../../../../arm-none-eabi/lib/thumb/v7-m/nofp\libg.a(lib_a-atexit.o)
 .debug_frame   0x0000313c       0x34 c:/progra~2/gnuarm~1/102020~1/bin/../lib/gcc/arm-none-eabi/10.2.1/../../../../arm-none-eabi/lib/thumb/v7-m/nofp\libg.a(lib_a-fini.o)
 .debug_frame   0x00003170       0xb0 c:/progra~2/gnuarm~1/102020~1/bin/../lib/gcc/arm-none-eabi/10.2.1/../../../../arm-none-eabi/lib/thumb/v7-m/nofp\libg.a(lib_a-lock.o)
 .debug_frame   0x00003220       0x34 c:/progra~2/gnuarm~1/102020~1/bin/../lib/gcc/arm-none-eabi/10.2.1/../../../../arm-none-eabi/lib/thumb/v7-m/nofp\libg.a(lib_a-__atexit.o)
